Component: ARM Compiler 5.06 update 6 (build 750) Tool: armlink [4d35ed]

==============================================================================

Section Cross References

    startup_stm32f072xb.o(RESET) refers to startup_stm32f072xb.o(STACK) for __initial_sp
    startup_stm32f072xb.o(RESET) refers to startup_stm32f072xb.o(.text) for Reset_Handler
    startup_stm32f072xb.o(RESET) refers to stm32f0xx_it.o(i.NMI_Handler) for NMI_Handler
    startup_stm32f072xb.o(RESET) refers to stm32f0xx_it.o(i.HardFault_Handler) for HardFault_Handler
    startup_stm32f072xb.o(RESET) refers to stm32f0xx_it.o(i.SVC_Handler) for SVC_Handler
    startup_stm32f072xb.o(RESET) refers to stm32f0xx_it.o(i.PendSV_Handler) for PendSV_Handler
    startup_stm32f072xb.o(RESET) refers to stm32f0xx_it.o(i.SysTick_Handler) for SysTick_Handler
    startup_stm32f072xb.o(RESET) refers to stm32f0xx_it.o(i.EXTI0_1_IRQHandler) for EXTI0_1_IRQHandler
    startup_stm32f072xb.o(RESET) refers to stm32f0xx_it.o(i.USB_IRQHandler) for USB_IRQHandler
    startup_stm32f072xb.o(.text) refers to system_stm32f0xx.o(i.SystemInit) for SystemInit
    startup_stm32f072xb.o(.text) refers to entry.o(.ARM.Collect$$$$00000000) for __main
    thorvald_msg.o(i._command_byte) refers to main.o(i.Error_Handler) for Error_Handler
    thorvald_msg.o(i._process_inbox) refers to memcpya.o(.text) for __aeabi_memcpy4
    thorvald_msg.o(i._process_inbox) refers to thorvald_msg.o(i._command_byte) for _command_byte
    thorvald_msg.o(i._process_inbox) refers to thorvald_msg.o(i.__ARM_common_switch8) for __ARM_common_switch8
    thorvald_msg.o(i._process_inbox) refers to thorvald_msg.o(i._parse_can_pkt) for _parse_can_pkt
    thorvald_msg.o(i._process_inbox) refers to stm32f0xx_hal_crc.o(i.HAL_CRC_Calculate) for HAL_CRC_Calculate
    thorvald_msg.o(i._process_inbox) refers to printfb.o(i.__0printf$bare) for __2printf
    thorvald_msg.o(i._process_inbox) refers to main.o(i.Error_Handler) for Error_Handler
    thorvald_msg.o(i._process_inbox) refers to idiv.o(.text) for __aeabi_idivmod
    thorvald_msg.o(i._process_inbox) refers to thorvald_msg.o(.data) for processingInbox
    thorvald_msg.o(i._process_inbox) refers to thorvald_msg.o(.bss) for msgInbox
    thorvald_msg.o(i._process_inbox) refers to main.o(.bss) for hcrc
    thorvald_msg.o(i.thorvald_msg_add_to_inbox) refers to memcpya.o(.text) for __aeabi_memcpy
    thorvald_msg.o(i.thorvald_msg_add_to_inbox) refers to idiv.o(.text) for __aeabi_idivmod
    thorvald_msg.o(i.thorvald_msg_add_to_inbox) refers to thorvald_msg.o(i._process_inbox) for _process_inbox
    thorvald_msg.o(i.thorvald_msg_add_to_inbox) refers to thorvald_msg.o(.data) for writeIdx
    thorvald_msg.o(i.thorvald_msg_add_to_inbox) refers to thorvald_msg.o(.bss) for msgInbox
    main.o(i.HAL_GPIO_EXTI_Callback) refers to stm32f0xx_hal_gpio.o(i.HAL_GPIO_TogglePin) for HAL_GPIO_TogglePin
    main.o(i.HAL_GPIO_EXTI_Callback) refers to strlen.o(.text) for strlen
    main.o(i.HAL_GPIO_EXTI_Callback) refers to usbd_cdc_if.o(i.CDC_Transmit_FS) for CDC_Transmit_FS
    main.o(i.HAL_GPIO_EXTI_Callback) refers to main.o(.constdata) for .constdata
    main.o(i.MX_CAN_Init) refers to stm32f0xx_hal_can.o(i.HAL_CAN_Init) for HAL_CAN_Init
    main.o(i.MX_CAN_Init) refers to main.o(i.Error_Handler) for Error_Handler
    main.o(i.MX_CAN_Init) refers to main.o(.bss) for hcan
    main.o(i.MX_CRC_Init) refers to stm32f0xx_hal_crc.o(i.HAL_CRC_Init) for HAL_CRC_Init
    main.o(i.MX_CRC_Init) refers to main.o(i.Error_Handler) for Error_Handler
    main.o(i.MX_CRC_Init) refers to stm32f0xx_hal_crc_ex.o(i.HAL_CRCEx_Polynomial_Set) for HAL_CRCEx_Polynomial_Set
    main.o(i.MX_CRC_Init) refers to main.o(.bss) for hcrc
    main.o(i.MX_GPIO_Init) refers to memseta.o(.text) for __aeabi_memclr4
    main.o(i.MX_GPIO_Init) refers to stm32f0xx_hal_gpio.o(i.HAL_GPIO_WritePin) for HAL_GPIO_WritePin
    main.o(i.MX_GPIO_Init) refers to stm32f0xx_hal_gpio.o(i.HAL_GPIO_Init) for HAL_GPIO_Init
    main.o(i.MX_GPIO_Init) refers to stm32f0xx_hal_cortex.o(i.HAL_NVIC_SetPriority) for HAL_NVIC_SetPriority
    main.o(i.MX_GPIO_Init) refers to stm32f0xx_hal_cortex.o(i.HAL_NVIC_EnableIRQ) for HAL_NVIC_EnableIRQ
    main.o(i.SystemClock_Config) refers to memseta.o(.text) for __aeabi_memclr4
    main.o(i.SystemClock_Config) refers to stm32f0xx_hal_rcc.o(i.HAL_RCC_OscConfig) for HAL_RCC_OscConfig
    main.o(i.SystemClock_Config) refers to main.o(i.Error_Handler) for Error_Handler
    main.o(i.SystemClock_Config) refers to stm32f0xx_hal_rcc.o(i.HAL_RCC_ClockConfig) for HAL_RCC_ClockConfig
    main.o(i.SystemClock_Config) refers to stm32f0xx_hal_rcc_ex.o(i.HAL_RCCEx_PeriphCLKConfig) for HAL_RCCEx_PeriphCLKConfig
    main.o(i.main) refers to stm32f0xx_hal.o(i.HAL_Init) for HAL_Init
    main.o(i.main) refers to main.o(i.SystemClock_Config) for SystemClock_Config
    main.o(i.main) refers to main.o(i.MX_GPIO_Init) for MX_GPIO_Init
[...]
    ../clib/microlib/stdio/streams.c         0x00000000   Number         0  stderr.o ABSOLUTE
    ../clib/microlib/stdio/streams.c         0x00000000   Number         0  stdout.o ABSOLUTE
    ../clib/microlib/string/memcpy.c         0x00000000   Number         0  memcpya.o ABSOLUTE
    ../clib/microlib/string/memcpy.c         0x00000000   Number         0  memcpyb.o ABSOLUTE
    ../clib/microlib/string/memset.c         0x00000000   Number         0  memseta.o ABSOLUTE
    ../clib/microlib/string/strlen.c         0x00000000   Number         0  strlen.o ABSOLUTE
    ../clib/microlib/stubs.s                 0x00000000   Number         0  iusefp.o ABSOLUTE
    ../fplib/microlib/fpadd.c                0x00000000   Number         0  dadd.o ABSOLUTE
    ../fplib/microlib/fpdiv.c                0x00000000   Number         0  ddiv.o ABSOLUTE
    ../fplib/microlib/fpepilogue.c           0x00000000   Number         0  depilogue.o ABSOLUTE
    ../fplib/microlib/fpfix.c                0x00000000   Number         0  dfixul.o ABSOLUTE
    ../fplib/microlib/fpmul.c                0x00000000   Number         0  dmul.o ABSOLUTE
    ..\Core\Src\main.c                       0x00000000   Number         0  main.o ABSOLUTE
    ..\Core\Src\stm32f0xx_hal_msp.c          0x00000000   Number         0  stm32f0xx_hal_msp.o ABSOLUTE
    ..\Core\Src\stm32f0xx_it.c               0x00000000   Number         0  stm32f0xx_it.o ABSOLUTE
    ..\Core\Src\system_stm32f0xx.c           0x00000000   Number         0  system_stm32f0xx.o ABSOLUTE
    ..\Core\Src\thorvald_msg.c               0x00000000   Number         0  thorvald_msg.o ABSOLUTE
    ..\Drivers\STM32F0xx_HAL_Driver\Src\stm32f0xx_hal.c 0x00000000   Number         0  stm32f0xx_hal.o ABSOLUTE
    ..\Drivers\STM32F0xx_HAL_Driver\Src\stm32f0xx_hal_can.c 0x00000000   Number         0  stm32f0xx_hal_can.o ABSOLUTE
    ..\Drivers\STM32F0xx_HAL_Driver\Src\stm32f0xx_hal_cortex.c 0x00000000   Number         0  stm32f0xx_hal_cortex.o ABSOLUTE
    ..\Drivers\STM32F0xx_HAL_Driver\Src\stm32f0xx_hal_crc.c 0x00000000   Number         0  stm32f0xx_hal_crc.o ABSOLUTE
    ..\Drivers\STM32F0xx_HAL_Driver\Src\stm32f0xx_hal_crc_ex.c 0x00000000   Number         0  stm32f0xx_hal_crc_ex.o ABSOLUTE
    ..\Drivers\STM32F0xx_HAL_Driver\Src\stm32f0xx_hal_dma.c 0x00000000   Number         0  stm32f0xx_hal_dma.o ABSOLUTE
    ..\Drivers\STM32F0xx_HAL_Driver\Src\stm32f0xx_hal_exti.c 0x00000000   Number         0  stm32f0xx_hal_exti.o ABSOLUTE
    ..\Drivers\STM32F0xx_HAL_Driver\Src\stm32f0xx_hal_flash.c 0x00000000   Number         0  stm32f0xx_hal_flash.o ABSOLUTE
    ..\Drivers\STM32F0xx_HAL_Driver\Src\stm32f0xx_hal_flash_ex.c 0x00000000   Number         0  stm32f0xx_hal_flash_ex.o ABSOLUTE
    ..\Drivers\STM32F0xx_HAL_Driver\Src\stm32f0xx_hal_gpio.c 0x00000000   Number         0  stm32f0xx_hal_gpio.o ABSOLUTE
    ..\Drivers\STM32F0xx_HAL_Driver\Src\stm32f0xx_hal_i2c.c 0x00000000   Number         0  stm32f0xx_hal_i2c.o ABSOLUTE
    ..\Drivers\STM32F0xx_HAL_Driver\Src\stm32f0xx_hal_i2c_ex.c 0x00000000   Number         0  stm32f0xx_hal_i2c_ex.o ABSOLUTE
    ..\Drivers\STM32F0xx_HAL_Driver\Src\stm32f0xx_hal_pcd.c 0x00000000   Number         0  stm32f0xx_hal_pcd.o ABSOLUTE
    ..\Drivers\STM32F0xx_HAL_Driver\Src\stm32f0xx_hal_pcd_ex.c 0x00000000   Number         0  stm32f0xx_hal_pcd_ex.o ABSOLUTE
    ..\Drivers\STM32F0xx_HAL_Driver\Src\stm32f0xx_hal_pwr.c 0x00000000   Number         0  stm32f0xx_hal_pwr.o ABSOLUTE
    ..\Drivers\STM32F0xx_HAL_Driver\Src\stm32f0xx_hal_pwr_ex.c 0x00000000   Number         0  stm32f0xx_hal_pwr_ex.o ABSOLUTE
    ..\Drivers\STM32F0xx_HAL_Driver\Src\stm32f0xx_hal_rcc.c 0x00000000   Number         0  stm32f0xx_hal_rcc.o ABSOLUTE
    ..\Drivers\STM32F0xx_HAL_Driver\Src\stm32f0xx_hal_rcc_ex.c 0x00000000   Number         0  stm32f0xx_hal_rcc_ex.o ABSOLUTE
    ..\Drivers\STM32F0xx_HAL_Driver\Src\stm32f0xx_hal_tim.c 0x00000000   Number         0  stm32f0xx_hal_tim.o ABSOLUTE
    ..\Drivers\STM32F0xx_HAL_Driver\Src\stm32f0xx_hal_tim_ex.c 0x00000000   Number         0  stm32f0xx_hal_tim_ex.o ABSOLUTE
    ..\Drivers\STM32F0xx_HAL_Driver\Src\stm32f0xx_ll_usb.c 0x00000000   Number         0  stm32f0xx_ll_usb.o ABSOLUTE
    ..\Middlewares\ST\STM32_USB_Device_Library\Class\CDC\Src\usbd_cdc.c 0x00000000   Number         0  usbd_cdc.o ABSOLUTE
    ..\Middlewares\ST\STM32_USB_Device_Library\Core\Src\usbd_core.c 0x00000000   Number         0  usbd_core.o ABSOLUTE
    ..\Middlewares\ST\STM32_USB_Device_Library\Core\Src\usbd_ctlreq.c 0x00000000   Number         0  usbd_ctlreq.o ABSOLUTE
    ..\Middlewares\ST\STM32_USB_Device_Library\Core\Src\usbd_ioreq.c 0x00000000   Number         0  usbd_ioreq.o ABSOLUTE
    ..\USB_DEVICE\App\usb_device.c           0x00000000   Number         0  usb_device.o ABSOLUTE
    ..\USB_DEVICE\App\usbd_cdc_if.c          0x00000000   Number         0  usbd_cdc_if.o ABSOLUTE
    ..\USB_DEVICE\App\usbd_desc.c            0x00000000   Number         0  usbd_desc.o ABSOLUTE
    ..\USB_DEVICE\Target\usbd_conf.c         0x00000000   Number         0  usbd_conf.o ABSOLUTE
    ..\\Core\\Src\\thorvald_msg.c            0x00000000   Number         0  thorvald_msg.o ABSOLUTE
    C:\Keil_v5\ARM\PACK\Keil\ARM_Compiler\1.6.3\Source\EventRecorder.c 0x00000000   Number         0  eventrecorder.o ABSOLUTE
    C:\Keil_v5\ARM\PACK\Keil\ARM_Compiler\1.6.3\Source\retarget_io.c 0x00000000   Number         0  retarget_io.o ABSOLUTE
    C:\\Keil_v5\\ARM\\PACK\\Keil\\ARM_Compiler\\1.6.3\\Source\\EventRecorder.c 0x00000000   Number         0  eventrecorder.o ABSOLUTE
    cdrcmple.s                               0x00000000   Number         0  cdrcmple.o ABSOLUTE
    dc.s                                     0x00000000   Number         0  dc.o ABSOLUTE
    handlers.s                               0x00000000   Number         0  handlers.o ABSOLUTE
    init.s                                   0x00000000   Number         0  init.o ABSOLUTE
    startup_stm32f072xb.s                    0x00000000   Number         0  startup_stm32f072xb.o ABSOLUTE
    RESET                                    0x08000000   Section      192  startup_stm32f072xb.o(RESET)
    .ARM.Collect$$$$00000000                 0x080000c0   Section        0  entry.o(.ARM.Collect$$$$00000000)
    .ARM.Collect$$$$00000001                 0x080000c0   Section        4  entry2.o(.ARM.Collect$$$$00000001)
    .ARM.Collect$$$$00000004                 0x080000c4   Section        4  entry5.o(.ARM.Collect$$$$00000004)
    .ARM.Collect$$$$00000008                 0x080000c8   Section        0  entry7b.o(.ARM.Collect$$$$00000008)
    .ARM.Collect$$$$0000000A                 0x080000c8   Section        0  entry8b.o(.ARM.Collect$$$$0000000A)
    .ARM.Collect$$$$0000000B                 0x080000c8   Section        8  entry9a.o(.ARM.Collect$$$$0000000B)
    .ARM.Collect$$$$0000000D                 0x080000d0   Section        0  entry10a.o(.ARM.Collect$$$$0000000D)
    .ARM.Collect$$$$0000000F                 0x080000d0   Section        0  entry11a.o(.ARM.Collect$$$$0000000F)
    .ARM.Collect$$$$00002712                 0x080000d0   Section        4  entry2.o(.ARM.Collect$$$$00002712)
    __lit__00000000                          0x080000d0   Data           4  entry2.o(.ARM.Collect$$$$00002712)
    .text                                    0x080000d4   Section       28  startup_stm32f072xb.o(.text)
    .text                                    0x080000f0   Section        0  uidiv.o(.text)
    .text                                    0x0800011c   Section        0  idiv.o(.text)
    .text                                    0x08000144   Section        0  uldiv.o(.text)
    .text                                    0x080001a4   Section        0  llushr.o(.text)
    .text                                    0x080001c6   Section        0  memcpya.o(.text)
    .text                                    0x080001ea   Section        0  memseta.o(.text)
    .text                                    0x0800020e   Section        0  strlen.o(.text)
    .text                                    0x0800021c   Section        0  llshl.o(.text)
    .text                                    0x0800023c   Section       36  init.o(.text)
    .text                                    0x08000260   Section        0  __dczerorl2.o(.text)
    i.CDC_Control_FS                         0x080002b8   Section        0  usbd_cdc_if.o(i.CDC_Control_FS)
    CDC_Control_FS                           0x080002b9   Thumb Code   160  usbd_cdc_if.o(i.CDC_Control_FS)
    i.CDC_DeInit_FS                          0x0800035c   Section        0  usbd_cdc_if.o(i.CDC_DeInit_FS)
    CDC_DeInit_FS                            0x0800035d   Thumb Code     4  usbd_cdc_if.o(i.CDC_DeInit_FS)
    i.CDC_Init_FS                            0x08000360   Section        0  usbd_cdc_if.o(i.CDC_Init_FS)
    CDC_Init_FS                              0x08000361   Thumb Code    24  usbd_cdc_if.o(i.CDC_Init_FS)
    i.CDC_Receive_FS                         0x08000384   Section        0  usbd_cdc_if.o(i.CDC_Receive_FS)
    CDC_Receive_FS                           0x08000385   Thumb Code    24  usbd_cdc_if.o(i.CDC_Receive_FS)
    i.CDC_Transmit_FS                        0x080003a0   Section        0  usbd_cdc_if.o(i.CDC_Transmit_FS)
    i.CRC_Handle_16                          0x080003d8   Section        0  stm32f0xx_hal_crc.o(i.CRC_Handle_16)
    CRC_Handle_16                            0x080003d9   Thumb Code    60  stm32f0xx_hal_crc.o(i.CRC_Handle_16)
    i.CRC_Handle_8                           0x08000414   Section        0  stm32f0xx_hal_crc.o(i.CRC_Handle_8)
    CRC_Handle_8                             0x08000415   Thumb Code   150  stm32f0xx_hal_crc.o(i.CRC_Handle_8)
    i.EXTI0_1_IRQHandler                     0x080004aa   Section        0  stm32f0xx_it.o(i.EXTI0_1_IRQHandler)
    i.Error_Handler                          0x080004b4   Section        0  main.o(i.Error_Handler)
    i.EventCheckFilter                       0x080004b8   Section        0  eventrecorder.o(i.EventCheckFilter)
    EventCheckFilter                         0x080004b9   Thumb Code    34  eventrecorder.o(i.EventCheckFilter)
    i.EventGetTS                             0x080004e4   Section        0  eventrecorder.o(i.EventGetTS)
    EventGetTS                               0x080004e5   Thumb Code    90  eventrecorder.o(i.EventGetTS)
    i.EventRecordData                        0x08000544   Section        0  eventrecorder.o(i.EventRecordData)
    i.EventRecordItem                        0x0800067c   Section        0  eventrecorder.o(i.EventRecordItem)
    EventRecordItem                          0x0800067d   Thumb Code   298  eventrecorder.o(i.EventRecordItem)
    i.EventRecorderEnable                    0x080007b0   Section        0  eventrecorder.o(i.EventRecorderEnable)
    i.EventRecorderInitialize                0x08000808   Section        0  eventrecorder.o(i.EventRecorderInitialize)
    i.EventRecorderStart                     0x08000930   Section        0  eventrecorder.o(i.EventRecorderStart)
    i.EventRecorderTimerGetCount             0x08000964   Section        0  eventrecorder.o(i.EventRecorderTimerGetCount)
    i.EventRecorderTimerSetup                0x08000978   Section        0  eventrecorder.o(i.EventRecorderTimerSetup)
    i.GetContext                             0x08000988   Section        0  eventrecorder.o(i.GetContext)
    GetContext                               0x08000989   Thumb Code    28  eventrecorder.o(i.GetContext)
    i.Get_SerialNum                          0x080009a8   Section        0  usbd_desc.o(i.Get_SerialNum)
    Get_SerialNum                            0x080009a9   Thumb Code    40  usbd_desc.o(i.Get_SerialNum)
    i.HAL_CAN_Init                           0x080009d8   Section        0  stm32f0xx_hal_can.o(i.HAL_CAN_Init)
    i.HAL_CAN_MspInit                        0x08000b54   Section        0  stm32f0xx_hal_msp.o(i.HAL_CAN_MspInit)
    i.HAL_CRCEx_Polynomial_Set               0x08000bd8   Section        0  stm32f0xx_hal_crc_ex.o(i.HAL_CRCEx_Polynomial_Set)
    i.HAL_CRC_Calculate                      0x08000c42   Section        0  stm32f0xx_hal_crc.o(i.HAL_CRC_Calculate)
    i.HAL_CRC_Init                           0x08000cb0   Section        0  stm32f0xx_hal_crc.o(i.HAL_CRC_Init)
    i.HAL_CRC_MspInit                        0x08000d3c   Section        0  stm32f0xx_hal_msp.o(i.HAL_CRC_MspInit)
    i.HAL_Delay                              0x08000d6c   Section        0  stm32f0xx_hal.o(i.HAL_Delay)
    i.HAL_GPIO_EXTI_Callback                 0x08000d98   Section        0  main.o(i.HAL_GPIO_EXTI_Callback)
    i.HAL_GPIO_EXTI_IRQHandler               0x08000dcc   Section        0  stm32f0xx_hal_gpio.o(i.HAL_GPIO_EXTI_IRQHandler)
    i.HAL_GPIO_Init                          0x08000dec   Section        0  stm32f0xx_hal_gpio.o(i.HAL_GPIO_Init)
    i.HAL_GPIO_TogglePin                     0x08000fe4   Section        0  stm32f0xx_hal_gpio.o(i.HAL_GPIO_TogglePin)
    i.HAL_GPIO_WritePin                      0x08000ff6   Section        0  stm32f0xx_hal_gpio.o(i.HAL_GPIO_WritePin)
    i.HAL_GetTick                            0x08001004   Section        0  stm32f0xx_hal.o(i.HAL_GetTick)
    i.HAL_IncTick                            0x08001010   Section        0  stm32f0xx_hal.o(i.HAL_IncTick)
    i.HAL_Init                               0x08001028   Section        0  stm32f0xx_hal.o(i.HAL_Init)
    i.HAL_InitTick                           0x08001048   Section        0  stm32f0xx_hal.o(i.HAL_InitTick)
    i.HAL_MspInit                            0x0800109c   Section        0  stm32f0xx_hal_msp.o(i.HAL_MspInit)
    i.HAL_NVIC_EnableIRQ                     0x080010dc   Section        0  stm32f0xx_hal_cortex.o(i.HAL_NVIC_EnableIRQ)
    i.HAL_NVIC_SetPriority                   0x080010f8   Section        0  stm32f0xx_hal_cortex.o(i.HAL_NVIC_SetPriority)
    i.HAL_PCDEx_ActivateLPM                  0x0800110a   Section        0  stm32f0xx_hal_pcd_ex.o(i.HAL_PCDEx_ActivateLPM)
    i.HAL_PCDEx_LPM_Callback                 0x0800113c   Section        0  stm32f0xx_hal_pcd_ex.o(i.HAL_PCDEx_LPM_Callback)
    i.HAL_PCDEx_PMAConfig                    0x0800113e   Section        0  stm32f0xx_hal_pcd_ex.o(i.HAL_PCDEx_PMAConfig)
    i.HAL_PCD_DataInStageCallback            0x0800117c   Section        0  usbd_conf.o(i.HAL_PCD_DataInStageCallback)
    i.HAL_PCD_DataOutStageCallback           0x0800119a   Section        0  usbd_conf.o(i.HAL_PCD_DataOutStageCallback)
    i.HAL_PCD_EP_Close                       0x080011ba   Section        0  stm32f0xx_hal_pcd.o(i.HAL_PCD_EP_Close)
    i.HAL_PCD_EP_ClrStall                    0x08001226   Section        0  stm32f0xx_hal_pcd.o(i.HAL_PCD_EP_ClrStall)
    i.HAL_PCD_EP_GetRxCount                  0x080012a4   Section        0  stm32f0xx_hal_pcd.o(i.HAL_PCD_EP_GetRxCount)
    i.HAL_PCD_EP_Open                        0x080012b6   Section        0  stm32f0xx_hal_pcd.o(i.HAL_PCD_EP_Open)
    i.HAL_PCD_EP_Receive                     0x08001344   Section        0  stm32f0xx_hal_pcd.o(i.HAL_PCD_EP_Receive)
    i.HAL_PCD_EP_SetStall                    0x0800138c   Section        0  stm32f0xx_hal_pcd.o(i.HAL_PCD_EP_SetStall)
    i.HAL_PCD_EP_Transmit                    0x0800141c   Section        0  stm32f0xx_hal_pcd.o(i.HAL_PCD_EP_Transmit)
    i.HAL_PCD_IRQHandler                     0x08001464   Section        0  stm32f0xx_hal_pcd.o(i.HAL_PCD_IRQHandler)
    i.HAL_PCD_Init                           0x08001664   Section        0  stm32f0xx_hal_pcd.o(i.HAL_PCD_Init)
    i.HAL_PCD_MspInit                        0x08001778   Section        0  usbd_conf.o(i.HAL_PCD_MspInit)
    i.HAL_PCD_ResetCallback                  0x080017c0   Section        0  usbd_conf.o(i.HAL_PCD_ResetCallback)
    i.HAL_PCD_ResumeCallback                 0x080017e8   Section        0  usbd_conf.o(i.HAL_PCD_ResumeCallback)
    i.HAL_PCD_SOFCallback                    0x08001814   Section        0  usbd_conf.o(i.HAL_PCD_SOFCallback)
    i.HAL_PCD_SetAddress                     0x08001824   Section        0  stm32f0xx_hal_pcd.o(i.HAL_PCD_SetAddress)
    i.HAL_PCD_SetupStageCallback             0x08001866   Section        0  usbd_conf.o(i.HAL_PCD_SetupStageCallback)
    i.HAL_PCD_Start                          0x0800187c   Section        0  stm32f0xx_hal_pcd.o(i.HAL_PCD_Start)
    i.HAL_PCD_SuspendCallback                0x080018bc   Section        0  usbd_conf.o(i.HAL_PCD_SuspendCallback)
    i.HAL_RCCEx_PeriphCLKConfig              0x080018e4   Section        0  stm32f0xx_hal_rcc_ex.o(i.HAL_RCCEx_PeriphCLKConfig)
    i.HAL_RCC_ClockConfig                    0x08001a88   Section        0  stm32f0xx_hal_rcc.o(i.HAL_RCC_ClockConfig)
    i.HAL_RCC_GetSysClockFreq                0x08001c0c   Section        0  stm32f0xx_hal_rcc.o(i.HAL_RCC_GetSysClockFreq)
    i.HAL_RCC_OscConfig                      0x08001d14   Section        0  stm32f0xx_hal_rcc.o(i.HAL_RCC_OscConfig)
    i.HAL_SYSTICK_Config                     0x08002350   Section        0  stm32f0xx_hal_cortex.o(i.HAL_SYSTICK_Config)
    i.HardFault_Handler                      0x08002388   Section        0  stm32f0xx_it.o(i.HardFault_Handler)
    i.IntToUnicode                           0x0800238c   Section        0  usbd_desc.o(i.IntToUnicode)
    IntToUnicode                             0x0800238d   Thumb Code    54  usbd_desc.o(i.IntToUnicode)
    i.MX_CAN_Init                            0x080023c4   Section        0  main.o(i.MX_CAN_Init)
    MX_CAN_Init                              0x080023c5   Thumb Code    50  main.o(i.MX_CAN_Init)
    i.MX_CRC_Init                            0x08002400   Section        0  main.o(i.MX_CRC_Init)
    MX_CRC_Init                              0x08002401   Thumb Code    74  main.o(i.MX_CRC_Init)
    i.MX_GPIO_Init                           0x0800245c   Section        0  main.o(i.MX_GPIO_Init)
    MX_GPIO_Init                             0x0800245d   Thumb Code   312  main.o(i.MX_GPIO_Init)
    i.MX_USB_DEVICE_Init                     0x080025ac   Section        0  usb_device.o(i.MX_USB_DEVICE_Init)
    i.NMI_Handler                            0x08002600   Section        0  stm32f0xx_it.o(i.NMI_Handler)
    i.PCD_EP_ISR_Handler                     0x08002604   Section        0  stm32f0xx_hal_pcd.o(i.PCD_EP_ISR_Handler)
    PCD_EP_ISR_Handler                       0x08002605   Thumb Code   966  stm32f0xx_hal_pcd.o(i.PCD_EP_ISR_Handler)
    i.PendSV_Handler                         0x080029dc   Section        0  stm32f0xx_it.o(i.PendSV_Handler)
    i.SVC_Handler                            0x080029de   Section        0  stm32f0xx_it.o(i.SVC_Handler)
    i.SysTick_Handler                        0x080029e0   Section        0  stm32f0xx_it.o(i.SysTick_Handler)
    i.SystemClockConfig_Resume               0x080029e8   Section        0  usbd_conf.o(i.SystemClockConfig_Resume)
    SystemClockConfig_Resume                 0x080029e9   Thumb Code     8  usbd_conf.o(i.SystemClockConfig_Resume)
    i.SystemClock_Config                     0x080029f0   Section        0  main.o(i.SystemClock_Config)
    i.SystemInit                             0x08002a74   Section        0  system_stm32f0xx.o(i.SystemInit)
    i.USBD_CDC_DataIn                        0x08002a76   Section        0  usbd_cdc.o(i.USBD_CDC_DataIn)
    USBD_CDC_DataIn                          0x08002a77   Thumb Code   122  usbd_cdc.o(i.USBD_CDC_DataIn)
    i.USBD_CDC_DataOut                       0x08002af0   Section        0  usbd_cdc.o(i.USBD_CDC_DataOut)
    USBD_CDC_DataOut                         0x08002af1   Thumb Code    72  usbd_cdc.o(i.USBD_CDC_DataOut)
    i.USBD_CDC_DeInit                        0x08002b38   Section        0  usbd_cdc.o(i.USBD_CDC_DeInit)
    USBD_CDC_DeInit                          0x08002b39   Thumb Code    98  usbd_cdc.o(i.USBD_CDC_DeInit)
    i.USBD_CDC_EP0_RxReady                   0x08002b9c   Section        0  usbd_cdc.o(i.USBD_CDC_EP0_RxReady)
    USBD_CDC_EP0_RxReady                     0x08002b9d   Thumb Code    68  usbd_cdc.o(i.USBD_CDC_EP0_RxReady)
    i.USBD_CDC_GetDeviceQualifierDescriptor  0x08002be4   Section        0  usbd_cdc.o(i.USBD_CDC_GetDeviceQualifierDescriptor)
    i.USBD_CDC_GetFSCfgDesc                  0x08002bf4   Section        0  usbd_cdc.o(i.USBD_CDC_GetFSCfgDesc)
    USBD_CDC_GetFSCfgDesc                    0x08002bf5   Thumb Code    10  usbd_cdc.o(i.USBD_CDC_GetFSCfgDesc)
    i.USBD_CDC_GetHSCfgDesc                  0x08002c04   Section        0  usbd_cdc.o(i.USBD_CDC_GetHSCfgDesc)
    USBD_CDC_GetHSCfgDesc                    0x08002c05   Thumb Code    10  usbd_cdc.o(i.USBD_CDC_GetHSCfgDesc)
    i.USBD_CDC_GetOtherSpeedCfgDesc          0x08002c14   Section        0  usbd_cdc.o(i.USBD_CDC_GetOtherSpeedCfgDesc)
    USBD_CDC_GetOtherSpeedCfgDesc            0x08002c15   Thumb Code    10  usbd_cdc.o(i.USBD_CDC_GetOtherSpeedCfgDesc)
    i.USBD_CDC_Init                          0x08002c24   Section        0  usbd_cdc.o(i.USBD_CDC_Init)
    USBD_CDC_Init                            0x08002c25   Thumb Code   210  usbd_cdc.o(i.USBD_CDC_Init)
    i.USBD_CDC_ReceivePacket                 0x08002cf6   Section        0  usbd_cdc.o(i.USBD_CDC_ReceivePacket)
    i.USBD_CDC_RegisterInterface             0x08002d3e   Section        0  usbd_cdc.o(i.USBD_CDC_RegisterInterface)
    i.USBD_CDC_SetRxBuffer                   0x08002d52   Section        0  usbd_cdc.o(i.USBD_CDC_SetRxBuffer)
    i.USBD_CDC_SetTxBuffer                   0x08002d66   Section        0  usbd_cdc.o(i.USBD_CDC_SetTxBuffer)
    i.USBD_CDC_Setup                         0x08002d82   Section        0  usbd_cdc.o(i.USBD_CDC_Setup)
    USBD_CDC_Setup                           0x08002d83   Thumb Code   274  usbd_cdc.o(i.USBD_CDC_Setup)
    i.USBD_CDC_TransmitPacket                0x08002e94   Section        0  usbd_cdc.o(i.USBD_CDC_TransmitPacket)
    i.USBD_ClrClassConfig                    0x08002ee2   Section        0  usbd_core.o(i.USBD_ClrClassConfig)
    i.USBD_ClrFeature                        0x08002efc   Section        0  usbd_ctlreq.o(i.USBD_ClrFeature)
    USBD_ClrFeature                          0x08002efd   Thumb Code    70  usbd_ctlreq.o(i.USBD_ClrFeature)
    i.USBD_CtlContinueRx                     0x08002f42   Section        0  usbd_ioreq.o(i.USBD_CtlContinueRx)
    i.USBD_CtlContinueSendData               0x08002f5a   Section        0  usbd_ioreq.o(i.USBD_CtlContinueSendData)
    i.USBD_CtlError                          0x08002f72   Section        0  usbd_ctlreq.o(i.USBD_CtlError)
    i.USBD_CtlPrepareRx                      0x08002f8a   Section        0  usbd_ioreq.o(i.USBD_CtlPrepareRx)
    i.USBD_CtlReceiveStatus                  0x08002fb6   Section        0  usbd_ioreq.o(i.USBD_CtlReceiveStatus)
    i.USBD_CtlSendData                       0x08002fd2   Section        0  usbd_ioreq.o(i.USBD_CtlSendData)
    i.USBD_CtlSendStatus                     0x08002ff8   Section        0  usbd_ioreq.o(i.USBD_CtlSendStatus)
    i.USBD_FS_ConfigStrDescriptor            0x08003018   Section        0  usbd_desc.o(i.USBD_FS_ConfigStrDescriptor)
    i.USBD_FS_DeviceDescriptor               0x0800304c   Section        0  usbd_desc.o(i.USBD_FS_DeviceDescriptor)
    i.USBD_FS_InterfaceStrDescriptor         0x0800305c   Section        0  usbd_desc.o(i.USBD_FS_InterfaceStrDescriptor)
    i.USBD_FS_LangIDStrDescriptor            0x08003094   Section        0  usbd_desc.o(i.USBD_FS_LangIDStrDescriptor)
    i.USBD_FS_ManufacturerStrDescriptor      0x080030a4   Section        0  usbd_desc.o(i.USBD_FS_ManufacturerStrDescriptor)
    i.USBD_FS_ProductStrDescriptor           0x080030cc   Section        0  usbd_desc.o(i.USBD_FS_ProductStrDescriptor)
    i.USBD_FS_SerialStrDescriptor            0x08003110   Section        0  usbd_desc.o(i.USBD_FS_SerialStrDescriptor)
    i.USBD_GetConfig                         0x08003128   Section        0  usbd_ctlreq.o(i.USBD_GetConfig)
    USBD_GetConfig                           0x08003129   Thumb Code    90  usbd_ctlreq.o(i.USBD_GetConfig)
    i.USBD_GetDescriptor                     0x08003182   Section        0  usbd_ctlreq.o(i.USBD_GetDescriptor)
    USBD_GetDescriptor                       0x08003183   Thumb Code   592  usbd_ctlreq.o(i.USBD_GetDescriptor)
    i.USBD_GetLen                            0x080033d2   Section        0  usbd_ctlreq.o(i.USBD_GetLen)
    USBD_GetLen                              0x080033d3   Thumb Code    20  usbd_ctlreq.o(i.USBD_GetLen)
    i.USBD_GetStatus                         0x080033e6   Section        0  usbd_ctlreq.o(i.USBD_GetStatus)
    USBD_GetStatus                           0x080033e7   Thumb Code   100  usbd_ctlreq.o(i.USBD_GetStatus)
    i.USBD_GetString                         0x0800344a   Section        0  usbd_ctlreq.o(i.USBD_GetString)
    i.USBD_Get_USB_Status                    0x08003498   Section        0  usbd_conf.o(i.USBD_Get_USB_Status)
    USBD_Get_USB_Status                      0x08003499   Thumb Code    46  usbd_conf.o(i.USBD_Get_USB_Status)
    i.USBD_Init                              0x080034c6   Section        0  usbd_core.o(i.USBD_Init)
    i.USBD_LL_ClearStallEP                   0x0800350e   Section        0  usbd_conf.o(i.USBD_LL_ClearStallEP)
    i.USBD_LL_CloseEP                        0x08003534   Section        0  usbd_conf.o(i.USBD_LL_CloseEP)
    i.USBD_LL_DataInStage                    0x0800355a   Section        0  usbd_core.o(i.USBD_LL_DataInStage)
    i.USBD_LL_DataOutStage                   0x08003690   Section        0  usbd_core.o(i.USBD_LL_DataOutStage)
    i.USBD_LL_GetRxDataSize                  0x0800375c   Section        0  usbd_conf.o(i.USBD_LL_GetRxDataSize)
    i.USBD_LL_Init                           0x08003774   Section        0  usbd_conf.o(i.USBD_LL_Init)
    i.USBD_LL_IsStallEP                      0x0800381c   Section        0  usbd_conf.o(i.USBD_LL_IsStallEP)
    i.USBD_LL_OpenEP                         0x0800384e   Section        0  usbd_conf.o(i.USBD_LL_OpenEP)
    i.USBD_LL_PrepareReceive                 0x0800387e   Section        0  usbd_conf.o(i.USBD_LL_PrepareReceive)
    i.USBD_LL_Reset                          0x080038ae   Section        0  usbd_core.o(i.USBD_LL_Reset)
    i.USBD_LL_Resume                         0x08003920   Section        0  usbd_core.o(i.USBD_LL_Resume)
    i.USBD_LL_SOF                            0x08003942   Section        0  usbd_core.o(i.USBD_LL_SOF)
    i.USBD_LL_SetSpeed                       0x08003972   Section        0  usbd_core.o(i.USBD_LL_SetSpeed)
    i.USBD_LL_SetUSBAddress                  0x0800397a   Section        0  usbd_conf.o(i.USBD_LL_SetUSBAddress)
    i.USBD_LL_SetupStage                     0x080039a0   Section        0  usbd_core.o(i.USBD_LL_SetupStage)
    i.USBD_LL_StallEP                        0x08003a2c   Section        0  usbd_conf.o(i.USBD_LL_StallEP)
    i.USBD_LL_Start                          0x08003a52   Section        0  usbd_conf.o(i.USBD_LL_Start)
    i.USBD_LL_Suspend                        0x08003a74   Section        0  usbd_core.o(i.USBD_LL_Suspend)
    i.USBD_LL_Transmit                       0x08003a94   Section        0  usbd_conf.o(i.USBD_LL_Transmit)
    i.USBD_ParseSetupRequest                 0x08003ac4   Section        0  usbd_ctlreq.o(i.USBD_ParseSetupRequest)
    i.USBD_RegisterClass                     0x08003aec   Section        0  usbd_core.o(i.USBD_RegisterClass)
    i.USBD_RunTestMode                       0x08003b02   Section        0  usbd_core.o(i.USBD_RunTestMode)
    i.USBD_SetAddress                        0x08003b08   Section        0  usbd_ctlreq.o(i.USBD_SetAddress)
    USBD_SetAddress                          0x08003b09   Thumb Code   112  usbd_ctlreq.o(i.USBD_SetAddress)
    i.USBD_SetClassConfig                    0x08003b78   Section        0  usbd_core.o(i.USBD_SetClassConfig)
    i.USBD_SetConfig                         0x08003ba8   Section        0  usbd_ctlreq.o(i.USBD_SetConfig)
    USBD_SetConfig                           0x08003ba9   Thumb Code   244  usbd_ctlreq.o(i.USBD_SetConfig)
    i.USBD_SetFeature                        0x08003ca0   Section        0  usbd_ctlreq.o(i.USBD_SetFeature)
    USBD_SetFeature                          0x08003ca1   Thumb Code    28  usbd_ctlreq.o(i.USBD_SetFeature)
    i.USBD_Start                             0x08003cbc   Section        0  usbd_core.o(i.USBD_Start)
    i.USBD_StdDevReq                         0x08003cca   Section        0  usbd_ctlreq.o(i.USBD_StdDevReq)
    i.USBD_StdEPReq                          0x08003d72   Section        0  usbd_ctlreq.o(i.USBD_StdEPReq)
    i.USBD_StdItfReq                         0x08003fc8   Section        0  usbd_ctlreq.o(i.USBD_StdItfReq)
    i.USBD_static_free                       0x08004054   Section        0  usbd_conf.o(i.USBD_static_free)
    i.USBD_static_malloc                     0x08004058   Section        0  usbd_conf.o(i.USBD_static_malloc)
    i.USB_ActivateEndpoint                   0x08004064   Section        0  stm32f0xx_ll_usb.o(i.USB_ActivateEndpoint)
    i.USB_DeactivateEndpoint                 0x080044e4   Section        0  stm32f0xx_ll_usb.o(i.USB_DeactivateEndpoint)
    i.USB_DevConnect                         0x08004748   Section        0  stm32f0xx_ll_usb.o(i.USB_DevConnect)
    i.USB_DevInit                            0x0800475c   Section        0  stm32f0xx_ll_usb.o(i.USB_DevInit)
    i.USB_DisableGlobalInt                   0x0800477c   Section        0  stm32f0xx_ll_usb.o(i.USB_DisableGlobalInt)
    i.USB_EP0_OutStart                       0x08004794   Section        0  stm32f0xx_ll_usb.o(i.USB_EP0_OutStart)
    i.USB_EPClearStall                       0x0800479c   Section        0  stm32f0xx_ll_usb.o(i.USB_EPClearStall)
    i.USB_EPSetStall                         0x08004874   Section        0  stm32f0xx_ll_usb.o(i.USB_EPSetStall)
    i.USB_EPStartXfer                        0x080048d0   Section        0  stm32f0xx_ll_usb.o(i.USB_EPStartXfer)
    i.USB_EnableGlobalInt                    0x08004cf4   Section        0  stm32f0xx_ll_usb.o(i.USB_EnableGlobalInt)
    i.USB_IRQHandler                         0x08004d0c   Section        0  stm32f0xx_it.o(i.USB_IRQHandler)
    i.USB_ReadInterrupts                     0x08004d1c   Section        0  stm32f0xx_ll_usb.o(i.USB_ReadInterrupts)
    i.USB_ReadPMA                            0x08004d24   Section        0  stm32f0xx_ll_usb.o(i.USB_ReadPMA)
    i.USB_SetDevAddress                      0x08004d64   Section        0  stm32f0xx_ll_usb.o(i.USB_SetDevAddress)
    i.USB_WritePMA                           0x08004d74   Section        0  stm32f0xx_ll_usb.o(i.USB_WritePMA)
    i.__0printf$bare                         0x08004db0   Section        0  printfb.o(i.__0printf$bare)
    i.__ARM_common_ll_muluu                  0x08004dc4   Section        0  stm32f0xx_hal_rcc.o(i.__ARM_common_ll_muluu)
    i.__ARM_common_switch8                   0x08004df4   Section        0  thorvald_msg.o(i.__ARM_common_switch8)
    i.__NVIC_SetPriority                     0x08004e10   Section        0  stm32f0xx_hal_cortex.o(i.__NVIC_SetPriority)
    __NVIC_SetPriority                       0x08004e11   Thumb Code   110  stm32f0xx_hal_cortex.o(i.__NVIC_SetPriority)
    i.__get_PRIMASK                          0x08004e88   Section        0  eventrecorder.o(i.__get_PRIMASK)
    __get_PRIMASK                            0x08004e89   Thumb Code     6  eventrecorder.o(i.__get_PRIMASK)
    i.__scatterload_copy                     0x08004e8e   Section       14  handlers.o(i.__scatterload_copy)
    i.__scatterload_null                     0x08004e9c   Section        2  handlers.o(i.__scatterload_null)
    i.__scatterload_zeroinit                 0x08004e9e   Section       14  handlers.o(i.__scatterload_zeroinit)
    i._command_byte                          0x08004eac   Section        0  thorvald_msg.o(i._command_byte)
    _command_byte                            0x08004ead   Thumb Code    56  thorvald_msg.o(i._command_byte)
    i._parse_can_pkt                         0x08004ee4   Section        0  thorvald_msg.o(i._parse_can_pkt)
    _parse_can_pkt                           0x08004ee5   Thumb Code    48  thorvald_msg.o(i._parse_can_pkt)
    i._printf_core                           0x08004f14   Section        0  printfb.o(i._printf_core)
    _printf_core                             0x08004f15   Thumb Code    30  printfb.o(i._printf_core)
    i._process_inbox                         0x08004f34   Section        0  thorvald_msg.o(i._process_inbox)
    _process_inbox                           0x08004f35   Thumb Code   186  thorvald_msg.o(i._process_inbox)
    i.atomic_inc32                           0x08005024   Section        0  eventrecorder.o(i.atomic_inc32)
    atomic_inc32                             0x08005025   Thumb Code    28  eventrecorder.o(i.atomic_inc32)
    i.crc16_ccitt                            0x08005040   Section        0  eventrecorder.o(i.crc16_ccitt)
    crc16_ccitt                              0x08005041   Thumb Code    58  eventrecorder.o(i.crc16_ccitt)
    i.fputc                                  0x08005084   Section        0  retarget_io.o(i.fputc)
    i.main                                   0x080050a4   Section        0  main.o(i.main)
    i.stdout_putchar                         0x0800513c   Section        0  retarget_io.o(i.stdout_putchar)
    stdout_putchar                           0x0800513d   Thumb Code    68  retarget_io.o(i.stdout_putchar)
    i.thorvald_msg_add_to_inbox              0x0800518c   Section        0  thorvald_msg.o(i.thorvald_msg_add_to_inbox)
    .constdata                               0x080051f0   Section       15  main.o(.constdata)
    .constdata                               0x080051ff   Section       24  system_stm32f0xx.o(.constdata)
    .constdata                               0x08005218   Section       24  eventrecorder.o(.constdata)
    __tagsym$$used                           0x08005218   Number         0  eventrecorder.o(.constdata)
    .data                                    0x20000000   Section        4  thorvald_msg.o(.data)
    msgCount                                 0x20000000   Data           1  thorvald_msg.o(.data)
    writeIdx                                 0x20000001   Data           1  thorvald_msg.o(.data)
    readIdx                                  0x20000002   Data           1  thorvald_msg.o(.data)
    processingInbox                          0x20000003   Data           1  thorvald_msg.o(.data)
    .data                                    0x20000004   Section       78  usbd_desc.o(.data)
    .data                                    0x20000054   Section       32  usbd_cdc_if.o(.data)
    .data                                    0x20000074   Section        9  stm32f0xx_hal.o(.data)
    .data                                    0x20000080   Section        4  system_stm32f0xx.o(.data)
    .data                                    0x20000084   Section        1  usbd_ctlreq.o(.data)
    cfgidx                                   0x20000084   Data           1  usbd_ctlreq.o(.data)
    .data                                    0x20000088   Section      271  usbd_cdc.o(.data)
    USBD_CDC_DeviceQualifierDesc             0x20000088   Data          10  usbd_cdc.o(.data)
    .data                                    0x20000198   Section       12  retarget_io.o(.data)
    index                                    0x20000198   Data           4  retarget_io.o(.data)
    buffer                                   0x2000019c   Data           8  retarget_io.o(.data)
    .data                                    0x200001a4   Section        4  stdout.o(.data)
    .bss                                     0x200001a8   Section      100  thorvald_msg.o(.bss)
    msgInbox                                 0x200001a8   Data         100  thorvald_msg.o(.bss)
    .bss                                     0x2000020c   Section       76  main.o(.bss)
    .bss                                     0x20000258   Section      708  usb_device.o(.bss)
    .bss                                     0x2000051c   Section      512  usbd_desc.o(.bss)
    .bss                                     0x2000071c   Section      128  usbd_cdc_if.o(.bss)
    .bss                                     0x2000079c   Section     1172  usbd_conf.o(.bss)
    mem                                      0x20000a10   Data         544  usbd_conf.o(.bss)
    .bss.noinit                              0x20000c40   Section      424  eventrecorder.o(.bss.noinit)
    EventBuffer                              0x20000c40   Data         256  eventrecorder.o(.bss.noinit)
    EventFilter                              0x20000d40   Data         128  eventrecorder.o(.bss.noinit)
    EventStatus                              0x20000dc0   Data          36  eventrecorder.o(.bss.noinit)
    TimeStamp                                0x20000de4   Data           4  eventrecorder.o(.bss.noinit)
    STACK                                    0x20000de8   Section     1024  startup_stm32f072xb.o(STACK)

    Global Symbols

    Symbol Name                              Value     Ov Type        Size  Object(Section)

    BuildAttributes$$THM_ISAv3M$S$PE$A:L22$X:L11$S22$IEEE1$IW$USESV6$~STKCKD$USESV7$~SHL$OSPACE$ROPI$EBA8$MICROLIB$REQ8$PRES8$EABIv2 0x00000000   Number         0  anon$$obj.o ABSOLUTE
    __ARM_use_no_argv                        0x00000000   Number         0  main.o ABSOLUTE
    __cpp_initialize__aeabi_                  - Undefined Weak Reference
    __cxa_finalize                            - Undefined Weak Reference
    _clock_init                               - Undefined Weak Reference
    _microlib_exit                            - Undefined Weak Reference
    __Vectors_Size                           0x000000c0   Number         0  startup_stm32f072xb.o ABSOLUTE
    __Vectors                                0x08000000   Data           4  startup_stm32f072xb.o(RESET)
    __Vectors_End                            0x080000c0   Data           0  startup_stm32f072xb.o(RESET)
    __main                                   0x080000c1   Thumb Code     0  entry.o(.ARM.Collect$$$$00000000)
    _main_stk                                0x080000c1   Thumb Code     0  entry2.o(.ARM.Collect$$$$00000001)
    _main_scatterload                        0x080000c5   Thumb Code     0  entry5.o(.ARM.Collect$$$$00000004)
    __main_after_scatterload                 0x080000c9   Thumb Code     0  entry5.o(.ARM.Collect$$$$00000004)
    _main_clock                              0x080000c9   Thumb Code     0  entry7b.o(.ARM.Collect$$$$00000008)
    _main_cpp_init                           0x080000c9   Thumb Code     0  entry8b.o(.ARM.Collect$$$$0000000A)
    _main_init                               0x080000c9   Thumb Code     0  entry9a.o(.ARM.Collect$$$$0000000B)
    __rt_final_cpp                           0x080000d1   Thumb Code     0  entry10a.o(.ARM.Collect$$$$0000000D)
    __rt_final_exit                          0x080000d1   Thumb Code     0  entry11a.o(.ARM.Collect$$$$0000000F)
    Reset_Handler                            0x080000d5   Thumb Code     8  startup_stm32f072xb.o(.text)
    ADC1_COMP_IRQHandler                     0x080000e7   Thumb Code     0  startup_stm32f072xb.o(.text)
    CEC_CAN_IRQHandler                       0x080000e7   Thumb Code     0  startup_stm32f072xb.o(.text)
    DMA1_Channel1_IRQHandler                 0x080000e7   Thumb Code     0  startup_stm32f072xb.o(.text)
    DMA1_Channel2_3_IRQHandler               0x080000e7   Thumb Code     0  startup_stm32f072xb.o(.text)
    DMA1_Channel4_5_6_7_IRQHandler           0x080000e7   Thumb Code     0  startup_stm32f072xb.o(.text)
    EXTI2_3_IRQHandler                       0x080000e7   Thumb Code     0  startup_stm32f072xb.o(.text)
    EXTI4_15_IRQHandler                      0x080000e7   Thumb Code     0  startup_stm32f072xb.o(.text)
    FLASH_IRQHandler                         0x080000e7   Thumb Code     0  startup_stm32f072xb.o(.text)
    I2C1_IRQHandler                          0x080000e7   Thumb Code     0  startup_stm32f072xb.o(.text)
    I2C2_IRQHandler                          0x080000e7   Thumb Code     0  startup_stm32f072xb.o(.text)
    PVD_VDDIO2_IRQHandler                    0x080000e7   Thumb Code     0  startup_stm32f072xb.o(.text)
    RCC_CRS_IRQHandler                       0x080000e7   Thumb Code     0  startup_stm32f072xb.o(.text)
    RTC_IRQHandler                           0x080000e7   Thumb Code     0  startup_stm32f072xb.o(.text)
    SPI1_IRQHandler                          0x080000e7   Thumb Code     0  startup_stm32f072xb.o(.text)
    SPI2_IRQHandler                          0x080000e7   Thumb Code     0  startup_stm32f072xb.o(.text)
    TIM14_IRQHandler                         0x080000e7   Thumb Code     0  startup_stm32f072xb.o(.text)
    TIM15_IRQHandler                         0x080000e7   Thumb Code     0  startup_stm32f072xb.o(.text)
    TIM16_IRQHandler                         0x080000e7   Thumb Code     0  startup_stm32f072xb.o(.text)
    TIM17_IRQHandler                         0x080000e7   Thumb Code     0  startup_stm32f072xb.o(.text)
    TIM1_BRK_UP_TRG_COM_IRQHandler           0x080000e7   Thumb Code     0  startup_stm32f072xb.o(.text)
    TIM1_CC_IRQHandler                       0x080000e7   Thumb Code     0  startup_stm32f072xb.o(.text)
    TIM2_IRQHandler                          0x080000e7   Thumb Code     0  startup_stm32f072xb.o(.text)
    TIM3_IRQHandler                          0x080000e7   Thumb Code     0  startup_stm32f072xb.o(.text)
    TIM6_DAC_IRQHandler                      0x080000e7   Thumb Code     0  startup_stm32f072xb.o(.text)
    TIM7_IRQHandler                          0x080000e7   Thumb Code     0  startup_stm32f072xb.o(.text)
    TSC_IRQHandler                           0x080000e7   Thumb Code     0  startup_stm32f072xb.o(.text)
    USART1_IRQHandler                        0x080000e7   Thumb Code     0  startup_stm32f072xb.o(.text)
    USART2_IRQHandler                        0x080000e7   Thumb Code     0  startup_stm32f072xb.o(.text)
    USART3_4_IRQHandler                      0x080000e7   Thumb Code     0  startup_stm32f072xb.o(.text)
    WWDG_IRQHandler                          0x080000e7   Thumb Code     0  startup_stm32f072xb.o(.text)
    __aeabi_uidiv                            0x080000f1   Thumb Code     0  uidiv.o(.text)
    __aeabi_uidivmod                         0x080000f1   Thumb Code    44  uidiv.o(.text)
    __aeabi_idiv                             0x0800011d   Thumb Code     0  idiv.o(.text)
    __aeabi_idivmod                          0x0800011d   Thumb Code    40  idiv.o(.text)
    __aeabi_uldivmod                         0x08000145   Thumb Code    96  uldiv.o(.text)
    __aeabi_llsr                             0x080001a5   Thumb Code    34  llushr.o(.text)
    _ll_ushift_r                             0x080001a5   Thumb Code     0  llushr.o(.text)
    __aeabi_memcpy                           0x080001c7   Thumb Code    36  memcpya.o(.text)
    __aeabi_memcpy4                          0x080001c7   Thumb Code     0  memcpya.o(.text)
    __aeabi_memcpy8                          0x080001c7   Thumb Code     0  memcpya.o(.text)
    __aeabi_memset                           0x080001eb   Thumb Code    14  memseta.o(.text)
    __aeabi_memset4                          0x080001eb   Thumb Code     0  memseta.o(.text)
    __aeabi_memset8                          0x080001eb   Thumb Code     0  memseta.o(.text)
    __aeabi_memclr                           0x080001f9   Thumb Code     4  memseta.o(.text)
    __aeabi_memclr4                          0x080001f9   Thumb Code     0  memseta.o(.text)
    __aeabi_memclr8                          0x080001f9   Thumb Code     0  memseta.o(.text)
    _memset$wrapper                          0x080001fd   Thumb Code    18  memseta.o(.text)
    strlen                                   0x0800020f   Thumb Code    14  strlen.o(.text)
    __aeabi_llsl                             0x0800021d   Thumb Code    32  llshl.o(.text)
    _ll_shift_l                              0x0800021d   Thumb Code     0  llshl.o(.text)
    __scatterload                            0x0800023d   Thumb Code    28  init.o(.text)
    __scatterload_rt2                        0x0800023d   Thumb Code     0  init.o(.text)
    __decompress                             0x08000261   Thumb Code     0  __dczerorl2.o(.text)
    __decompress1                            0x08000261   Thumb Code    86  __dczerorl2.o(.text)
    CDC_Transmit_FS                          0x080003a1   Thumb Code    48  usbd_cdc_if.o(i.CDC_Transmit_FS)
    EXTI0_1_IRQHandler                       0x080004ab   Thumb Code    10  stm32f0xx_it.o(i.EXTI0_1_IRQHandler)
    Error_Handler                            0x080004b5   Thumb Code     4  main.o(i.Error_Handler)
    EventRecordData                          0x08000545   Thumb Code   308  eventrecorder.o(i.EventRecordData)
    EventRecorderEnable                      0x080007b1   Thumb Code    84  eventrecorder.o(i.EventRecorderEnable)
    EventRecorderInitialize                  0x08000809   Thumb Code   268  eventrecorder.o(i.EventRecorderInitialize)
    EventRecorderStart                       0x08000931   Thumb Code    42  eventrecorder.o(i.EventRecorderStart)
    EventRecorderTimerGetCount               0x08000965   Thumb Code    16  eventrecorder.o(i.EventRecorderTimerGetCount)
    EventRecorderTimerSetup                  0x08000979   Thumb Code    10  eventrecorder.o(i.EventRecorderTimerSetup)
    HAL_CAN_Init                             0x080009d9   Thumb Code   380  stm32f0xx_hal_can.o(i.HAL_CAN_Init)
    HAL_CAN_MspInit                          0x08000b55   Thumb Code   118  stm32f0xx_hal_msp.o(i.HAL_CAN_MspInit)
    HAL_CRCEx_Polynomial_Set                 0x08000bd9   Thumb Code   106  stm32f0xx_hal_crc_ex.o(i.HAL_CRCEx_Polynomial_Set)
    HAL_CRC_Calculate                        0x08000c43   Thumb Code   108  stm32f0xx_hal_crc.o(i.HAL_CRC_Calculate)
    HAL_CRC_Init                             0x08000cb1   Thumb Code   134  stm32f0xx_hal_crc.o(i.HAL_CRC_Init)
    HAL_CRC_MspInit                          0x08000d3d   Thumb Code    40  stm32f0xx_hal_msp.o(i.HAL_CRC_MspInit)
    HAL_Delay                                0x08000d6d   Thumb Code    38  stm32f0xx_hal.o(i.HAL_Delay)
    HAL_GPIO_EXTI_Callback                   0x08000d99   Thumb Code    44  main.o(i.HAL_GPIO_EXTI_Callback)
    HAL_GPIO_EXTI_IRQHandler                 0x08000dcd   Thumb Code    26  stm32f0xx_hal_gpio.o(i.HAL_GPIO_EXTI_IRQHandler)
    HAL_GPIO_Init                            0x08000ded   Thumb Code   474  stm32f0xx_hal_gpio.o(i.HAL_GPIO_Init)
    HAL_GPIO_TogglePin                       0x08000fe5   Thumb Code    18  stm32f0xx_hal_gpio.o(i.HAL_GPIO_TogglePin)
    HAL_GPIO_WritePin                        0x08000ff7   Thumb Code    12  stm32f0xx_hal_gpio.o(i.HAL_GPIO_WritePin)
    HAL_GetTick                              0x08001005   Thumb Code     6  stm32f0xx_hal.o(i.HAL_GetTick)
    HAL_IncTick                              0x08001011   Thumb Code    16  stm32f0xx_hal.o(i.HAL_IncTick)
    HAL_Init                                 0x08001029   Thumb Code    28  stm32f0xx_hal.o(i.HAL_Init)
    HAL_InitTick                             0x08001049   Thumb Code    70  stm32f0xx_hal.o(i.HAL_InitTick)
    HAL_MspInit                              0x0800109d   Thumb Code    60  stm32f0xx_hal_msp.o(i.HAL_MspInit)
    HAL_NVIC_EnableIRQ                       0x080010dd   Thumb Code    22  stm32f0xx_hal_cortex.o(i.HAL_NVIC_EnableIRQ)
    HAL_NVIC_SetPriority                     0x080010f9   Thumb Code    18  stm32f0xx_hal_cortex.o(i.HAL_NVIC_SetPriority)
    HAL_PCDEx_ActivateLPM                    0x0800110b   Thumb Code    50  stm32f0xx_hal_pcd_ex.o(i.HAL_PCDEx_ActivateLPM)
    HAL_PCDEx_LPM_Callback                   0x0800113d   Thumb Code     2  stm32f0xx_hal_pcd_ex.o(i.HAL_PCDEx_LPM_Callback)
    HAL_PCDEx_PMAConfig                      0x0800113f   Thumb Code    62  stm32f0xx_hal_pcd_ex.o(i.HAL_PCDEx_PMAConfig)
    HAL_PCD_DataInStageCallback              0x0800117d   Thumb Code    30  usbd_conf.o(i.HAL_PCD_DataInStageCallback)
    HAL_PCD_DataOutStageCallback             0x0800119b   Thumb Code    32  usbd_conf.o(i.HAL_PCD_DataOutStageCallback)
    HAL_PCD_EP_Close                         0x080011bb   Thumb Code   108  stm32f0xx_hal_pcd.o(i.HAL_PCD_EP_Close)
    HAL_PCD_EP_ClrStall                      0x08001227   Thumb Code   126  stm32f0xx_hal_pcd.o(i.HAL_PCD_EP_ClrStall)
    HAL_PCD_EP_GetRxCount                    0x080012a5   Thumb Code    18  stm32f0xx_hal_pcd.o(i.HAL_PCD_EP_GetRxCount)
    HAL_PCD_EP_Open                          0x080012b7   Thumb Code   142  stm32f0xx_hal_pcd.o(i.HAL_PCD_EP_Open)
    HAL_PCD_EP_Receive                       0x08001345   Thumb Code    72  stm32f0xx_hal_pcd.o(i.HAL_PCD_EP_Receive)
    HAL_PCD_EP_SetStall                      0x0800138d   Thumb Code   144  stm32f0xx_hal_pcd.o(i.HAL_PCD_EP_SetStall)
    HAL_PCD_EP_Transmit                      0x0800141d   Thumb Code    72  stm32f0xx_hal_pcd.o(i.HAL_PCD_EP_Transmit)
    HAL_PCD_IRQHandler                       0x08001465   Thumb Code   508  stm32f0xx_hal_pcd.o(i.HAL_PCD_IRQHandler)
    HAL_PCD_Init                             0x08001665   Thumb Code   274  stm32f0xx_hal_pcd.o(i.HAL_PCD_Init)
    HAL_PCD_MspInit                          0x08001779   Thumb Code    62  usbd_conf.o(i.HAL_PCD_MspInit)
    HAL_PCD_ResetCallback                    0x080017c1   Thumb Code    40  usbd_conf.o(i.HAL_PCD_ResetCallback)
    HAL_PCD_ResumeCallback                   0x080017e9   Thumb Code    38  usbd_conf.o(i.HAL_PCD_ResumeCallback)
    HAL_PCD_SOFCallback                      0x08001815   Thumb Code    16  usbd_conf.o(i.HAL_PCD_SOFCallback)
    HAL_PCD_SetAddress                       0x08001825   Thumb Code    66  stm32f0xx_hal_pcd.o(i.HAL_PCD_SetAddress)
    HAL_PCD_SetupStageCallback               0x08001867   Thumb Code    22  usbd_conf.o(i.HAL_PCD_SetupStageCallback)
    HAL_PCD_Start                            0x0800187d   Thumb Code    64  stm32f0xx_hal_pcd.o(i.HAL_PCD_Start)
    HAL_PCD_SuspendCallback                  0x080018bd   Thumb Code    34  usbd_conf.o(i.HAL_PCD_SuspendCallback)
    HAL_RCCEx_PeriphCLKConfig                0x080018e5   Thumb Code   406  stm32f0xx_hal_rcc_ex.o(i.HAL_RCCEx_PeriphCLKConfig)
    HAL_RCC_ClockConfig                      0x08001a89   Thumb Code   366  stm32f0xx_hal_rcc.o(i.HAL_RCC_ClockConfig)
    HAL_RCC_GetSysClockFreq                  0x08001c0d   Thumb Code   218  stm32f0xx_hal_rcc.o(i.HAL_RCC_GetSysClockFreq)
    HAL_RCC_OscConfig                        0x08001d15   Thumb Code  1592  stm32f0xx_hal_rcc.o(i.HAL_RCC_OscConfig)
    HAL_SYSTICK_Config                       0x08002351   Thumb Code    46  stm32f0xx_hal_cortex.o(i.HAL_SYSTICK_Config)
    HardFault_Handler                        0x08002389   Thumb Code     4  stm32f0xx_it.o(i.HardFault_Handler)
    MX_USB_DEVICE_Init                       0x080025ad   Thumb Code    68  usb_device.o(i.MX_USB_DEVICE_Init)
    NMI_Handler                              0x08002601   Thumb Code     2  stm32f0xx_it.o(i.NMI_Handler)
    PendSV_Handler                           0x080029dd   Thumb Code     2  stm32f0xx_it.o(i.PendSV_Handler)
    SVC_Handler                              0x080029df   Thumb Code     2  stm32f0xx_it.o(i.SVC_Handler)
    SysTick_Handler                          0x080029e1   Thumb Code     8  stm32f0xx_it.o(i.SysTick_Handler)
    SystemClock_Config                       0x080029f1   Thumb Code   132  main.o(i.SystemClock_Config)
    SystemInit                               0x08002a75   Thumb Code     2  system_stm32f0xx.o(i.SystemInit)
    USBD_CDC_GetDeviceQualifierDescriptor    0x08002be5   Thumb Code    10  usbd_cdc.o(i.USBD_CDC_GetDeviceQualifierDescriptor)
    USBD_CDC_ReceivePacket                   0x08002cf7   Thumb Code    72  usbd_cdc.o(i.USBD_CDC_ReceivePacket)
    USBD_CDC_RegisterInterface               0x08002d3f   Thumb Code    20  usbd_cdc.o(i.USBD_CDC_RegisterInterface)
    USBD_CDC_SetRxBuffer                     0x08002d53   Thumb Code    20  usbd_cdc.o(i.USBD_CDC_SetRxBuffer)
    USBD_CDC_SetTxBuffer                     0x08002d67   Thumb Code    28  usbd_cdc.o(i.USBD_CDC_SetTxBuffer)
    USBD_CDC_TransmitPacket                  0x08002e95   Thumb Code    78  usbd_cdc.o(i.USBD_CDC_TransmitPacket)
    USBD_ClrClassConfig                      0x08002ee3   Thumb Code    26  usbd_core.o(i.USBD_ClrClassConfig)
    USBD_CtlContinueRx                       0x08002f43   Thumb Code    24  usbd_ioreq.o(i.USBD_CtlContinueRx)
    USBD_CtlContinueSendData                 0x08002f5b   Thumb Code    24  usbd_ioreq.o(i.USBD_CtlContinueSendData)
    USBD_CtlError                            0x08002f73   Thumb Code    24  usbd_ctlreq.o(i.USBD_CtlError)
    USBD_CtlPrepareRx                        0x08002f8b   Thumb Code    44  usbd_ioreq.o(i.USBD_CtlPrepareRx)
    USBD_CtlReceiveStatus                    0x08002fb7   Thumb Code    28  usbd_ioreq.o(i.USBD_CtlReceiveStatus)
    USBD_CtlSendData                         0x08002fd3   Thumb Code    38  usbd_ioreq.o(i.USBD_CtlSendData)
    USBD_CtlSendStatus                       0x08002ff9   Thumb Code    30  usbd_ioreq.o(i.USBD_CtlSendStatus)
    USBD_FS_ConfigStrDescriptor              0x08003019   Thumb Code    36  usbd_desc.o(i.USBD_FS_ConfigStrDescriptor)
    USBD_FS_DeviceDescriptor                 0x0800304d   Thumb Code    10  usbd_desc.o(i.USBD_FS_DeviceDescriptor)
    USBD_FS_InterfaceStrDescriptor           0x0800305d   Thumb Code    36  usbd_desc.o(i.USBD_FS_InterfaceStrDescriptor)
    USBD_FS_LangIDStrDescriptor              0x08003095   Thumb Code    10  usbd_desc.o(i.USBD_FS_LangIDStrDescriptor)
    USBD_FS_ManufacturerStrDescriptor        0x080030a5   Thumb Code    20  usbd_desc.o(i.USBD_FS_ManufacturerStrDescriptor)
    USBD_FS_ProductStrDescriptor             0x080030cd   Thumb Code    36  usbd_desc.o(i.USBD_FS_ProductStrDescriptor)
    USBD_FS_SerialStrDescriptor              0x08003111   Thumb Code    18  usbd_desc.o(i.USBD_FS_SerialStrDescriptor)
    USBD_GetString                           0x0800344b   Thumb Code    78  usbd_ctlreq.o(i.USBD_GetString)
    USBD_Init                                0x080034c7   Thumb Code    72  usbd_core.o(i.USBD_Init)
    USBD_LL_ClearStallEP                     0x0800350f   Thumb Code    38  usbd_conf.o(i.USBD_LL_ClearStallEP)
    USBD_LL_CloseEP                          0x08003535   Thumb Code    38  usbd_conf.o(i.USBD_LL_CloseEP)
    USBD_LL_DataInStage                      0x0800355b   Thumb Code   310  usbd_core.o(i.USBD_LL_DataInStage)
    USBD_LL_DataOutStage                     0x08003691   Thumb Code   204  usbd_core.o(i.USBD_LL_DataOutStage)
    USBD_LL_GetRxDataSize                    0x0800375d   Thumb Code    22  usbd_conf.o(i.USBD_LL_GetRxDataSize)
    USBD_LL_Init                             0x08003775   Thumb Code   154  usbd_conf.o(i.USBD_LL_Init)
    USBD_LL_IsStallEP                        0x0800381d   Thumb Code    50  usbd_conf.o(i.USBD_LL_IsStallEP)
    USBD_LL_OpenEP                           0x0800384f   Thumb Code    48  usbd_conf.o(i.USBD_LL_OpenEP)
    USBD_LL_PrepareReceive                   0x0800387f   Thumb Code    48  usbd_conf.o(i.USBD_LL_PrepareReceive)
    USBD_LL_Reset                            0x080038af   Thumb Code   114  usbd_core.o(i.USBD_LL_Reset)
    USBD_LL_Resume                           0x08003921   Thumb Code    34  usbd_core.o(i.USBD_LL_Resume)
    USBD_LL_SOF                              0x08003943   Thumb Code    48  usbd_core.o(i.USBD_LL_SOF)
    USBD_LL_SetSpeed                         0x08003973   Thumb Code     8  usbd_core.o(i.USBD_LL_SetSpeed)
    USBD_LL_SetUSBAddress                    0x0800397b   Thumb Code    38  usbd_conf.o(i.USBD_LL_SetUSBAddress)
    USBD_LL_SetupStage                       0x080039a1   Thumb Code   140  usbd_core.o(i.USBD_LL_SetupStage)
    USBD_LL_StallEP                          0x08003a2d   Thumb Code    38  usbd_conf.o(i.USBD_LL_StallEP)
    USBD_LL_Start                            0x08003a53   Thumb Code    34  usbd_conf.o(i.USBD_LL_Start)
    USBD_LL_Suspend                          0x08003a75   Thumb Code    32  usbd_core.o(i.USBD_LL_Suspend)
    USBD_LL_Transmit                         0x08003a95   Thumb Code    48  usbd_conf.o(i.USBD_LL_Transmit)
    USBD_ParseSetupRequest                   0x08003ac5   Thumb Code    40  usbd_ctlreq.o(i.USBD_ParseSetupRequest)
    USBD_RegisterClass                       0x08003aed   Thumb Code    22  usbd_core.o(i.USBD_RegisterClass)
    USBD_RunTestMode                         0x08003b03   Thumb Code     6  usbd_core.o(i.USBD_RunTestMode)
    USBD_SetClassConfig                      0x08003b79   Thumb Code    46  usbd_core.o(i.USBD_SetClassConfig)
    USBD_Start                               0x08003cbd   Thumb Code    14  usbd_core.o(i.USBD_Start)
    USBD_StdDevReq                           0x08003ccb   Thumb Code   168  usbd_ctlreq.o(i.USBD_StdDevReq)
    USBD_StdEPReq                            0x08003d73   Thumb Code   598  usbd_ctlreq.o(i.USBD_StdEPReq)
    USBD_StdItfReq                           0x08003fc9   Thumb Code   140  usbd_ctlreq.o(i.USBD_StdItfReq)
    USBD_static_free                         0x08004055   Thumb Code     2  usbd_conf.o(i.USBD_static_free)
    USBD_static_malloc                       0x08004059   Thumb Code     6  usbd_conf.o(i.USBD_static_malloc)
    USB_ActivateEndpoint                     0x08004065   Thumb Code  1142  stm32f0xx_ll_usb.o(i.USB_ActivateEndpoint)
    USB_DeactivateEndpoint                   0x080044e5   Thumb Code   602  stm32f0xx_ll_usb.o(i.USB_DeactivateEndpoint)
    USB_DevConnect                           0x08004749   Thumb Code    20  stm32f0xx_ll_usb.o(i.USB_DevConnect)
    USB_DevInit                              0x0800475d   Thumb Code    32  stm32f0xx_ll_usb.o(i.USB_DevInit)
    USB_DisableGlobalInt                     0x0800477d   Thumb Code    18  stm32f0xx_ll_usb.o(i.USB_DisableGlobalInt)
    USB_EP0_OutStart                         0x08004795   Thumb Code     6  stm32f0xx_ll_usb.o(i.USB_EP0_OutStart)
    USB_EPClearStall                         0x0800479d   Thumb Code   206  stm32f0xx_ll_usb.o(i.USB_EPClearStall)
    USB_EPSetStall                           0x08004875   Thumb Code    84  stm32f0xx_ll_usb.o(i.USB_EPSetStall)
    USB_EPStartXfer                          0x080048d1   Thumb Code  1048  stm32f0xx_ll_usb.o(i.USB_EPStartXfer)
    USB_EnableGlobalInt                      0x08004cf5   Thumb Code    18  stm32f0xx_ll_usb.o(i.USB_EnableGlobalInt)
    USB_IRQHandler                           0x08004d0d   Thumb Code    10  stm32f0xx_it.o(i.USB_IRQHandler)
    USB_ReadInterrupts                       0x08004d1d   Thumb Code     8  stm32f0xx_ll_usb.o(i.USB_ReadInterrupts)
    USB_ReadPMA                              0x08004d25   Thumb Code    64  stm32f0xx_ll_usb.o(i.USB_ReadPMA)
    USB_SetDevAddress                        0x08004d65   Thumb Code    16  stm32f0xx_ll_usb.o(i.USB_SetDevAddress)
    USB_WritePMA                             0x08004d75   Thumb Code    58  stm32f0xx_ll_usb.o(i.USB_WritePMA)
    __0printf$bare                           0x08004db1   Thumb Code    12  printfb.o(i.__0printf$bare)
    __1printf$bare                           0x08004db1   Thumb Code     0  printfb.o(i.__0printf$bare)
    __2printf                                0x08004db1   Thumb Code     0  printfb.o(i.__0printf$bare)
    __ARM_common_ll_muluu                    0x08004dc5   Thumb Code    48  stm32f0xx_hal_rcc.o(i.__ARM_common_ll_muluu)
    __ARM_common_switch8                     0x08004df5   Thumb Code    28  thorvald_msg.o(i.__ARM_common_switch8)
    __scatterload_copy                       0x08004e8f   Thumb Code    14  handlers.o(i.__scatterload_copy)
    __scatterload_null                       0x08004e9d   Thumb Code     2  handlers.o(i.__scatterload_null)
    __scatterload_zeroinit                   0x08004e9f   Thumb Code    14  handlers.o(i.__scatterload_zeroinit)
    fputc                                    0x08005085   Thumb Code    26  retarget_io.o(i.fputc)
    main                                     0x080050a5   Thumb Code    96  main.o(i.main)
    thorvald_msg_add_to_inbox                0x0800518d   Thumb Code    84  thorvald_msg.o(i.thorvald_msg_add_to_inbox)
    AHBPrescTable                            0x080051ff   Data          16  system_stm32f0xx.o(.constdata)
    APBPrescTable                            0x0800520f   Data           8  system_stm32f0xx.o(.constdata)
    EventRecorderInfo                        0x08005218   Data          24  eventrecorder.o(.constdata)
    Region$$Table$$Base                      0x08005230   Number         0  anon$$obj.o(Region$$Table)
    Region$$Table$$Limit                     0x08005250   Number         0  anon$$obj.o(Region$$Table)
    FS_Desc                                  0x20000004   Data          28  usbd_desc.o(.data)
    USBD_FS_DeviceDesc                       0x20000020   Data          18  usbd_desc.o(.data)
    USBD_LangIDDesc                          0x20000034   Data           4  usbd_desc.o(.data)
    USBD_StringSerial                        0x20000038   Data          26  usbd_desc.o(.data)
    lineCodingBuff                           0x20000054   Data           7  usbd_cdc_if.o(.data)
    LineCoding_t                             0x2000005c   Data           8  usbd_cdc_if.o(.data)
    USBD_Interface_fops_FS                   0x20000064   Data          16  usbd_cdc_if.o(.data)
    uwTick                                   0x20000074   Data           4  stm32f0xx_hal.o(.data)
    uwTickPrio                               0x20000078   Data           4  stm32f0xx_hal.o(.data)
    uwTickFreq                               0x2000007c   Data           1  stm32f0xx_hal.o(.data)
    SystemCoreClock                          0x20000080   Data           4  system_stm32f0xx.o(.data)
    USBD_CDC                                 0x20000094   Data          56  usbd_cdc.o(.data)
    USBD_CDC_CfgHSDesc                       0x200000cc   Data          67  usbd_cdc.o(.data)
    USBD_CDC_CfgFSDesc                       0x20000110   Data          67  usbd_cdc.o(.data)
    USBD_CDC_OtherSpeedCfgDesc               0x20000154   Data          67  usbd_cdc.o(.data)
    __stdout                                 0x200001a4   Data           4  stdout.o(.data)
    hcan                                     0x2000020c   Data          40  main.o(.bss)
    hcrc                                     0x20000234   Data          36  main.o(.bss)
    hUsbDeviceFS                             0x20000258   Data         708  usb_device.o(.bss)
    USBD_StrDesc                             0x2000051c   Data         512  usbd_desc.o(.bss)
    UserRxBufferFS                           0x2000071c   Data          64  usbd_cdc_if.o(.bss)
    UserTxBufferFS                           0x2000075c   Data          64  usbd_cdc_if.o(.bss)
    hpcd_USB_FS                              0x2000079c   Data         628  usbd_conf.o(.bss)
    __initial_sp                             0x200011e8   Data           0  startup_stm32f072xb.o(STACK)



==============================================================================

Memory Map of the image

  Image Entry point : 0x080000c1

  Load Region LR_IROM1 (Base: 0x08000000, Size: 0x000053f8, Max: 0x00020000, ABSOLUTE, COMPRESSED[0x0000531c])

    Execution Region ER_IROM1 (Exec base: 0x08000000, Load base: 0x08000000, Size: 0x00005250, Max: 0x00020000, ABSOLUTE)

    Exec Addr    Load Addr    Size         Type   Attr      Idx    E Section Name        Object

    0x08000000   0x08000000   0x000000c0   Data   RO            3    RESET               startup_stm32f072xb.o
    0x080000c0   0x080000c0   0x00000000   Code   RO         3683  * .ARM.Collect$$$$00000000  mc_p.l(entry.o)
    0x080000c0   0x080000c0   0x00000004   Code   RO         3968    .ARM.Collect$$$$00000001  mc_p.l(entry2.o)
    0x080000c4   0x080000c4   0x00000004   Code   RO         3971    .ARM.Collect$$$$00000004  mc_p.l(entry5.o)
    0x080000c8   0x080000c8   0x00000000   Code   RO         3973    .ARM.Collect$$$$00000008  mc_p.l(entry7b.o)
    0x080000c8   0x080000c8   0x00000000   Code   RO         3975    .ARM.Collect$$$$0000000A  mc_p.l(entry8b.o)
    0x080000c8   0x080000c8   0x00000008   Code   RO         3976    .ARM.Collect$$$$0000000B  mc_p.l(entry9a.o)
    0x080000d0   0x080000d0   0x00000000   Code   RO         3978    .ARM.Collect$$$$0000000D  mc_p.l(entry10a.o)
    0x080000d0   0x080000d0   0x00000000   Code   RO         3980    .ARM.Collect$$$$0000000F  mc_p.l(entry11a.o)
    0x080000d0   0x080000d0   0x00000004   Code   RO         3969    .ARM.Collect$$$$00002712  mc_p.l(entry2.o)
    0x080000d4   0x080000d4   0x0000001c   Code   RO            4    .text               startup_stm32f072xb.o
    0x080000f0   0x080000f0   0x0000002c   Code   RO         3692    .text               mc_p.l(uidiv.o)
    0x0800011c   0x0800011c   0x00000028   Code   RO         3694    .text               mc_p.l(idiv.o)
    0x08000144   0x08000144   0x00000060   Code   RO         3696    .text               mc_p.l(uldiv.o)
    0x080001a4   0x080001a4   0x00000022   Code   RO         3698    .text               mc_p.l(llushr.o)
    0x080001c6   0x080001c6   0x00000024   Code   RO         3700    .text               mc_p.l(memcpya.o)
    0x080001ea   0x080001ea   0x00000024   Code   RO         3702    .text               mc_p.l(memseta.o)
    0x0800020e   0x0800020e   0x0000000e   Code   RO         3704    .text               mc_p.l(strlen.o)
    0x0800021c   0x0800021c   0x00000020   Code   RO         3982    .text               mc_p.l(llshl.o)
    0x0800023c   0x0800023c   0x00000024   Code   RO         3995    .text               mc_p.l(init.o)
    0x08000260   0x08000260   0x00000056   Code   RO         4011    .text               mc_p.l(__dczerorl2.o)
    0x080002b6   0x080002b6   0x00000002   PAD
    0x080002b8   0x080002b8   0x000000a4   Code   RO          483    i.CDC_Control_FS    usbd_cdc_if.o
    0x0800035c   0x0800035c   0x00000004   Code   RO          484    i.CDC_DeInit_FS     usbd_cdc_if.o
    0x08000360   0x08000360   0x00000024   Code   RO          485    i.CDC_Init_FS       usbd_cdc_if.o
    0x08000384   0x08000384   0x0000001c   Code   RO          486    i.CDC_Receive_FS    usbd_cdc_if.o
    0x080003a0   0x080003a0   0x00000038   Code   RO          487    i.CDC_Transmit_FS   usbd_cdc_if.o
    0x080003d8   0x080003d8   0x0000003c   Code   RO         2951    i.CRC_Handle_16     stm32f0xx_hal_crc.o
    0x08000414   0x08000414   0x00000096   Code   RO         2952    i.CRC_Handle_8      stm32f0xx_hal_crc.o
    0x080004aa   0x080004aa   0x0000000a   Code   RO          273    i.EXTI0_1_IRQHandler  stm32f0xx_it.o
    0x080004b4   0x080004b4   0x00000004   Code   RO          168    i.Error_Handler     main.o
    0x080004b8   0x080004b8   0x0000002c   Code   RO         3492    i.EventCheckFilter  eventrecorder.o
    0x080004e4   0x080004e4   0x00000060   Code   RO         3493    i.EventGetTS        eventrecorder.o
    0x08000544   0x08000544   0x00000138   Code   RO         3496    i.EventRecordData   eventrecorder.o
    0x0800067c   0x0800067c   0x00000134   Code   RO         3497    i.EventRecordItem   eventrecorder.o
    0x080007b0   0x080007b0   0x00000058   Code   RO         3500    i.EventRecorderEnable  eventrecorder.o
    0x08000808   0x08000808   0x00000128   Code   RO         3501    i.EventRecorderInitialize  eventrecorder.o
    0x08000930   0x08000930   0x00000034   Code   RO         3502    i.EventRecorderStart  eventrecorder.o
    0x08000964   0x08000964   0x00000014   Code   RO         3504    i.EventRecorderTimerGetCount  eventrecorder.o
    0x08000978   0x08000978   0x00000010   Code   RO         3506    i.EventRecorderTimerSetup  eventrecorder.o
    0x08000988   0x08000988   0x00000020   Code   RO         3507    i.GetContext        eventrecorder.o
    0x080009a8   0x080009a8   0x00000030   Code   RO          404    i.Get_SerialNum     usbd_desc.o
    0x080009d8   0x080009d8   0x0000017c   Code   RO         2735    i.HAL_CAN_Init      stm32f0xx_hal_can.o
    0x08000b54   0x08000b54   0x00000084   Code   RO          334    i.HAL_CAN_MspInit   stm32f0xx_hal_msp.o
    0x08000bd8   0x08000bd8   0x0000006a   Code   RO         3019    i.HAL_CRCEx_Polynomial_Set  stm32f0xx_hal_crc_ex.o
    0x08000c42   0x08000c42   0x0000006c   Code   RO         2954    i.HAL_CRC_Calculate  stm32f0xx_hal_crc.o
    0x08000cae   0x08000cae   0x00000002   PAD
    0x08000cb0   0x08000cb0   0x0000008c   Code   RO         2957    i.HAL_CRC_Init      stm32f0xx_hal_crc.o
    0x08000d3c   0x08000d3c   0x00000030   Code   RO          336    i.HAL_CRC_MspInit   stm32f0xx_hal_msp.o
    0x08000d6c   0x08000d6c   0x0000002c   Code   RO         1390    i.HAL_Delay         stm32f0xx_hal.o
    0x08000d98   0x08000d98   0x00000034   Code   RO          169    i.HAL_GPIO_EXTI_Callback  main.o
    0x08000dcc   0x08000dcc   0x00000020   Code   RO         2048    i.HAL_GPIO_EXTI_IRQHandler  stm32f0xx_hal_gpio.o
    0x08000dec   0x08000dec   0x000001f8   Code   RO         2049    i.HAL_GPIO_Init     stm32f0xx_hal_gpio.o
    0x08000fe4   0x08000fe4   0x00000012   Code   RO         2052    i.HAL_GPIO_TogglePin  stm32f0xx_hal_gpio.o
    0x08000ff6   0x08000ff6   0x0000000c   Code   RO         2053    i.HAL_GPIO_WritePin  stm32f0xx_hal_gpio.o
    0x08001002   0x08001002   0x00000002   PAD
    0x08001004   0x08001004   0x0000000c   Code   RO         1394    i.HAL_GetTick       stm32f0xx_hal.o
    0x08001010   0x08001010   0x00000018   Code   RO         1400    i.HAL_IncTick       stm32f0xx_hal.o
    0x08001028   0x08001028   0x00000020   Code   RO         1401    i.HAL_Init          stm32f0xx_hal.o
    0x08001048   0x08001048   0x00000054   Code   RO         1402    i.HAL_InitTick      stm32f0xx_hal.o
    0x0800109c   0x0800109c   0x00000040   Code   RO          337    i.HAL_MspInit       stm32f0xx_hal_msp.o
    0x080010dc   0x080010dc   0x0000001c   Code   RO         2206    i.HAL_NVIC_EnableIRQ  stm32f0xx_hal_cortex.o
    0x080010f8   0x080010f8   0x00000012   Code   RO         2210    i.HAL_NVIC_SetPriority  stm32f0xx_hal_cortex.o
    0x0800110a   0x0800110a   0x00000032   Code   RO         1144    i.HAL_PCDEx_ActivateLPM  stm32f0xx_hal_pcd_ex.o
    0x0800113c   0x0800113c   0x00000002   Code   RO         1149    i.HAL_PCDEx_LPM_Callback  stm32f0xx_hal_pcd_ex.o
    0x0800113e   0x0800113e   0x0000003e   Code   RO         1150    i.HAL_PCDEx_PMAConfig  stm32f0xx_hal_pcd_ex.o
    0x0800117c   0x0800117c   0x0000001e   Code   RO          532    i.HAL_PCD_DataInStageCallback  usbd_conf.o
    0x0800119a   0x0800119a   0x00000020   Code   RO          533    i.HAL_PCD_DataOutStageCallback  usbd_conf.o
    0x080011ba   0x080011ba   0x0000006c   Code   RO          941    i.HAL_PCD_EP_Close  stm32f0xx_hal_pcd.o
    0x08001226   0x08001226   0x0000007e   Code   RO          942    i.HAL_PCD_EP_ClrStall  stm32f0xx_hal_pcd.o
    0x080012a4   0x080012a4   0x00000012   Code   RO          944    i.HAL_PCD_EP_GetRxCount  stm32f0xx_hal_pcd.o
    0x080012b6   0x080012b6   0x0000008e   Code   RO          945    i.HAL_PCD_EP_Open   stm32f0xx_hal_pcd.o
    0x08001344   0x08001344   0x00000048   Code   RO          946    i.HAL_PCD_EP_Receive  stm32f0xx_hal_pcd.o
    0x0800138c   0x0800138c   0x00000090   Code   RO          947    i.HAL_PCD_EP_SetStall  stm32f0xx_hal_pcd.o
    0x0800141c   0x0800141c   0x00000048   Code   RO          948    i.HAL_PCD_EP_Transmit  stm32f0xx_hal_pcd.o
    0x08001464   0x08001464   0x00000200   Code   RO          950    i.HAL_PCD_IRQHandler  stm32f0xx_hal_pcd.o
    0x08001664   0x08001664   0x00000112   Code   RO          953    i.HAL_PCD_Init      stm32f0xx_hal_pcd.o
    0x08001776   0x08001776   0x00000002   PAD
    0x08001778   0x08001778   0x00000048   Code   RO          538    i.HAL_PCD_MspInit   usbd_conf.o
    0x080017c0   0x080017c0   0x00000028   Code   RO          539    i.HAL_PCD_ResetCallback  usbd_conf.o
    0x080017e8   0x080017e8   0x0000002c   Code   RO          540    i.HAL_PCD_ResumeCallback  usbd_conf.o
    0x08001814   0x08001814   0x00000010   Code   RO          541    i.HAL_PCD_SOFCallback  usbd_conf.o
    0x08001824   0x08001824   0x00000042   Code   RO          959    i.HAL_PCD_SetAddress  stm32f0xx_hal_pcd.o
    0x08001866   0x08001866   0x00000016   Code   RO          542    i.HAL_PCD_SetupStageCallback  usbd_conf.o
    0x0800187c   0x0800187c   0x00000040   Code   RO          961    i.HAL_PCD_Start     stm32f0xx_hal_pcd.o
    0x080018bc   0x080018bc   0x00000028   Code   RO          543    i.HAL_PCD_SuspendCallback  usbd_conf.o
    0x080018e4   0x080018e4   0x000001a4   Code   RO         1310    i.HAL_RCCEx_PeriphCLKConfig  stm32f0xx_hal_rcc_ex.o
    0x08001a88   0x08001a88   0x00000184   Code   RO         1206    i.HAL_RCC_ClockConfig  stm32f0xx_hal_rcc.o
    0x08001c0c   0x08001c0c   0x00000108   Code   RO         1214    i.HAL_RCC_GetSysClockFreq  stm32f0xx_hal_rcc.o
    0x08001d14   0x08001d14   0x0000063c   Code   RO         1217    i.HAL_RCC_OscConfig  stm32f0xx_hal_rcc.o
    0x08002350   0x08002350   0x00000038   Code   RO         2214    i.HAL_SYSTICK_Config  stm32f0xx_hal_cortex.o
    0x08002388   0x08002388   0x00000004   Code   RO          274    i.HardFault_Handler  stm32f0xx_it.o
    0x0800238c   0x0800238c   0x00000036   Code   RO          405    i.IntToUnicode      usbd_desc.o
    0x080023c2   0x080023c2   0x00000002   PAD
    0x080023c4   0x080023c4   0x0000003c   Code   RO          170    i.MX_CAN_Init       main.o
    0x08002400   0x08002400   0x0000005c   Code   RO          171    i.MX_CRC_Init       main.o
    0x0800245c   0x0800245c   0x00000150   Code   RO          172    i.MX_GPIO_Init      main.o
    0x080025ac   0x080025ac   0x00000054   Code   RO          377    i.MX_USB_DEVICE_Init  usb_device.o
    0x08002600   0x08002600   0x00000002   Code   RO          275    i.NMI_Handler       stm32f0xx_it.o
    0x08002602   0x08002602   0x00000002   PAD
    0x08002604   0x08002604   0x000003d8   Code   RO          964    i.PCD_EP_ISR_Handler  stm32f0xx_hal_pcd.o
    0x080029dc   0x080029dc   0x00000002   Code   RO          276    i.PendSV_Handler    stm32f0xx_it.o
    0x080029de   0x080029de   0x00000002   Code   RO          277    i.SVC_Handler       stm32f0xx_it.o
    0x080029e0   0x080029e0   0x00000008   Code   RO          278    i.SysTick_Handler   stm32f0xx_it.o
    0x080029e8   0x080029e8   0x00000008   Code   RO          544    i.SystemClockConfig_Resume  usbd_conf.o
    0x080029f0   0x080029f0   0x00000084   Code   RO          173    i.SystemClock_Config  main.o
    0x08002a74   0x08002a74   0x00000002   Code   RO         3078    i.SystemInit        system_stm32f0xx.o
    0x08002a76   0x08002a76   0x0000007a   Code   RO         3391    i.USBD_CDC_DataIn   usbd_cdc.o
    0x08002af0   0x08002af0   0x00000048   Code   RO         3392    i.USBD_CDC_DataOut  usbd_cdc.o
    0x08002b38   0x08002b38   0x00000062   Code   RO         3393    i.USBD_CDC_DeInit   usbd_cdc.o
    0x08002b9a   0x08002b9a   0x00000002   PAD
    0x08002b9c   0x08002b9c   0x00000048   Code   RO         3394    i.USBD_CDC_EP0_RxReady  usbd_cdc.o
    0x08002be4   0x08002be4   0x00000010   Code   RO         3395    i.USBD_CDC_GetDeviceQualifierDescriptor  usbd_cdc.o
    0x08002bf4   0x08002bf4   0x00000010   Code   RO         3396    i.USBD_CDC_GetFSCfgDesc  usbd_cdc.o
    0x08002c04   0x08002c04   0x00000010   Code   RO         3397    i.USBD_CDC_GetHSCfgDesc  usbd_cdc.o
    0x08002c14   0x08002c14   0x00000010   Code   RO         3398    i.USBD_CDC_GetOtherSpeedCfgDesc  usbd_cdc.o
    0x08002c24   0x08002c24   0x000000d2   Code   RO         3399    i.USBD_CDC_Init     usbd_cdc.o
    0x08002cf6   0x08002cf6   0x00000048   Code   RO         3400    i.USBD_CDC_ReceivePacket  usbd_cdc.o
    0x08002d3e   0x08002d3e   0x00000014   Code   RO         3401    i.USBD_CDC_RegisterInterface  usbd_cdc.o
    0x08002d52   0x08002d52   0x00000014   Code   RO         3402    i.USBD_CDC_SetRxBuffer  usbd_cdc.o
    0x08002d66   0x08002d66   0x0000001c   Code   RO         3403    i.USBD_CDC_SetTxBuffer  usbd_cdc.o
    0x08002d82   0x08002d82   0x00000112   Code   RO         3404    i.USBD_CDC_Setup    usbd_cdc.o
    0x08002e94   0x08002e94   0x0000004e   Code   RO         3405    i.USBD_CDC_TransmitPacket  usbd_cdc.o
    0x08002ee2   0x08002ee2   0x0000001a   Code   RO         3110    i.USBD_ClrClassConfig  usbd_core.o
    0x08002efc   0x08002efc   0x00000046   Code   RO         3244    i.USBD_ClrFeature   usbd_ctlreq.o
    0x08002f42   0x08002f42   0x00000018   Code   RO         3335    i.USBD_CtlContinueRx  usbd_ioreq.o
    0x08002f5a   0x08002f5a   0x00000018   Code   RO         3336    i.USBD_CtlContinueSendData  usbd_ioreq.o
    0x08002f72   0x08002f72   0x00000018   Code   RO         3245    i.USBD_CtlError     usbd_ctlreq.o
    0x08002f8a   0x08002f8a   0x0000002c   Code   RO         3337    i.USBD_CtlPrepareRx  usbd_ioreq.o
    0x08002fb6   0x08002fb6   0x0000001c   Code   RO         3338    i.USBD_CtlReceiveStatus  usbd_ioreq.o
    0x08002fd2   0x08002fd2   0x00000026   Code   RO         3339    i.USBD_CtlSendData  usbd_ioreq.o
    0x08002ff8   0x08002ff8   0x0000001e   Code   RO         3340    i.USBD_CtlSendStatus  usbd_ioreq.o
    0x08003016   0x08003016   0x00000002   PAD
    0x08003018   0x08003018   0x00000034   Code   RO          406    i.USBD_FS_ConfigStrDescriptor  usbd_desc.o
    0x0800304c   0x0800304c   0x00000010   Code   RO          407    i.USBD_FS_DeviceDescriptor  usbd_desc.o
    0x0800305c   0x0800305c   0x00000038   Code   RO          408    i.USBD_FS_InterfaceStrDescriptor  usbd_desc.o
    0x08003094   0x08003094   0x00000010   Code   RO          409    i.USBD_FS_LangIDStrDescriptor  usbd_desc.o
    0x080030a4   0x080030a4   0x00000028   Code   RO          410    i.USBD_FS_ManufacturerStrDescriptor  usbd_desc.o
    0x080030cc   0x080030cc   0x00000044   Code   RO          411    i.USBD_FS_ProductStrDescriptor  usbd_desc.o
    0x08003110   0x08003110   0x00000018   Code   RO          412    i.USBD_FS_SerialStrDescriptor  usbd_desc.o
    0x08003128   0x08003128   0x0000005a   Code   RO         3246    i.USBD_GetConfig    usbd_ctlreq.o
    0x08003182   0x08003182   0x00000250   Code   RO         3247    i.USBD_GetDescriptor  usbd_ctlreq.o
    0x080033d2   0x080033d2   0x00000014   Code   RO         3248    i.USBD_GetLen       usbd_ctlreq.o
    0x080033e6   0x080033e6   0x00000064   Code   RO         3249    i.USBD_GetStatus    usbd_ctlreq.o
    0x0800344a   0x0800344a   0x0000004e   Code   RO         3250    i.USBD_GetString    usbd_ctlreq.o
    0x08003498   0x08003498   0x0000002e   Code   RO          545    i.USBD_Get_USB_Status  usbd_conf.o
    0x080034c6   0x080034c6   0x00000048   Code   RO         3112    i.USBD_Init         usbd_core.o
    0x0800350e   0x0800350e   0x00000026   Code   RO          546    i.USBD_LL_ClearStallEP  usbd_conf.o
    0x08003534   0x08003534   0x00000026   Code   RO          547    i.USBD_LL_CloseEP   usbd_conf.o
    0x0800355a   0x0800355a   0x00000136   Code   RO         3113    i.USBD_LL_DataInStage  usbd_core.o
    0x08003690   0x08003690   0x000000cc   Code   RO         3114    i.USBD_LL_DataOutStage  usbd_core.o
    0x0800375c   0x0800375c   0x00000016   Code   RO          551    i.USBD_LL_GetRxDataSize  usbd_conf.o
    0x08003772   0x08003772   0x00000002   PAD
    0x08003774   0x08003774   0x000000a8   Code   RO          552    i.USBD_LL_Init      usbd_conf.o
    0x0800381c   0x0800381c   0x00000032   Code   RO          553    i.USBD_LL_IsStallEP  usbd_conf.o
    0x0800384e   0x0800384e   0x00000030   Code   RO          554    i.USBD_LL_OpenEP    usbd_conf.o
    0x0800387e   0x0800387e   0x00000030   Code   RO          555    i.USBD_LL_PrepareReceive  usbd_conf.o
    0x080038ae   0x080038ae   0x00000072   Code   RO         3119    i.USBD_LL_Reset     usbd_core.o
    0x08003920   0x08003920   0x00000022   Code   RO         3120    i.USBD_LL_Resume    usbd_core.o
    0x08003942   0x08003942   0x00000030   Code   RO         3121    i.USBD_LL_SOF       usbd_core.o
    0x08003972   0x08003972   0x00000008   Code   RO         3122    i.USBD_LL_SetSpeed  usbd_core.o
    0x0800397a   0x0800397a   0x00000026   Code   RO          556    i.USBD_LL_SetUSBAddress  usbd_conf.o
    0x080039a0   0x080039a0   0x0000008c   Code   RO         3123    i.USBD_LL_SetupStage  usbd_core.o
    0x08003a2c   0x08003a2c   0x00000026   Code   RO          557    i.USBD_LL_StallEP   usbd_conf.o
    0x08003a52   0x08003a52   0x00000022   Code   RO          558    i.USBD_LL_Start     usbd_conf.o
    0x08003a74   0x08003a74   0x00000020   Code   RO         3124    i.USBD_LL_Suspend   usbd_core.o
    0x08003a94   0x08003a94   0x00000030   Code   RO          560    i.USBD_LL_Transmit  usbd_conf.o
    0x08003ac4   0x08003ac4   0x00000028   Code   RO         3251    i.USBD_ParseSetupRequest  usbd_ctlreq.o
    0x08003aec   0x08003aec   0x00000016   Code   RO         3125    i.USBD_RegisterClass  usbd_core.o
    0x08003b02   0x08003b02   0x00000006   Code   RO         3126    i.USBD_RunTestMode  usbd_core.o
    0x08003b08   0x08003b08   0x00000070   Code   RO         3252    i.USBD_SetAddress   usbd_ctlreq.o
    0x08003b78   0x08003b78   0x0000002e   Code   RO         3127    i.USBD_SetClassConfig  usbd_core.o
    0x08003ba6   0x08003ba6   0x00000002   PAD
    0x08003ba8   0x08003ba8   0x000000f8   Code   RO         3253    i.USBD_SetConfig    usbd_ctlreq.o
    0x08003ca0   0x08003ca0   0x0000001c   Code   RO         3254    i.USBD_SetFeature   usbd_ctlreq.o
    0x08003cbc   0x08003cbc   0x0000000e   Code   RO         3128    i.USBD_Start        usbd_core.o
    0x08003cca   0x08003cca   0x000000a8   Code   RO         3255    i.USBD_StdDevReq    usbd_ctlreq.o
    0x08003d72   0x08003d72   0x00000256   Code   RO         3256    i.USBD_StdEPReq     usbd_ctlreq.o
    0x08003fc8   0x08003fc8   0x0000008c   Code   RO         3257    i.USBD_StdItfReq    usbd_ctlreq.o
    0x08004054   0x08004054   0x00000002   Code   RO          561    i.USBD_static_free  usbd_conf.o
    0x08004056   0x08004056   0x00000002   PAD
    0x08004058   0x08004058   0x0000000c   Code   RO          562    i.USBD_static_malloc  usbd_conf.o
    0x08004064   0x08004064   0x00000480   Code   RO          738    i.USB_ActivateEndpoint  stm32f0xx_ll_usb.o
    0x080044e4   0x080044e4   0x00000264   Code   RO          743    i.USB_DeactivateEndpoint  stm32f0xx_ll_usb.o
    0x08004748   0x08004748   0x00000014   Code   RO          744    i.USB_DevConnect    stm32f0xx_ll_usb.o
    0x0800475c   0x0800475c   0x00000020   Code   RO          746    i.USB_DevInit       stm32f0xx_ll_usb.o
    0x0800477c   0x0800477c   0x00000018   Code   RO          747    i.USB_DisableGlobalInt  stm32f0xx_ll_usb.o
    0x08004794   0x08004794   0x00000006   Code   RO          748    i.USB_EP0_OutStart  stm32f0xx_ll_usb.o
    0x0800479a   0x0800479a   0x00000002   PAD
    0x0800479c   0x0800479c   0x000000d8   Code   RO          749    i.USB_EPClearStall  stm32f0xx_ll_usb.o
    0x08004874   0x08004874   0x0000005c   Code   RO          750    i.USB_EPSetStall    stm32f0xx_ll_usb.o
    0x080048d0   0x080048d0   0x00000424   Code   RO          751    i.USB_EPStartXfer   stm32f0xx_ll_usb.o
    0x08004cf4   0x08004cf4   0x00000018   Code   RO          752    i.USB_EnableGlobalInt  stm32f0xx_ll_usb.o
    0x08004d0c   0x08004d0c   0x00000010   Code   RO          279    i.USB_IRQHandler    stm32f0xx_it.o
    0x08004d1c   0x08004d1c   0x00000008   Code   RO          759    i.USB_ReadInterrupts  stm32f0xx_ll_usb.o
    0x08004d24   0x08004d24   0x00000040   Code   RO          760    i.USB_ReadPMA       stm32f0xx_ll_usb.o
    0x08004d64   0x08004d64   0x00000010   Code   RO          763    i.USB_SetDevAddress  stm32f0xx_ll_usb.o
    0x08004d74   0x08004d74   0x0000003a   Code   RO          766    i.USB_WritePMA      stm32f0xx_ll_usb.o
    0x08004dae   0x08004dae   0x00000002   PAD
    0x08004db0   0x08004db0   0x00000014   Code   RO         3709    i.__0printf$bare    mc_p.l(printfb.o)
    0x08004dc4   0x08004dc4   0x00000030   Code   RO         1292    i.__ARM_common_ll_muluu  stm32f0xx_hal_rcc.o
    0x08004df4   0x08004df4   0x0000001c   Code   RO           45    i.__ARM_common_switch8  thorvald_msg.o
    0x08004e10   0x08004e10   0x00000078   Code   RO         2216    i.__NVIC_SetPriority  stm32f0xx_hal_cortex.o
    0x08004e88   0x08004e88   0x00000006   Code   RO         3508    i.__get_PRIMASK     eventrecorder.o
    0x08004e8e   0x08004e8e   0x0000000e   Code   RO         4005    i.__scatterload_copy  mc_p.l(handlers.o)
    0x08004e9c   0x08004e9c   0x00000002   Code   RO         4006    i.__scatterload_null  mc_p.l(handlers.o)
    0x08004e9e   0x08004e9e   0x0000000e   Code   RO         4007    i.__scatterload_zeroinit  mc_p.l(handlers.o)
    0x08004eac   0x08004eac   0x00000038   Code   RO           12    i._command_byte     thorvald_msg.o
    0x08004ee4   0x08004ee4   0x00000030   Code   RO           13    i._parse_can_pkt    thorvald_msg.o
    0x08004f14   0x08004f14   0x0000001e   Code   RO         3716    i._printf_core      mc_p.l(printfb.o)
    0x08004f32   0x08004f32   0x00000002   PAD
    0x08004f34   0x08004f34   0x000000f0   Code   RO           14    i._process_inbox    thorvald_msg.o
    0x08005024   0x08005024   0x0000001c   Code   RO         3509    i.atomic_inc32      eventrecorder.o
    0x08005040   0x08005040   0x00000044   Code   RO         3510    i.crc16_ccitt       eventrecorder.o
    0x08005084   0x08005084   0x00000020   Code   RO         3628    i.fputc             retarget_io.o
    0x080050a4   0x080050a4   0x00000098   Code   RO          175    i.main              main.o
    0x0800513c   0x0800513c   0x00000050   Code   RO         3629    i.stdout_putchar    retarget_io.o
    0x0800518c   0x0800518c   0x00000064   Code   RO           15    i.thorvald_msg_add_to_inbox  thorvald_msg.o
    0x080051f0   0x080051f0   0x0000000f   Data   RO          177    .constdata          main.o
    0x080051ff   0x080051ff   0x00000018   Data   RO         3079    .constdata          system_stm32f0xx.o
    0x08005217   0x08005217   0x00000001   PAD
    0x08005218   0x08005218   0x00000018   Data   RO         3512    .constdata          eventrecorder.o
    0x08005230   0x08005230   0x00000020   Data   RO         4003    Region$$Table       anon$$obj.o


    Execution Region RW_IRAM1 (Exec base: 0x20000000, Load base: 0x08005250, Size: 0x000011e8, Max: 0x00004000, ABSOLUTE, COMPRESSED[0x000000cc])

    Exec Addr    Load Addr    Size         Type   Attr      Idx    E Section Name        Object

    0x20000000   COMPRESSED   0x00000004   Data   RW           17    .data               thorvald_msg.o
    0x20000004   COMPRESSED   0x0000004e   Data   RW          414    .data               usbd_desc.o
    0x20000052   COMPRESSED   0x00000002   PAD
    0x20000054   COMPRESSED   0x00000020   Data   RW          489    .data               usbd_cdc_if.o
    0x20000074   COMPRESSED   0x00000009   Data   RW         1408    .data               stm32f0xx_hal.o
    0x2000007d   COMPRESSED   0x00000003   PAD
    0x20000080   COMPRESSED   0x00000004   Data   RW         3080    .data               system_stm32f0xx.o
    0x20000084   COMPRESSED   0x00000001   Data   RW         3258    .data               usbd_ctlreq.o
    0x20000085   COMPRESSED   0x00000003   PAD
    0x20000088   COMPRESSED   0x0000010f   Data   RW         3406    .data               usbd_cdc.o
    0x20000197   COMPRESSED   0x00000001   PAD
    0x20000198   COMPRESSED   0x0000000c   Data   RW         3630    .data               retarget_io.o
    0x200001a4   COMPRESSED   0x00000004   Data   RW         3690    .data               mc_p.l(stdout.o)
    0x200001a8        -       0x00000064   Zero   RW           16    .bss                thorvald_msg.o
    0x2000020c        -       0x0000004c   Zero   RW          176    .bss                main.o
    0x20000258        -       0x000002c4   Zero   RW          378    .bss                usb_device.o
    0x2000051c        -       0x00000200   Zero   RW          413    .bss                usbd_desc.o
    0x2000071c        -       0x00000080   Zero   RW          488    .bss                usbd_cdc_if.o
    0x2000079c        -       0x00000494   Zero   RW          563    .bss                usbd_conf.o
    0x20000c30   COMPRESSED   0x00000010   PAD
    0x20000c40        -       0x000001a8   Zero   RW         3511    .bss.noinit         eventrecorder.o
    0x20000de8        -       0x00000400   Zero   RW            1    STACK               startup_stm32f072xb.o


==============================================================================

Image component sizes


      Code (inc. data)   RO Data    RW Data    ZI Data      Debug   Object Name

      1366         96         24          0        424      16118   eventrecorder.o
       828        116         15          0         76      10736   main.o
       112         18          0         12          0       2460   retarget_io.o
        28          8        192          0       1024        620   startup_stm32f072xb.o
       196         38          0          9          0       8457   stm32f0xx_hal.o
       380          0          0          0          0       1291   stm32f0xx_hal_can.o
       222         26          0          0          0      10305   stm32f0xx_hal_cortex.o
       458          6          0          0          0       3315   stm32f0xx_hal_crc.o
       106          0          0          0          0       1175   stm32f0xx_hal_crc_ex.o
       566         36          0          0          0       3344   stm32f0xx_hal_gpio.o
       244         26          0          0          0       2030   stm32f0xx_hal_msp.o
      2582         22          0          0          0      10425   stm32f0xx_hal_pcd.o
       114          0          0          0          0       2323   stm32f0xx_hal_pcd_ex.o
      2296         84          0          0          0       4184   stm32f0xx_hal_rcc.o
       420         14          0          0          0       1516   stm32f0xx_hal_rcc_ex.o
        44          6          0          0          0       2981   stm32f0xx_it.o
      3384         82          0          0          0      14935   stm32f0xx_ll_usb.o
         2          0         24          4          0       1087   system_stm32f0xx.o
       472         78          0          4        100     466763   thorvald_msg.o
        84         16          0          0        708        740   usb_device.o
      1130         28          0        271          0      12754   usbd_cdc.o
       288         28          0         32        128       3664   usbd_cdc_if.o
       934         42          0          0       1172      14390   usbd_conf.o
      1076          0          0          0          0       9723   usbd_core.o
      2308         34          0          1          0      10492   usbd_ctlreq.o
       374        114          0         78        512       6461   usbd_desc.o
       188          0          0          0          0       4436   usbd_ioreq.o

    ----------------------------------------------------------------------
     20226        918        288        420       4160     626725   Object Totals
         0          0         32          0          0          0   (incl. Generated)
        24          0          1          9         16          0   (incl. Padding)

    ----------------------------------------------------------------------

      Code (inc. data)   RO Data    RW Data    ZI Data      Debug   Library Member Name

        86          0          0          0          0          0   __dczerorl2.o
         0          0          0          0          0          0   entry.o
         0          0          0          0          0          0   entry10a.o
         0          0          0          0          0          0   entry11a.o
         8          4          0          0          0          0   entry2.o
         4          0          0          0          0          0   entry5.o
         0          0          0          0          0          0   entry7b.o
         0          0          0          0          0          0   entry8b.o
         8          4          0          0          0          0   entry9a.o
        30          0          0          0          0          0   handlers.o
        40          0          0          0          0         72   idiv.o
        36          8          0          0          0         68   init.o
        32          0          0          0          0         68   llshl.o
        34          0          0          0          0         68   llushr.o
        36          0          0          0          0         60   memcpya.o
        36          0          0          0          0        100   memseta.o
        50          8          0          0          0        144   printfb.o
         0          0          0          4          0          0   stdout.o
        14          0          0          0          0         60   strlen.o
        44          0          0          0          0         72   uidiv.o
        96          0          0          0          0         84   uldiv.o

    ----------------------------------------------------------------------
       558         24          0          4          0        796   Library Totals
         4          0          0          0          0          0   (incl. Padding)

    ----------------------------------------------------------------------

      Code (inc. data)   RO Data    RW Data    ZI Data      Debug   Library Name

       554         24          0          4          0        796   mc_p.l

    ----------------------------------------------------------------------
       558         24          0          4          0        796   Library Totals

    ----------------------------------------------------------------------

==============================================================================


      Code (inc. data)   RO Data    RW Data    ZI Data      Debug   

     20784        942        288        424       4160     619825   Grand Totals
     20784        942        288        204       4160     619825   ELF Image Totals (compressed)
     20784        942        288        204          0          0   ROM Totals

==============================================================================

    Total RO  Size (Code + RO Data)                21072 (  20.58kB)
    Total RW  Size (RW Data + ZI Data)              4584 (   4.48kB)
    Total ROM Size (Code + RO Data + RW Data)      21276 (  20.78kB)

==============================================================================

