Component: ARM Compiler 5.06 update 6 (build 750) Tool: armlink [4d35ed]

==============================================================================

Section Cross References

    startup_stm32f072xb.o(RESET) refers to startup_stm32f072xb.o(STACK) for __initial_sp
    startup_stm32f072xb.o(RESET) refers to startup_stm32f072xb.o(.text) for Reset_Handler
    startup_stm32f072xb.o(RESET) refers to stm32f0xx_it.o(i.NMI_Handler) for NMI_Handler
    startup_stm32f072xb.o(RESET) refers to stm32f0xx_it.o(i.HardFault_Handler) for HardFault_Handler
    startup_stm32f072xb.o(RESET) refers to stm32f0xx_it.o(i.SVC_Handler) for SVC_Handler
    startup_stm32f072xb.o(RESET) refers to stm32f0xx_it.o(i.PendSV_Handler) for PendSV_Handler
    startup_stm32f072xb.o(RESET) refers to stm32f0xx_it.o(i.SysTick_Handler) for SysTick_Handler
    startup_stm32f072xb.o(RESET) refers to stm32f0xx_it.o(i.EXTI0_1_IRQHandler) for EXTI0_1_IRQHandler
    startup_stm32f072xb.o(RESET) refers to stm32f0xx_it.o(i.USB_IRQHandler) for USB_IRQHandler
    startup_stm32f072xb.o(.text) refers to system_stm32f0xx.o(i.SystemInit) for SystemInit
    startup_stm32f072xb.o(.text) refers to entry.o(.ARM.Collect$$$$00000000) for __main
    main.o(i.HAL_GPIO_EXTI_Callback) refers to stm32f0xx_hal_gpio.o(i.HAL_GPIO_TogglePin) for HAL_GPIO_TogglePin
    main.o(i.HAL_GPIO_EXTI_Callback) refers to strlen.o(.text) for strlen
    main.o(i.HAL_GPIO_EXTI_Callback) refers to usbd_cdc_if.o(i.CDC_Transmit_FS) for CDC_Transmit_FS
    main.o(i.HAL_GPIO_EXTI_Callback) refers to main.o(.constdata) for .constdata
    main.o(i.MX_CAN_Init) refers to stm32f0xx_hal_can.o(i.HAL_CAN_Init) for HAL_CAN_Init
    main.o(i.MX_CAN_Init) refers to main.o(i.Error_Handler) for Error_Handler
    main.o(i.MX_CAN_Init) refers to main.o(.bss) for hcan
    main.o(i.MX_GPIO_Init) refers to memseta.o(.text) for __aeabi_memclr4
    main.o(i.MX_GPIO_Init) refers to stm32f0xx_hal_gpio.o(i.HAL_GPIO_WritePin) for HAL_GPIO_WritePin
    main.o(i.MX_GPIO_Init) refers to stm32f0xx_hal_gpio.o(i.HAL_GPIO_Init) for HAL_GPIO_Init
    main.o(i.MX_GPIO_Init) refers to stm32f0xx_hal_cortex.o(i.HAL_NVIC_SetPriority) for HAL_NVIC_SetPriority
    main.o(i.MX_GPIO_Init) refers to stm32f0xx_hal_cortex.o(i.HAL_NVIC_EnableIRQ) for HAL_NVIC_EnableIRQ
    main.o(i.SystemClock_Config) refers to memseta.o(.text) for __aeabi_memclr4
    main.o(i.SystemClock_Config) refers to stm32f0xx_hal_rcc.o(i.HAL_RCC_OscConfig) for HAL_RCC_OscConfig
    main.o(i.SystemClock_Config) refers to main.o(i.Error_Handler) for Error_Handler
    main.o(i.SystemClock_Config) refers to stm32f0xx_hal_rcc.o(i.HAL_RCC_ClockConfig) for HAL_RCC_ClockConfig
    main.o(i.SystemClock_Config) refers to stm32f0xx_hal_rcc_ex.o(i.HAL_RCCEx_PeriphCLKConfig) for HAL_RCCEx_PeriphCLKConfig
    main.o(i.main) refers to stm32f0xx_hal.o(i.HAL_Init) for HAL_Init
    main.o(i.main) refers to main.o(i.SystemClock_Config) for SystemClock_Config
    main.o(i.main) refers to main.o(i.MX_GPIO_Init) for MX_GPIO_Init
    main.o(i.main) refers to usb_device.o(i.MX_USB_DEVICE_Init) for MX_USB_DEVICE_Init
    main.o(i.main) refers to main.o(i.MX_CAN_Init) for MX_CAN_Init
    main.o(i.main) refers to memcpya.o(.text) for __aeabi_memcpy4
    main.o(i.main) refers to stm32f0xx_hal_gpio.o(i.HAL_GPIO_WritePin) for HAL_GPIO_WritePin
    main.o(i.main) refers to strlen.o(.text) for strlen
    main.o(i.main) refers to usbd_cdc_if.o(i.CDC_Transmit_FS) for CDC_Transmit_FS
    main.o(i.main) refers to stm32f0xx_hal.o(i.HAL_Delay) for HAL_Delay
    stm32f0xx_it.o(i.EXTI0_1_IRQHandler) refers to stm32f0xx_hal_gpio.o(i.HAL_GPIO_EXTI_IRQHandler) for HAL_GPIO_EXTI_IRQHandler
    stm32f0xx_it.o(i.SysTick_Handler) refers to stm32f0xx_hal.o(i.HAL_IncTick) for HAL_IncTick
    stm32f0xx_it.o(i.USB_IRQHandler) refers to stm32f0xx_hal_pcd.o(i.HAL_PCD_IRQHandler) for HAL_PCD_IRQHandler
    stm32f0xx_it.o(i.USB_IRQHandler) refers to usbd_conf.o(.bss) for hpcd_USB_FS
    stm32f0xx_hal_msp.o(i.HAL_CAN_MspDeInit) refers to stm32f0xx_hal_gpio.o(i.HAL_GPIO_DeInit) for HAL_GPIO_DeInit
    stm32f0xx_hal_msp.o(i.HAL_CAN_MspInit) refers to memseta.o(.text) for __aeabi_memclr4
    stm32f0xx_hal_msp.o(i.HAL_CAN_MspInit) refers to stm32f0xx_hal_gpio.o(i.HAL_GPIO_Init) for HAL_GPIO_Init
    thorvald_packet.o(i._parse_can_pkt) refers to memcpya.o(.text) for __aeabi_memcpy
    thorvald_packet.o(i.thorvald_packet_parse) refers to memcpya.o(.text) for __aeabi_memcpy
    thorvald_packet.o(i.thorvald_packet_parse) refers to thorvald_packet.o(i._command_byte) for _command_byte
    thorvald_packet.o(i.thorvald_packet_parse) refers to thorvald_packet.o(i._parse_can_pkt) for _parse_can_pkt
    thorvald_packet.o(i.thorvald_packet_parse) refers to thorvald_packet.o(.bss) for rxBuffer
    usb_device.o(i.MX_USB_DEVICE_Init) refers to usbd_core.o(i.USBD_Init) for USBD_Init
    usb_device.o(i.MX_USB_DEVICE_Init) refers to main.o(i.Error_Handler) for Error_Handler
[...]
    Removing stm32f0xx_hal_pwr_ex.o(i.HAL_PWR_ConfigPVD), (176 bytes).
    Removing stm32f0xx_hal_pwr_ex.o(i.HAL_PWR_DisablePVD), (20 bytes).
    Removing stm32f0xx_hal_pwr_ex.o(i.HAL_PWR_EnablePVD), (20 bytes).
    Removing stm32f0xx_hal_pwr_ex.o(i.HAL_PWR_PVDCallback), (2 bytes).
    Removing stm32f0xx_hal_pwr_ex.o(i.HAL_PWR_PVD_IRQHandler), (36 bytes).
    Removing stm32f0xx_hal_flash.o(.rev16_text), (4 bytes).
    Removing stm32f0xx_hal_flash.o(.revsh_text), (4 bytes).
    Removing stm32f0xx_hal_flash.o(i.FLASH_Program_HalfWord), (32 bytes).
    Removing stm32f0xx_hal_flash.o(i.FLASH_SetErrorCode), (72 bytes).
    Removing stm32f0xx_hal_flash.o(i.FLASH_WaitForLastOperation), (104 bytes).
    Removing stm32f0xx_hal_flash.o(i.HAL_FLASH_EndOfOperationCallback), (2 bytes).
    Removing stm32f0xx_hal_flash.o(i.HAL_FLASH_GetError), (12 bytes).
    Removing stm32f0xx_hal_flash.o(i.HAL_FLASH_IRQHandler), (396 bytes).
    Removing stm32f0xx_hal_flash.o(i.HAL_FLASH_Lock), (20 bytes).
    Removing stm32f0xx_hal_flash.o(i.HAL_FLASH_OB_Launch), (32 bytes).
    Removing stm32f0xx_hal_flash.o(i.HAL_FLASH_OB_Lock), (24 bytes).
    Removing stm32f0xx_hal_flash.o(i.HAL_FLASH_OB_Unlock), (48 bytes).
    Removing stm32f0xx_hal_flash.o(i.HAL_FLASH_OperationErrorCallback), (2 bytes).
    Removing stm32f0xx_hal_flash.o(i.HAL_FLASH_Program), (188 bytes).
    Removing stm32f0xx_hal_flash.o(i.HAL_FLASH_Program_IT), (120 bytes).
    Removing stm32f0xx_hal_flash.o(i.HAL_FLASH_Unlock), (52 bytes).
    Removing stm32f0xx_hal_flash.o(.bss), (32 bytes).
    Removing stm32f0xx_hal_flash_ex.o(.rev16_text), (4 bytes).
    Removing stm32f0xx_hal_flash_ex.o(.revsh_text), (4 bytes).
    Removing stm32f0xx_hal_flash_ex.o(i.FLASH_MassErase), (40 bytes).
    Removing stm32f0xx_hal_flash_ex.o(i.FLASH_OB_DisableWRP), (228 bytes).
    Removing stm32f0xx_hal_flash_ex.o(i.FLASH_OB_EnableWRP), (232 bytes).
    Removing stm32f0xx_hal_flash_ex.o(i.FLASH_OB_GetRDP), (40 bytes).
    Removing stm32f0xx_hal_flash_ex.o(i.FLASH_OB_GetUser), (20 bytes).
    Removing stm32f0xx_hal_flash_ex.o(i.FLASH_OB_GetWRP), (12 bytes).
    Removing stm32f0xx_hal_flash_ex.o(i.FLASH_OB_ProgramData), (76 bytes).
    Removing stm32f0xx_hal_flash_ex.o(i.FLASH_OB_RDP_LevelConfig), (128 bytes).
    Removing stm32f0xx_hal_flash_ex.o(i.FLASH_OB_UserConfig), (84 bytes).
    Removing stm32f0xx_hal_flash_ex.o(i.FLASH_PageErase), (44 bytes).
    Removing stm32f0xx_hal_flash_ex.o(i.HAL_FLASHEx_Erase), (172 bytes).
    Removing stm32f0xx_hal_flash_ex.o(i.HAL_FLASHEx_Erase_IT), (104 bytes).
    Removing stm32f0xx_hal_flash_ex.o(i.HAL_FLASHEx_OBErase), (100 bytes).
    Removing stm32f0xx_hal_flash_ex.o(i.HAL_FLASHEx_OBGetConfig), (28 bytes).
    Removing stm32f0xx_hal_flash_ex.o(i.HAL_FLASHEx_OBGetUserData), (40 bytes).
    Removing stm32f0xx_hal_flash_ex.o(i.HAL_FLASHEx_OBProgram), (208 bytes).
    Removing stm32f0xx_hal_exti.o(.rev16_text), (4 bytes).
    Removing stm32f0xx_hal_exti.o(.revsh_text), (4 bytes).
    Removing stm32f0xx_hal_exti.o(i.HAL_EXTI_ClearConfigLine), (124 bytes).
    Removing stm32f0xx_hal_exti.o(i.HAL_EXTI_ClearPending), (28 bytes).
    Removing stm32f0xx_hal_exti.o(i.HAL_EXTI_GenerateSWI), (24 bytes).
    Removing stm32f0xx_hal_exti.o(i.HAL_EXTI_GetConfigLine), (184 bytes).
    Removing stm32f0xx_hal_exti.o(i.HAL_EXTI_GetHandle), (16 bytes).
    Removing stm32f0xx_hal_exti.o(i.HAL_EXTI_GetPending), (36 bytes).
    Removing stm32f0xx_hal_exti.o(i.HAL_EXTI_IRQHandler), (48 bytes).
    Removing stm32f0xx_hal_exti.o(i.HAL_EXTI_RegisterCallback), (22 bytes).
    Removing stm32f0xx_hal_exti.o(i.HAL_EXTI_SetConfigLine), (236 bytes).
    Removing stm32f0xx_hal_can.o(.rev16_text), (4 bytes).
    Removing stm32f0xx_hal_can.o(.revsh_text), (4 bytes).
    Removing stm32f0xx_hal_can.o(i.HAL_CAN_AbortTxRequest), (98 bytes).
    Removing stm32f0xx_hal_can.o(i.HAL_CAN_ActivateNotification), (44 bytes).
    Removing stm32f0xx_hal_can.o(i.HAL_CAN_AddTxMessage), (330 bytes).
    Removing stm32f0xx_hal_can.o(i.HAL_CAN_ConfigFilter), (318 bytes).
    Removing stm32f0xx_hal_can.o(i.HAL_CAN_DeInit), (52 bytes).
    Removing stm32f0xx_hal_can.o(i.HAL_CAN_DeactivateNotification), (44 bytes).
    Removing stm32f0xx_hal_can.o(i.HAL_CAN_ErrorCallback), (2 bytes).
    Removing stm32f0xx_hal_can.o(i.HAL_CAN_GetError), (6 bytes).
    Removing stm32f0xx_hal_can.o(i.HAL_CAN_GetRxFifoFillLevel), (42 bytes).
    Removing stm32f0xx_hal_can.o(i.HAL_CAN_GetRxMessage), (396 bytes).
    Removing stm32f0xx_hal_can.o(i.HAL_CAN_GetState), (46 bytes).
    Removing stm32f0xx_hal_can.o(i.HAL_CAN_GetTxMailboxesFreeLevel), (68 bytes).
    Removing stm32f0xx_hal_can.o(i.HAL_CAN_GetTxTimestamp), (54 bytes).
    Removing stm32f0xx_hal_can.o(i.HAL_CAN_IRQHandler), (724 bytes).
    Removing stm32f0xx_hal_can.o(i.HAL_CAN_IsSleepActive), (34 bytes).
    Removing stm32f0xx_hal_can.o(i.HAL_CAN_IsTxMessagePending), (36 bytes).
    Removing stm32f0xx_hal_can.o(i.HAL_CAN_MspDeInit), (2 bytes).
    Removing stm32f0xx_hal_can.o(i.HAL_CAN_MspInit), (2 bytes).
    Removing stm32f0xx_hal_can.o(i.HAL_CAN_RequestSleep), (44 bytes).
    Removing stm32f0xx_hal_can.o(i.HAL_CAN_ResetError), (38 bytes).
    Removing stm32f0xx_hal_can.o(i.HAL_CAN_RxFifo0FullCallback), (2 bytes).
    Removing stm32f0xx_hal_can.o(i.HAL_CAN_RxFifo0MsgPendingCallback), (2 bytes).
    Removing stm32f0xx_hal_can.o(i.HAL_CAN_RxFifo1FullCallback), (2 bytes).
    Removing stm32f0xx_hal_can.o(i.HAL_CAN_RxFifo1MsgPendingCallback), (2 bytes).
    Removing stm32f0xx_hal_can.o(i.HAL_CAN_SleepCallback), (2 bytes).
    Removing stm32f0xx_hal_can.o(i.HAL_CAN_Start), (98 bytes).
    Removing stm32f0xx_hal_can.o(i.HAL_CAN_Stop), (110 bytes).
    Removing stm32f0xx_hal_can.o(i.HAL_CAN_TxMailbox0AbortCallback), (2 bytes).
    Removing stm32f0xx_hal_can.o(i.HAL_CAN_TxMailbox0CompleteCallback), (2 bytes).
    Removing stm32f0xx_hal_can.o(i.HAL_CAN_TxMailbox1AbortCallback), (2 bytes).
    Removing stm32f0xx_hal_can.o(i.HAL_CAN_TxMailbox1CompleteCallback), (2 bytes).
    Removing stm32f0xx_hal_can.o(i.HAL_CAN_TxMailbox2AbortCallback), (2 bytes).
    Removing stm32f0xx_hal_can.o(i.HAL_CAN_TxMailbox2CompleteCallback), (2 bytes).
    Removing stm32f0xx_hal_can.o(i.HAL_CAN_WakeUp), (96 bytes).
    Removing stm32f0xx_hal_can.o(i.HAL_CAN_WakeUpFromRxMsgCallback), (2 bytes).
    Removing stm32f0xx_hal_tim.o(.rev16_text), (4 bytes).
    Removing stm32f0xx_hal_tim.o(.revsh_text), (4 bytes).
    Removing stm32f0xx_hal_tim_ex.o(.rev16_text), (4 bytes).
    Removing stm32f0xx_hal_tim_ex.o(.revsh_text), (4 bytes).
    Removing system_stm32f0xx.o(.rev16_text), (4 bytes).
    Removing system_stm32f0xx.o(.revsh_text), (4 bytes).
    Removing system_stm32f0xx.o(i.SystemCoreClockUpdate), (208 bytes).
    Removing usbd_core.o(.rev16_text), (4 bytes).
    Removing usbd_core.o(.revsh_text), (4 bytes).
    Removing usbd_core.o(i.USBD_DeInit), (46 bytes).
    Removing usbd_core.o(i.USBD_LL_DevConnected), (6 bytes).
    Removing usbd_core.o(i.USBD_LL_DevDisconnected), (34 bytes).
    Removing usbd_core.o(i.USBD_LL_IsoINIncomplete), (6 bytes).
    Removing usbd_core.o(i.USBD_LL_IsoOUTIncomplete), (6 bytes).
    Removing usbd_core.o(i.USBD_Stop), (30 bytes).
    Removing usbd_ctlreq.o(.rev16_text), (4 bytes).
    Removing usbd_ctlreq.o(.revsh_text), (4 bytes).
    Removing usbd_ioreq.o(.rev16_text), (4 bytes).
    Removing usbd_ioreq.o(.revsh_text), (4 bytes).
    Removing usbd_ioreq.o(i.USBD_GetRxCount), (16 bytes).
    Removing usbd_cdc.o(.rev16_text), (4 bytes).
    Removing usbd_cdc.o(.revsh_text), (4 bytes).

372 unused section(s) (total 28759 bytes) removed from the image.

==============================================================================

Image Symbol Table

    Local Symbols

    Symbol Name                              Value     Ov Type        Size  Object(Section)

    ../Core/Src/main.c                       0x00000000   Number         0  main.o ABSOLUTE
    ../Core/Src/stm32f0xx_hal_msp.c          0x00000000   Number         0  stm32f0xx_hal_msp.o ABSOLUTE
    ../Core/Src/stm32f0xx_it.c               0x00000000   Number         0  stm32f0xx_it.o ABSOLUTE
    ../Core/Src/system_stm32f0xx.c           0x00000000   Number         0  system_stm32f0xx.o ABSOLUTE
    ../Drivers/STM32F0xx_HAL_Driver/Src/stm32f0xx_hal.c 0x00000000   Number         0  stm32f0xx_hal.o ABSOLUTE
    ../Drivers/STM32F0xx_HAL_Driver/Src/stm32f0xx_hal_can.c 0x00000000   Number         0  stm32f0xx_hal_can.o ABSOLUTE
    ../Drivers/STM32F0xx_HAL_Driver/Src/stm32f0xx_hal_cortex.c 0x00000000   Number         0  stm32f0xx_hal_cortex.o ABSOLUTE
    ../Drivers/STM32F0xx_HAL_Driver/Src/stm32f0xx_hal_dma.c 0x00000000   Number         0  stm32f0xx_hal_dma.o ABSOLUTE
    ../Drivers/STM32F0xx_HAL_Driver/Src/stm32f0xx_hal_exti.c 0x00000000   Number         0  stm32f0xx_hal_exti.o ABSOLUTE
    ../Drivers/STM32F0xx_HAL_Driver/Src/stm32f0xx_hal_flash.c 0x00000000   Number         0  stm32f0xx_hal_flash.o ABSOLUTE
    ../Drivers/STM32F0xx_HAL_Driver/Src/stm32f0xx_hal_flash_ex.c 0x00000000   Number         0  stm32f0xx_hal_flash_ex.o ABSOLUTE
    ../Drivers/STM32F0xx_HAL_Driver/Src/stm32f0xx_hal_gpio.c 0x00000000   Number         0  stm32f0xx_hal_gpio.o ABSOLUTE
    ../Drivers/STM32F0xx_HAL_Driver/Src/stm32f0xx_hal_i2c.c 0x00000000   Number         0  stm32f0xx_hal_i2c.o ABSOLUTE
    ../Drivers/STM32F0xx_HAL_Driver/Src/stm32f0xx_hal_i2c_ex.c 0x00000000   Number         0  stm32f0xx_hal_i2c_ex.o ABSOLUTE
    ../Drivers/STM32F0xx_HAL_Driver/Src/stm32f0xx_hal_pcd.c 0x00000000   Number         0  stm32f0xx_hal_pcd.o ABSOLUTE
    ../Drivers/STM32F0xx_HAL_Driver/Src/stm32f0xx_hal_pcd_ex.c 0x00000000   Number         0  stm32f0xx_hal_pcd_ex.o ABSOLUTE
    ../Drivers/STM32F0xx_HAL_Driver/Src/stm32f0xx_hal_pwr.c 0x00000000   Number         0  stm32f0xx_hal_pwr.o ABSOLUTE
    ../Drivers/STM32F0xx_HAL_Driver/Src/stm32f0xx_hal_pwr_ex.c 0x00000000   Number         0  stm32f0xx_hal_pwr_ex.o ABSOLUTE
    ../Drivers/STM32F0xx_HAL_Driver/Src/stm32f0xx_hal_rcc.c 0x00000000   Number         0  stm32f0xx_hal_rcc.o ABSOLUTE
    ../Drivers/STM32F0xx_HAL_Driver/Src/stm32f0xx_hal_rcc_ex.c 0x00000000   Number         0  stm32f0xx_hal_rcc_ex.o ABSOLUTE
    ../Drivers/STM32F0xx_HAL_Driver/Src/stm32f0xx_hal_tim.c 0x00000000   Number         0  stm32f0xx_hal_tim.o ABSOLUTE
    ../Drivers/STM32F0xx_HAL_Driver/Src/stm32f0xx_hal_tim_ex.c 0x00000000   Number         0  stm32f0xx_hal_tim_ex.o ABSOLUTE
    ../Drivers/STM32F0xx_HAL_Driver/Src/stm32f0xx_ll_usb.c 0x00000000   Number         0  stm32f0xx_ll_usb.o ABSOLUTE
    ../Middlewares/ST/STM32_USB_Device_Library/Class/CDC/Src/usbd_cdc.c 0x00000000   Number         0  usbd_cdc.o ABSOLUTE
    ../Middlewares/ST/STM32_USB_Device_Library/Core/Src/usbd_core.c 0x00000000   Number         0  usbd_core.o ABSOLUTE
    ../Middlewares/ST/STM32_USB_Device_Library/Core/Src/usbd_ctlreq.c 0x00000000   Number         0  usbd_ctlreq.o ABSOLUTE
    ../Middlewares/ST/STM32_USB_Device_Library/Core/Src/usbd_ioreq.c 0x00000000   Number         0  usbd_ioreq.o ABSOLUTE
    ../USB_DEVICE/App/usb_device.c           0x00000000   Number         0  usb_device.o ABSOLUTE
    ../USB_DEVICE/App/usbd_cdc_if.c          0x00000000   Number         0  usbd_cdc_if.o ABSOLUTE
    ../USB_DEVICE/App/usbd_desc.c            0x00000000   Number         0  usbd_desc.o ABSOLUTE
    ../USB_DEVICE/Target/usbd_conf.c         0x00000000   Number         0  usbd_conf.o ABSOLUTE
    ../clib/../cmprslib/zerorunl2.c          0x00000000   Number         0  __dczerorl2.o ABSOLUTE
    ../clib/microlib/division.c              0x00000000   Number         0  uldiv.o ABSOLUTE
    ../clib/microlib/division.c              0x00000000   Number         0  uidiv.o ABSOLUTE
    ../clib/microlib/init/entry.s            0x00000000   Number         0  entry9a.o ABSOLUTE
    ../clib/microlib/init/entry.s            0x00000000   Number         0  entry8b.o ABSOLUTE
    ../clib/microlib/init/entry.s            0x00000000   Number         0  entry.o ABSOLUTE
    ../clib/microlib/init/entry.s            0x00000000   Number         0  entry8a.o ABSOLUTE
    ../clib/microlib/init/entry.s            0x00000000   Number         0  entry7b.o ABSOLUTE
    ../clib/microlib/init/entry.s            0x00000000   Number         0  entry5.o ABSOLUTE
    ../clib/microlib/init/entry.s            0x00000000   Number         0  entry2.o ABSOLUTE
    ../clib/microlib/init/entry.s            0x00000000   Number         0  entry7a.o ABSOLUTE
    ../clib/microlib/init/entry.s            0x00000000   Number         0  entry11b.o ABSOLUTE
    ../clib/microlib/init/entry.s            0x00000000   Number         0  entry11a.o ABSOLUTE
    ../clib/microlib/init/entry.s            0x00000000   Number         0  entry10b.o ABSOLUTE
    ../clib/microlib/init/entry.s            0x00000000   Number         0  entry10a.o ABSOLUTE
    ../clib/microlib/init/entry.s            0x00000000   Number         0  entry9b.o ABSOLUTE
    ../clib/microlib/longlong.c              0x00000000   Number         0  llshl.o ABSOLUTE
    ../clib/microlib/longlong.c              0x00000000   Number         0  llushr.o ABSOLUTE
    ../clib/microlib/string/memcpy.c         0x00000000   Number         0  memcpyb.o ABSOLUTE
    ../clib/microlib/string/memcpy.c         0x00000000   Number         0  memcpya.o ABSOLUTE
    ../clib/microlib/string/memset.c         0x00000000   Number         0  memseta.o ABSOLUTE
    ../clib/microlib/string/strlen.c         0x00000000   Number         0  strlen.o ABSOLUTE
    ..\Core\Src\main.c                       0x00000000   Number         0  main.o ABSOLUTE
    ..\Core\Src\stm32f0xx_hal_msp.c          0x00000000   Number         0  stm32f0xx_hal_msp.o ABSOLUTE
    ..\Core\Src\stm32f0xx_it.c               0x00000000   Number         0  stm32f0xx_it.o ABSOLUTE
    ..\Core\Src\system_stm32f0xx.c           0x00000000   Number         0  system_stm32f0xx.o ABSOLUTE
    ..\Core\Src\thorvald_packet.c            0x00000000   Number         0  thorvald_packet.o ABSOLUTE
    ..\Drivers\STM32F0xx_HAL_Driver\Src\stm32f0xx_hal.c 0x00000000   Number         0  stm32f0xx_hal.o ABSOLUTE
    ..\Drivers\STM32F0xx_HAL_Driver\Src\stm32f0xx_hal_can.c 0x00000000   Number         0  stm32f0xx_hal_can.o ABSOLUTE
    ..\Drivers\STM32F0xx_HAL_Driver\Src\stm32f0xx_hal_cortex.c 0x00000000   Number         0  stm32f0xx_hal_cortex.o ABSOLUTE
    ..\Drivers\STM32F0xx_HAL_Driver\Src\stm32f0xx_hal_dma.c 0x00000000   Number         0  stm32f0xx_hal_dma.o ABSOLUTE
    ..\Drivers\STM32F0xx_HAL_Driver\Src\stm32f0xx_hal_exti.c 0x00000000   Number         0  stm32f0xx_hal_exti.o ABSOLUTE
    ..\Drivers\STM32F0xx_HAL_Driver\Src\stm32f0xx_hal_flash.c 0x00000000   Number         0  stm32f0xx_hal_flash.o ABSOLUTE
    ..\Drivers\STM32F0xx_HAL_Driver\Src\stm32f0xx_hal_flash_ex.c 0x00000000   Number         0  stm32f0xx_hal_flash_ex.o ABSOLUTE
    ..\Drivers\STM32F0xx_HAL_Driver\Src\stm32f0xx_hal_gpio.c 0x00000000   Number         0  stm32f0xx_hal_gpio.o ABSOLUTE
    ..\Drivers\STM32F0xx_HAL_Driver\Src\stm32f0xx_hal_i2c.c 0x00000000   Number         0  stm32f0xx_hal_i2c.o ABSOLUTE
    ..\Drivers\STM32F0xx_HAL_Driver\Src\stm32f0xx_hal_i2c_ex.c 0x00000000   Number         0  stm32f0xx_hal_i2c_ex.o ABSOLUTE
    ..\Drivers\STM32F0xx_HAL_Driver\Src\stm32f0xx_hal_pcd.c 0x00000000   Number         0  stm32f0xx_hal_pcd.o ABSOLUTE
    ..\Drivers\STM32F0xx_HAL_Driver\Src\stm32f0xx_hal_pcd_ex.c 0x00000000   Number         0  stm32f0xx_hal_pcd_ex.o ABSOLUTE
    ..\Drivers\STM32F0xx_HAL_Driver\Src\stm32f0xx_hal_pwr.c 0x00000000   Number         0  stm32f0xx_hal_pwr.o ABSOLUTE
    ..\Drivers\STM32F0xx_HAL_Driver\Src\stm32f0xx_hal_pwr_ex.c 0x00000000   Number         0  stm32f0xx_hal_pwr_ex.o ABSOLUTE
    ..\Drivers\STM32F0xx_HAL_Driver\Src\stm32f0xx_hal_rcc.c 0x00000000   Number         0  stm32f0xx_hal_rcc.o ABSOLUTE
    ..\Drivers\STM32F0xx_HAL_Driver\Src\stm32f0xx_hal_rcc_ex.c 0x00000000   Number         0  stm32f0xx_hal_rcc_ex.o ABSOLUTE
    ..\Drivers\STM32F0xx_HAL_Driver\Src\stm32f0xx_hal_tim.c 0x00000000   Number         0  stm32f0xx_hal_tim.o ABSOLUTE
    ..\Drivers\STM32F0xx_HAL_Driver\Src\stm32f0xx_hal_tim_ex.c 0x00000000   Number         0  stm32f0xx_hal_tim_ex.o ABSOLUTE
    ..\Drivers\STM32F0xx_HAL_Driver\Src\stm32f0xx_ll_usb.c 0x00000000   Number         0  stm32f0xx_ll_usb.o ABSOLUTE
    ..\Middlewares\ST\STM32_USB_Device_Library\Class\CDC\Src\usbd_cdc.c 0x00000000   Number         0  usbd_cdc.o ABSOLUTE
    ..\Middlewares\ST\STM32_USB_Device_Library\Core\Src\usbd_core.c 0x00000000   Number         0  usbd_core.o ABSOLUTE
    ..\Middlewares\ST\STM32_USB_Device_Library\Core\Src\usbd_ctlreq.c 0x00000000   Number         0  usbd_ctlreq.o ABSOLUTE
    ..\Middlewares\ST\STM32_USB_Device_Library\Core\Src\usbd_ioreq.c 0x00000000   Number         0  usbd_ioreq.o ABSOLUTE
    ..\USB_DEVICE\App\usb_device.c           0x00000000   Number         0  usb_device.o ABSOLUTE
    ..\USB_DEVICE\App\usbd_cdc_if.c          0x00000000   Number         0  usbd_cdc_if.o ABSOLUTE
    ..\USB_DEVICE\App\usbd_desc.c            0x00000000   Number         0  usbd_desc.o ABSOLUTE
    ..\USB_DEVICE\Target\usbd_conf.c         0x00000000   Number         0  usbd_conf.o ABSOLUTE
    ..\\Core\\Src\\thorvald_packet.c         0x00000000   Number         0  thorvald_packet.o ABSOLUTE
    dc.s                                     0x00000000   Number         0  dc.o ABSOLUTE
    handlers.s                               0x00000000   Number         0  handlers.o ABSOLUTE
    init.s                                   0x00000000   Number         0  init.o ABSOLUTE
    startup_stm32f072xb.s                    0x00000000   Number         0  startup_stm32f072xb.o ABSOLUTE
    RESET                                    0x08000000   Section      192  startup_stm32f072xb.o(RESET)
    .ARM.Collect$$$$00000000                 0x080000c0   Section        0  entry.o(.ARM.Collect$$$$00000000)
    .ARM.Collect$$$$00000001                 0x080000c0   Section        4  entry2.o(.ARM.Collect$$$$00000001)
    .ARM.Collect$$$$00000004                 0x080000c4   Section        4  entry5.o(.ARM.Collect$$$$00000004)
    .ARM.Collect$$$$00000008                 0x080000c8   Section        0  entry7b.o(.ARM.Collect$$$$00000008)
    .ARM.Collect$$$$0000000A                 0x080000c8   Section        0  entry8b.o(.ARM.Collect$$$$0000000A)
    .ARM.Collect$$$$0000000B                 0x080000c8   Section        8  entry9a.o(.ARM.Collect$$$$0000000B)
    .ARM.Collect$$$$0000000D                 0x080000d0   Section        0  entry10a.o(.ARM.Collect$$$$0000000D)
    .ARM.Collect$$$$0000000F                 0x080000d0   Section        0  entry11a.o(.ARM.Collect$$$$0000000F)
    .ARM.Collect$$$$00002712                 0x080000d0   Section        4  entry2.o(.ARM.Collect$$$$00002712)
    __lit__00000000                          0x080000d0   Data           4  entry2.o(.ARM.Collect$$$$00002712)
    .text                                    0x080000d4   Section       28  startup_stm32f072xb.o(.text)
    .text                                    0x080000f0   Section        0  uidiv.o(.text)
    .text                                    0x0800011c   Section        0  uldiv.o(.text)
    .text                                    0x0800017c   Section        0  llushr.o(.text)
    .text                                    0x0800019e   Section        0  memcpya.o(.text)
    .text                                    0x080001c2   Section        0  memseta.o(.text)
    .text                                    0x080001e6   Section        0  strlen.o(.text)
    .text                                    0x080001f4   Section        0  llshl.o(.text)
    .text                                    0x08000214   Section       36  init.o(.text)
    .text                                    0x08000238   Section        0  __dczerorl2.o(.text)
    i.CDC_Control_FS                         0x08000290   Section        0  usbd_cdc_if.o(i.CDC_Control_FS)
    CDC_Control_FS                           0x08000291   Thumb Code   160  usbd_cdc_if.o(i.CDC_Control_FS)
    i.CDC_DeInit_FS                          0x08000334   Section        0  usbd_cdc_if.o(i.CDC_DeInit_FS)
    CDC_DeInit_FS                            0x08000335   Thumb Code     4  usbd_cdc_if.o(i.CDC_DeInit_FS)
    i.CDC_Init_FS                            0x08000338   Section        0  usbd_cdc_if.o(i.CDC_Init_FS)
    CDC_Init_FS                              0x08000339   Thumb Code    24  usbd_cdc_if.o(i.CDC_Init_FS)
    i.CDC_Receive_FS                         0x0800035c   Section        0  usbd_cdc_if.o(i.CDC_Receive_FS)
    CDC_Receive_FS                           0x0800035d   Thumb Code    24  usbd_cdc_if.o(i.CDC_Receive_FS)
    i.CDC_Transmit_FS                        0x08000378   Section        0  usbd_cdc_if.o(i.CDC_Transmit_FS)
    i.EXTI0_1_IRQHandler                     0x080003b0   Section        0  stm32f0xx_it.o(i.EXTI0_1_IRQHandler)
    i.Error_Handler                          0x080003ba   Section        0  main.o(i.Error_Handler)
    i.Get_SerialNum                          0x080003bc   Section        0  usbd_desc.o(i.Get_SerialNum)
    Get_SerialNum                            0x080003bd   Thumb Code    40  usbd_desc.o(i.Get_SerialNum)
    i.HAL_CAN_Init                           0x080003ec   Section        0  stm32f0xx_hal_can.o(i.HAL_CAN_Init)
    i.HAL_CAN_MspInit                        0x08000568   Section        0  stm32f0xx_hal_msp.o(i.HAL_CAN_MspInit)
    i.HAL_Delay                              0x080005ec   Section        0  stm32f0xx_hal.o(i.HAL_Delay)
    i.HAL_GPIO_EXTI_Callback                 0x08000618   Section        0  main.o(i.HAL_GPIO_EXTI_Callback)
    i.HAL_GPIO_EXTI_IRQHandler               0x0800064c   Section        0  stm32f0xx_hal_gpio.o(i.HAL_GPIO_EXTI_IRQHandler)
    i.HAL_GPIO_Init                          0x0800066c   Section        0  stm32f0xx_hal_gpio.o(i.HAL_GPIO_Init)
    i.HAL_GPIO_TogglePin                     0x08000864   Section        0  stm32f0xx_hal_gpio.o(i.HAL_GPIO_TogglePin)
    i.HAL_GPIO_WritePin                      0x08000876   Section        0  stm32f0xx_hal_gpio.o(i.HAL_GPIO_WritePin)
    i.HAL_GetTick                            0x08000884   Section        0  stm32f0xx_hal.o(i.HAL_GetTick)
    i.HAL_IncTick                            0x08000890   Section        0  stm32f0xx_hal.o(i.HAL_IncTick)
    i.HAL_Init                               0x080008a8   Section        0  stm32f0xx_hal.o(i.HAL_Init)
    i.HAL_InitTick                           0x080008c8   Section        0  stm32f0xx_hal.o(i.HAL_InitTick)
    i.HAL_MspInit                            0x0800091c   Section        0  stm32f0xx_hal_msp.o(i.HAL_MspInit)
    i.HAL_NVIC_EnableIRQ                     0x0800095c   Section        0  stm32f0xx_hal_cortex.o(i.HAL_NVIC_EnableIRQ)
    i.HAL_NVIC_SetPriority                   0x08000978   Section        0  stm32f0xx_hal_cortex.o(i.HAL_NVIC_SetPriority)
    i.HAL_PCDEx_ActivateLPM                  0x0800098a   Section        0  stm32f0xx_hal_pcd_ex.o(i.HAL_PCDEx_ActivateLPM)
    i.HAL_PCDEx_LPM_Callback                 0x080009bc   Section        0  stm32f0xx_hal_pcd_ex.o(i.HAL_PCDEx_LPM_Callback)
    i.HAL_PCDEx_PMAConfig                    0x080009be   Section        0  stm32f0xx_hal_pcd_ex.o(i.HAL_PCDEx_PMAConfig)
    i.HAL_PCD_DataInStageCallback            0x080009fc   Section        0  usbd_conf.o(i.HAL_PCD_DataInStageCallback)
    i.HAL_PCD_DataOutStageCallback           0x08000a1a   Section        0  usbd_conf.o(i.HAL_PCD_DataOutStageCallback)
    i.HAL_PCD_EP_Close                       0x08000a3a   Section        0  stm32f0xx_hal_pcd.o(i.HAL_PCD_EP_Close)
    i.HAL_PCD_EP_ClrStall                    0x08000aa6   Section        0  stm32f0xx_hal_pcd.o(i.HAL_PCD_EP_ClrStall)
    i.HAL_PCD_EP_GetRxCount                  0x08000b24   Section        0  stm32f0xx_hal_pcd.o(i.HAL_PCD_EP_GetRxCount)
    i.HAL_PCD_EP_Open                        0x08000b36   Section        0  stm32f0xx_hal_pcd.o(i.HAL_PCD_EP_Open)
    i.HAL_PCD_EP_Receive                     0x08000bc4   Section        0  stm32f0xx_hal_pcd.o(i.HAL_PCD_EP_Receive)
    i.HAL_PCD_EP_SetStall                    0x08000c0c   Section        0  stm32f0xx_hal_pcd.o(i.HAL_PCD_EP_SetStall)
    i.HAL_PCD_EP_Transmit                    0x08000c9c   Section        0  stm32f0xx_hal_pcd.o(i.HAL_PCD_EP_Transmit)
    i.HAL_PCD_IRQHandler                     0x08000ce4   Section        0  stm32f0xx_hal_pcd.o(i.HAL_PCD_IRQHandler)
    i.HAL_PCD_Init                           0x08000ee4   Section        0  stm32f0xx_hal_pcd.o(i.HAL_PCD_Init)
    i.HAL_PCD_MspInit                        0x08000ff8   Section        0  usbd_conf.o(i.HAL_PCD_MspInit)
    i.HAL_PCD_ResetCallback                  0x08001040   Section        0  usbd_conf.o(i.HAL_PCD_ResetCallback)
    i.HAL_PCD_ResumeCallback                 0x08001068   Section        0  usbd_conf.o(i.HAL_PCD_ResumeCallback)
    i.HAL_PCD_SOFCallback                    0x08001094   Section        0  usbd_conf.o(i.HAL_PCD_SOFCallback)
    i.HAL_PCD_SetAddress                     0x080010a4   Section        0  stm32f0xx_hal_pcd.o(i.HAL_PCD_SetAddress)
    i.HAL_PCD_SetupStageCallback             0x080010e6   Section        0  usbd_conf.o(i.HAL_PCD_SetupStageCallback)
    i.HAL_PCD_Start                          0x080010fc   Section        0  stm32f0xx_hal_pcd.o(i.HAL_PCD_Start)
    i.HAL_PCD_SuspendCallback                0x0800113c   Section        0  usbd_conf.o(i.HAL_PCD_SuspendCallback)
    i.HAL_RCCEx_PeriphCLKConfig              0x08001164   Section        0  stm32f0xx_hal_rcc_ex.o(i.HAL_RCCEx_PeriphCLKConfig)
    i.HAL_RCC_ClockConfig                    0x08001308   Section        0  stm32f0xx_hal_rcc.o(i.HAL_RCC_ClockConfig)
    i.HAL_RCC_GetSysClockFreq                0x0800148c   Section        0  stm32f0xx_hal_rcc.o(i.HAL_RCC_GetSysClockFreq)
    i.HAL_RCC_OscConfig                      0x08001594   Section        0  stm32f0xx_hal_rcc.o(i.HAL_RCC_OscConfig)
    i.HAL_SYSTICK_Config                     0x08001bd0   Section        0  stm32f0xx_hal_cortex.o(i.HAL_SYSTICK_Config)
    i.HardFault_Handler                      0x08001c08   Section        0  stm32f0xx_it.o(i.HardFault_Handler)
    i.IntToUnicode                           0x08001c0c   Section        0  usbd_desc.o(i.IntToUnicode)
    IntToUnicode                             0x08001c0d   Thumb Code    54  usbd_desc.o(i.IntToUnicode)
    i.MX_CAN_Init                            0x08001c44   Section        0  main.o(i.MX_CAN_Init)
    MX_CAN_Init                              0x08001c45   Thumb Code    50  main.o(i.MX_CAN_Init)
    i.MX_GPIO_Init                           0x08001c80   Section        0  main.o(i.MX_GPIO_Init)
    MX_GPIO_Init                             0x08001c81   Thumb Code   312  main.o(i.MX_GPIO_Init)
    i.MX_USB_DEVICE_Init                     0x08001dd0   Section        0  usb_device.o(i.MX_USB_DEVICE_Init)
    i.NMI_Handler                            0x08001e24   Section        0  stm32f0xx_it.o(i.NMI_Handler)
    i.PCD_EP_ISR_Handler                     0x08001e28   Section        0  stm32f0xx_hal_pcd.o(i.PCD_EP_ISR_Handler)
    PCD_EP_ISR_Handler                       0x08001e29   Thumb Code   966  stm32f0xx_hal_pcd.o(i.PCD_EP_ISR_Handler)
    i.PendSV_Handler                         0x08002200   Section        0  stm32f0xx_it.o(i.PendSV_Handler)
    i.SVC_Handler                            0x08002202   Section        0  stm32f0xx_it.o(i.SVC_Handler)
    i.SysTick_Handler                        0x08002204   Section        0  stm32f0xx_it.o(i.SysTick_Handler)
    i.SystemClockConfig_Resume               0x0800220c   Section        0  usbd_conf.o(i.SystemClockConfig_Resume)
    SystemClockConfig_Resume                 0x0800220d   Thumb Code     8  usbd_conf.o(i.SystemClockConfig_Resume)
    i.SystemClock_Config                     0x08002214   Section        0  main.o(i.SystemClock_Config)
    i.SystemInit                             0x08002298   Section        0  system_stm32f0xx.o(i.SystemInit)
    i.USBD_CDC_DataIn                        0x0800229a   Section        0  usbd_cdc.o(i.USBD_CDC_DataIn)
    USBD_CDC_DataIn                          0x0800229b   Thumb Code   122  usbd_cdc.o(i.USBD_CDC_DataIn)
    i.USBD_CDC_DataOut                       0x08002314   Section        0  usbd_cdc.o(i.USBD_CDC_DataOut)
    USBD_CDC_DataOut                         0x08002315   Thumb Code    72  usbd_cdc.o(i.USBD_CDC_DataOut)
    i.USBD_CDC_DeInit                        0x0800235c   Section        0  usbd_cdc.o(i.USBD_CDC_DeInit)
    USBD_CDC_DeInit                          0x0800235d   Thumb Code    98  usbd_cdc.o(i.USBD_CDC_DeInit)
    i.USBD_CDC_EP0_RxReady                   0x080023c0   Section        0  usbd_cdc.o(i.USBD_CDC_EP0_RxReady)
    USBD_CDC_EP0_RxReady                     0x080023c1   Thumb Code    68  usbd_cdc.o(i.USBD_CDC_EP0_RxReady)
    i.USBD_CDC_GetDeviceQualifierDescriptor  0x08002408   Section        0  usbd_cdc.o(i.USBD_CDC_GetDeviceQualifierDescriptor)
    i.USBD_CDC_GetFSCfgDesc                  0x08002418   Section        0  usbd_cdc.o(i.USBD_CDC_GetFSCfgDesc)
    USBD_CDC_GetFSCfgDesc                    0x08002419   Thumb Code    10  usbd_cdc.o(i.USBD_CDC_GetFSCfgDesc)
    i.USBD_CDC_GetHSCfgDesc                  0x08002428   Section        0  usbd_cdc.o(i.USBD_CDC_GetHSCfgDesc)
    USBD_CDC_GetHSCfgDesc                    0x08002429   Thumb Code    10  usbd_cdc.o(i.USBD_CDC_GetHSCfgDesc)
    i.USBD_CDC_GetOtherSpeedCfgDesc          0x08002438   Section        0  usbd_cdc.o(i.USBD_CDC_GetOtherSpeedCfgDesc)
    USBD_CDC_GetOtherSpeedCfgDesc            0x08002439   Thumb Code    10  usbd_cdc.o(i.USBD_CDC_GetOtherSpeedCfgDesc)
    i.USBD_CDC_Init                          0x08002448   Section        0  usbd_cdc.o(i.USBD_CDC_Init)
    USBD_CDC_Init                            0x08002449   Thumb Code   210  usbd_cdc.o(i.USBD_CDC_Init)
    i.USBD_CDC_ReceivePacket                 0x0800251a   Section        0  usbd_cdc.o(i.USBD_CDC_ReceivePacket)
    i.USBD_CDC_RegisterInterface             0x08002562   Section        0  usbd_cdc.o(i.USBD_CDC_RegisterInterface)
    i.USBD_CDC_SetRxBuffer                   0x08002576   Section        0  usbd_cdc.o(i.USBD_CDC_SetRxBuffer)
    i.USBD_CDC_SetTxBuffer                   0x0800258a   Section        0  usbd_cdc.o(i.USBD_CDC_SetTxBuffer)
    i.USBD_CDC_Setup                         0x080025a6   Section        0  usbd_cdc.o(i.USBD_CDC_Setup)
    USBD_CDC_Setup                           0x080025a7   Thumb Code   274  usbd_cdc.o(i.USBD_CDC_Setup)
    i.USBD_CDC_TransmitPacket                0x080026b8   Section        0  usbd_cdc.o(i.USBD_CDC_TransmitPacket)
    i.USBD_ClrClassConfig                    0x08002706   Section        0  usbd_core.o(i.USBD_ClrClassConfig)
    i.USBD_ClrFeature                        0x08002720   Section        0  usbd_ctlreq.o(i.USBD_ClrFeature)
    USBD_ClrFeature                          0x08002721   Thumb Code    70  usbd_ctlreq.o(i.USBD_ClrFeature)
    i.USBD_CtlContinueRx                     0x08002766   Section        0  usbd_ioreq.o(i.USBD_CtlContinueRx)
    i.USBD_CtlContinueSendData               0x0800277e   Section        0  usbd_ioreq.o(i.USBD_CtlContinueSendData)
    i.USBD_CtlError                          0x08002796   Section        0  usbd_ctlreq.o(i.USBD_CtlError)
    i.USBD_CtlPrepareRx                      0x080027ae   Section        0  usbd_ioreq.o(i.USBD_CtlPrepareRx)
    i.USBD_CtlReceiveStatus                  0x080027da   Section        0  usbd_ioreq.o(i.USBD_CtlReceiveStatus)
    i.USBD_CtlSendData                       0x080027f6   Section        0  usbd_ioreq.o(i.USBD_CtlSendData)
    i.USBD_CtlSendStatus                     0x0800281c   Section        0  usbd_ioreq.o(i.USBD_CtlSendStatus)
    i.USBD_FS_ConfigStrDescriptor            0x0800283c   Section        0  usbd_desc.o(i.USBD_FS_ConfigStrDescriptor)
    i.USBD_FS_DeviceDescriptor               0x08002870   Section        0  usbd_desc.o(i.USBD_FS_DeviceDescriptor)
    i.USBD_FS_InterfaceStrDescriptor         0x08002880   Section        0  usbd_desc.o(i.USBD_FS_InterfaceStrDescriptor)
    i.USBD_FS_LangIDStrDescriptor            0x080028b8   Section        0  usbd_desc.o(i.USBD_FS_LangIDStrDescriptor)
    i.USBD_FS_ManufacturerStrDescriptor      0x080028c8   Section        0  usbd_desc.o(i.USBD_FS_ManufacturerStrDescriptor)
    i.USBD_FS_ProductStrDescriptor           0x080028f0   Section        0  usbd_desc.o(i.USBD_FS_ProductStrDescriptor)
    i.USBD_FS_SerialStrDescriptor            0x08002934   Section        0  usbd_desc.o(i.USBD_FS_SerialStrDescriptor)
    i.USBD_GetConfig                         0x0800294c   Section        0  usbd_ctlreq.o(i.USBD_GetConfig)
    USBD_GetConfig                           0x0800294d   Thumb Code    90  usbd_ctlreq.o(i.USBD_GetConfig)
    i.USBD_GetDescriptor                     0x080029a6   Section        0  usbd_ctlreq.o(i.USBD_GetDescriptor)
    USBD_GetDescriptor                       0x080029a7   Thumb Code   592  usbd_ctlreq.o(i.USBD_GetDescriptor)
    i.USBD_GetLen                            0x08002bf6   Section        0  usbd_ctlreq.o(i.USBD_GetLen)
    USBD_GetLen                              0x08002bf7   Thumb Code    20  usbd_ctlreq.o(i.USBD_GetLen)
    i.USBD_GetStatus                         0x08002c0a   Section        0  usbd_ctlreq.o(i.USBD_GetStatus)
    USBD_GetStatus                           0x08002c0b   Thumb Code   100  usbd_ctlreq.o(i.USBD_GetStatus)
    i.USBD_GetString                         0x08002c6e   Section        0  usbd_ctlreq.o(i.USBD_GetString)
    i.USBD_Get_USB_Status                    0x08002cbc   Section        0  usbd_conf.o(i.USBD_Get_USB_Status)
    USBD_Get_USB_Status                      0x08002cbd   Thumb Code    46  usbd_conf.o(i.USBD_Get_USB_Status)
    i.USBD_Init                              0x08002cea   Section        0  usbd_core.o(i.USBD_Init)
    i.USBD_LL_ClearStallEP                   0x08002d32   Section        0  usbd_conf.o(i.USBD_LL_ClearStallEP)
    i.USBD_LL_CloseEP                        0x08002d58   Section        0  usbd_conf.o(i.USBD_LL_CloseEP)
    i.USBD_LL_DataInStage                    0x08002d7e   Section        0  usbd_core.o(i.USBD_LL_DataInStage)
    i.USBD_LL_DataOutStage                   0x08002eb4   Section        0  usbd_core.o(i.USBD_LL_DataOutStage)
    i.USBD_LL_GetRxDataSize                  0x08002f80   Section        0  usbd_conf.o(i.USBD_LL_GetRxDataSize)
    i.USBD_LL_Init                           0x08002f98   Section        0  usbd_conf.o(i.USBD_LL_Init)
    i.USBD_LL_IsStallEP                      0x08003040   Section        0  usbd_conf.o(i.USBD_LL_IsStallEP)
    i.USBD_LL_OpenEP                         0x08003072   Section        0  usbd_conf.o(i.USBD_LL_OpenEP)
    i.USBD_LL_PrepareReceive                 0x080030a2   Section        0  usbd_conf.o(i.USBD_LL_PrepareReceive)
    i.USBD_LL_Reset                          0x080030d2   Section        0  usbd_core.o(i.USBD_LL_Reset)
    i.USBD_LL_Resume                         0x08003144   Section        0  usbd_core.o(i.USBD_LL_Resume)
    i.USBD_LL_SOF                            0x08003166   Section        0  usbd_core.o(i.USBD_LL_SOF)
    i.USBD_LL_SetSpeed                       0x08003196   Section        0  usbd_core.o(i.USBD_LL_SetSpeed)
    i.USBD_LL_SetUSBAddress                  0x0800319e   Section        0  usbd_conf.o(i.USBD_LL_SetUSBAddress)
    i.USBD_LL_SetupStage                     0x080031c4   Section        0  usbd_core.o(i.USBD_LL_SetupStage)
    i.USBD_LL_StallEP                        0x08003250   Section        0  usbd_conf.o(i.USBD_LL_StallEP)
    i.USBD_LL_Start                          0x08003276   Section        0  usbd_conf.o(i.USBD_LL_Start)
    i.USBD_LL_Suspend                        0x08003298   Section        0  usbd_core.o(i.USBD_LL_Suspend)
    i.USBD_LL_Transmit                       0x080032b8   Section        0  usbd_conf.o(i.USBD_LL_Transmit)
    i.USBD_ParseSetupRequest                 0x080032e8   Section        0  usbd_ctlreq.o(i.USBD_ParseSetupRequest)
    i.USBD_RegisterClass                     0x08003310   Section        0  usbd_core.o(i.USBD_RegisterClass)
    i.USBD_RunTestMode                       0x08003326   Section        0  usbd_core.o(i.USBD_RunTestMode)
    i.USBD_SetAddress                        0x0800332c   Section        0  usbd_ctlreq.o(i.USBD_SetAddress)
    USBD_SetAddress                          0x0800332d   Thumb Code   112  usbd_ctlreq.o(i.USBD_SetAddress)
    i.USBD_SetClassConfig                    0x0800339c   Section        0  usbd_core.o(i.USBD_SetClassConfig)
    i.USBD_SetConfig                         0x080033cc   Section        0  usbd_ctlreq.o(i.USBD_SetConfig)
    USBD_SetConfig                           0x080033cd   Thumb Code   244  usbd_ctlreq.o(i.USBD_SetConfig)
    i.USBD_SetFeature                        0x080034c4   Section        0  usbd_ctlreq.o(i.USBD_SetFeature)
    USBD_SetFeature                          0x080034c5   Thumb Code    28  usbd_ctlreq.o(i.USBD_SetFeature)
    i.USBD_Start                             0x080034e0   Section        0  usbd_core.o(i.USBD_Start)
    i.USBD_StdDevReq                         0x080034ee   Section        0  usbd_ctlreq.o(i.USBD_StdDevReq)
    i.USBD_StdEPReq                          0x08003596   Section        0  usbd_ctlreq.o(i.USBD_StdEPReq)
    i.USBD_StdItfReq                         0x080037ec   Section        0  usbd_ctlreq.o(i.USBD_StdItfReq)
    i.USBD_static_free                       0x08003878   Section        0  usbd_conf.o(i.USBD_static_free)
    i.USBD_static_malloc                     0x0800387c   Section        0  usbd_conf.o(i.USBD_static_malloc)
    i.USB_ActivateEndpoint                   0x08003888   Section        0  stm32f0xx_ll_usb.o(i.USB_ActivateEndpoint)
    i.USB_DeactivateEndpoint                 0x08003d08   Section        0  stm32f0xx_ll_usb.o(i.USB_DeactivateEndpoint)
    i.USB_DevConnect                         0x08003f6c   Section        0  stm32f0xx_ll_usb.o(i.USB_DevConnect)
    i.USB_DevInit                            0x08003f80   Section        0  stm32f0xx_ll_usb.o(i.USB_DevInit)
    i.USB_DisableGlobalInt                   0x08003fa0   Section        0  stm32f0xx_ll_usb.o(i.USB_DisableGlobalInt)
    i.USB_EP0_OutStart                       0x08003fb8   Section        0  stm32f0xx_ll_usb.o(i.USB_EP0_OutStart)
    i.USB_EPClearStall                       0x08003fc0   Section        0  stm32f0xx_ll_usb.o(i.USB_EPClearStall)
    i.USB_EPSetStall                         0x08004098   Section        0  stm32f0xx_ll_usb.o(i.USB_EPSetStall)
    i.USB_EPStartXfer                        0x080040f4   Section        0  stm32f0xx_ll_usb.o(i.USB_EPStartXfer)
    i.USB_EnableGlobalInt                    0x08004518   Section        0  stm32f0xx_ll_usb.o(i.USB_EnableGlobalInt)
    i.USB_IRQHandler                         0x08004530   Section        0  stm32f0xx_it.o(i.USB_IRQHandler)
    i.USB_ReadInterrupts                     0x08004540   Section        0  stm32f0xx_ll_usb.o(i.USB_ReadInterrupts)
    i.USB_ReadPMA                            0x08004548   Section        0  stm32f0xx_ll_usb.o(i.USB_ReadPMA)
    i.USB_SetDevAddress                      0x08004588   Section        0  stm32f0xx_ll_usb.o(i.USB_SetDevAddress)
    i.USB_WritePMA                           0x08004598   Section        0  stm32f0xx_ll_usb.o(i.USB_WritePMA)
    i.__ARM_common_ll_muluu                  0x080045d2   Section        0  stm32f0xx_hal_rcc.o(i.__ARM_common_ll_muluu)
    i.__ARM_common_switch8                   0x08004602   Section        0  stm32f0xx_hal_dma.o(i.__ARM_common_switch8)
    i.__NVIC_SetPriority                     0x08004620   Section        0  stm32f0xx_hal_cortex.o(i.__NVIC_SetPriority)
    __NVIC_SetPriority                       0x08004621   Thumb Code   110  stm32f0xx_hal_cortex.o(i.__NVIC_SetPriority)
    i.__scatterload_copy                     0x08004698   Section       14  handlers.o(i.__scatterload_copy)
    i.__scatterload_null                     0x080046a6   Section        2  handlers.o(i.__scatterload_null)
    i.__scatterload_zeroinit                 0x080046a8   Section       14  handlers.o(i.__scatterload_zeroinit)
    i._command_byte                          0x080046b6   Section        0  thorvald_packet.o(i._command_byte)
    _command_byte                            0x080046b7   Thumb Code    22  thorvald_packet.o(i._command_byte)
    i._parse_can_pkt                         0x080046cc   Section        0  thorvald_packet.o(i._parse_can_pkt)
    _parse_can_pkt                           0x080046cd   Thumb Code    74  thorvald_packet.o(i._parse_can_pkt)
    i.main                                   0x08004718   Section        0  main.o(i.main)
    i.thorvald_packet_parse                  0x080047a4   Section        0  thorvald_packet.o(i.thorvald_packet_parse)
    .constdata                               0x080047f0   Section       15  main.o(.constdata)
    .constdata                               0x080047ff   Section       24  system_stm32f0xx.o(.constdata)
    .data                                    0x20000000   Section       78  usbd_desc.o(.data)
    .data                                    0x20000050   Section       32  usbd_cdc_if.o(.data)
    .data                                    0x20000070   Section        9  stm32f0xx_hal.o(.data)
    .data                                    0x2000007c   Section        4  system_stm32f0xx.o(.data)
    .data                                    0x20000080   Section        1  usbd_ctlreq.o(.data)
    cfgidx                                   0x20000080   Data           1  usbd_ctlreq.o(.data)
    .data                                    0x20000084   Section      271  usbd_cdc.o(.data)
    USBD_CDC_DeviceQualifierDesc             0x20000084   Data          10  usbd_cdc.o(.data)
    .bss                                     0x20000194   Section       40  main.o(.bss)
    .bss                                     0x200001bc   Section       64  thorvald_packet.o(.bss)
    rxBuffer                                 0x200001bc   Data          64  thorvald_packet.o(.bss)
    .bss                                     0x200001fc   Section      708  usb_device.o(.bss)
    .bss                                     0x200004c0   Section      512  usbd_desc.o(.bss)
    .bss                                     0x200006c0   Section      128  usbd_cdc_if.o(.bss)
    .bss                                     0x20000740   Section     1172  usbd_conf.o(.bss)
    mem                                      0x200009b4   Data         544  usbd_conf.o(.bss)
    STACK                                    0x20000bd8   Section     1024  startup_stm32f072xb.o(STACK)

    Global Symbols

    Symbol Name                              Value     Ov Type        Size  Object(Section)

    BuildAttributes$$THM_ISAv3M$S$PE$A:L22$X:L11$S22$IEEE1$IW$USESV6$~STKCKD$USESV7$~SHL$OSPACE$EBA8$MICROLIB$REQ8$PRES8$EABIv2 0x00000000   Number         0  anon$$obj.o ABSOLUTE
    __ARM_use_no_argv                        0x00000000   Number         0  main.o ABSOLUTE
    __cpp_initialize__aeabi_                  - Undefined Weak Reference
    __cxa_finalize                            - Undefined Weak Reference
    _clock_init                               - Undefined Weak Reference
    _microlib_exit                            - Undefined Weak Reference
    __Vectors_Size                           0x000000c0   Number         0  startup_stm32f072xb.o ABSOLUTE
    __Vectors                                0x08000000   Data           4  startup_stm32f072xb.o(RESET)
    __Vectors_End                            0x080000c0   Data           0  startup_stm32f072xb.o(RESET)
    __main                                   0x080000c1   Thumb Code     0  entry.o(.ARM.Collect$$$$00000000)
    _main_stk                                0x080000c1   Thumb Code     0  entry2.o(.ARM.Collect$$$$00000001)
    _main_scatterload                        0x080000c5   Thumb Code     0  entry5.o(.ARM.Collect$$$$00000004)
    __main_after_scatterload                 0x080000c9   Thumb Code     0  entry5.o(.ARM.Collect$$$$00000004)
    _main_clock                              0x080000c9   Thumb Code     0  entry7b.o(.ARM.Collect$$$$00000008)
    _main_cpp_init                           0x080000c9   Thumb Code     0  entry8b.o(.ARM.Collect$$$$0000000A)
    _main_init                               0x080000c9   Thumb Code     0  entry9a.o(.ARM.Collect$$$$0000000B)
    __rt_final_cpp                           0x080000d1   Thumb Code     0  entry10a.o(.ARM.Collect$$$$0000000D)
    __rt_final_exit                          0x080000d1   Thumb Code     0  entry11a.o(.ARM.Collect$$$$0000000F)
    Reset_Handler                            0x080000d5   Thumb Code     8  startup_stm32f072xb.o(.text)
    ADC1_COMP_IRQHandler                     0x080000e7   Thumb Code     0  startup_stm32f072xb.o(.text)
    CEC_CAN_IRQHandler                       0x080000e7   Thumb Code     0  startup_stm32f072xb.o(.text)
    DMA1_Channel1_IRQHandler                 0x080000e7   Thumb Code     0  startup_stm32f072xb.o(.text)
    DMA1_Channel2_3_IRQHandler               0x080000e7   Thumb Code     0  startup_stm32f072xb.o(.text)
    DMA1_Channel4_5_6_7_IRQHandler           0x080000e7   Thumb Code     0  startup_stm32f072xb.o(.text)
    EXTI2_3_IRQHandler                       0x080000e7   Thumb Code     0  startup_stm32f072xb.o(.text)
    EXTI4_15_IRQHandler                      0x080000e7   Thumb Code     0  startup_stm32f072xb.o(.text)
    FLASH_IRQHandler                         0x080000e7   Thumb Code     0  startup_stm32f072xb.o(.text)
    I2C1_IRQHandler                          0x080000e7   Thumb Code     0  startup_stm32f072xb.o(.text)
    I2C2_IRQHandler                          0x080000e7   Thumb Code     0  startup_stm32f072xb.o(.text)
    PVD_VDDIO2_IRQHandler                    0x080000e7   Thumb Code     0  startup_stm32f072xb.o(.text)
    RCC_CRS_IRQHandler                       0x080000e7   Thumb Code     0  startup_stm32f072xb.o(.text)
    RTC_IRQHandler                           0x080000e7   Thumb Code     0  startup_stm32f072xb.o(.text)
    SPI1_IRQHandler                          0x080000e7   Thumb Code     0  startup_stm32f072xb.o(.text)
    SPI2_IRQHandler                          0x080000e7   Thumb Code     0  startup_stm32f072xb.o(.text)
    TIM14_IRQHandler                         0x080000e7   Thumb Code     0  startup_stm32f072xb.o(.text)
    TIM15_IRQHandler                         0x080000e7   Thumb Code     0  startup_stm32f072xb.o(.text)
    TIM16_IRQHandler                         0x080000e7   Thumb Code     0  startup_stm32f072xb.o(.text)
    TIM17_IRQHandler                         0x080000e7   Thumb Code     0  startup_stm32f072xb.o(.text)
    TIM1_BRK_UP_TRG_COM_IRQHandler           0x080000e7   Thumb Code     0  startup_stm32f072xb.o(.text)
    TIM1_CC_IRQHandler                       0x080000e7   Thumb Code     0  startup_stm32f072xb.o(.text)
    TIM2_IRQHandler                          0x080000e7   Thumb Code     0  startup_stm32f072xb.o(.text)
    TIM3_IRQHandler                          0x080000e7   Thumb Code     0  startup_stm32f072xb.o(.text)
    TIM6_DAC_IRQHandler                      0x080000e7   Thumb Code     0  startup_stm32f072xb.o(.text)
    TIM7_IRQHandler                          0x080000e7   Thumb Code     0  startup_stm32f072xb.o(.text)
    TSC_IRQHandler                           0x080000e7   Thumb Code     0  startup_stm32f072xb.o(.text)
    USART1_IRQHandler                        0x080000e7   Thumb Code     0  startup_stm32f072xb.o(.text)
    USART2_IRQHandler                        0x080000e7   Thumb Code     0  startup_stm32f072xb.o(.text)
    USART3_4_IRQHandler                      0x080000e7   Thumb Code     0  startup_stm32f072xb.o(.text)
    WWDG_IRQHandler                          0x080000e7   Thumb Code     0  startup_stm32f072xb.o(.text)
    __aeabi_uidiv                            0x080000f1   Thumb Code     0  uidiv.o(.text)
    __aeabi_uidivmod                         0x080000f1   Thumb Code    44  uidiv.o(.text)
    __aeabi_uldivmod                         0x0800011d   Thumb Code    96  uldiv.o(.text)
    __aeabi_llsr                             0x0800017d   Thumb Code    34  llushr.o(.text)
    _ll_ushift_r                             0x0800017d   Thumb Code     0  llushr.o(.text)
    __aeabi_memcpy                           0x0800019f   Thumb Code    36  memcpya.o(.text)
    __aeabi_memcpy4                          0x0800019f   Thumb Code     0  memcpya.o(.text)
    __aeabi_memcpy8                          0x0800019f   Thumb Code     0  memcpya.o(.text)
    __aeabi_memset                           0x080001c3   Thumb Code    14  memseta.o(.text)
    __aeabi_memset4                          0x080001c3   Thumb Code     0  memseta.o(.text)
    __aeabi_memset8                          0x080001c3   Thumb Code     0  memseta.o(.text)
    __aeabi_memclr                           0x080001d1   Thumb Code     4  memseta.o(.text)
    __aeabi_memclr4                          0x080001d1   Thumb Code     0  memseta.o(.text)
    __aeabi_memclr8                          0x080001d1   Thumb Code     0  memseta.o(.text)
    _memset$wrapper                          0x080001d5   Thumb Code    18  memseta.o(.text)
    strlen                                   0x080001e7   Thumb Code    14  strlen.o(.text)
    __aeabi_llsl                             0x080001f5   Thumb Code    32  llshl.o(.text)
    _ll_shift_l                              0x080001f5   Thumb Code     0  llshl.o(.text)
    __scatterload                            0x08000215   Thumb Code    28  init.o(.text)
    __scatterload_rt2                        0x08000215   Thumb Code     0  init.o(.text)
    __decompress                             0x08000239   Thumb Code     0  __dczerorl2.o(.text)
    __decompress1                            0x08000239   Thumb Code    86  __dczerorl2.o(.text)
    CDC_Transmit_FS                          0x08000379   Thumb Code    48  usbd_cdc_if.o(i.CDC_Transmit_FS)
    EXTI0_1_IRQHandler                       0x080003b1   Thumb Code    10  stm32f0xx_it.o(i.EXTI0_1_IRQHandler)
    Error_Handler                            0x080003bb   Thumb Code     2  main.o(i.Error_Handler)
    HAL_CAN_Init                             0x080003ed   Thumb Code   380  stm32f0xx_hal_can.o(i.HAL_CAN_Init)
    HAL_CAN_MspInit                          0x08000569   Thumb Code   118  stm32f0xx_hal_msp.o(i.HAL_CAN_MspInit)
    HAL_Delay                                0x080005ed   Thumb Code    38  stm32f0xx_hal.o(i.HAL_Delay)
    HAL_GPIO_EXTI_Callback                   0x08000619   Thumb Code    44  main.o(i.HAL_GPIO_EXTI_Callback)
    HAL_GPIO_EXTI_IRQHandler                 0x0800064d   Thumb Code    26  stm32f0xx_hal_gpio.o(i.HAL_GPIO_EXTI_IRQHandler)
    HAL_GPIO_Init                            0x0800066d   Thumb Code   474  stm32f0xx_hal_gpio.o(i.HAL_GPIO_Init)
    HAL_GPIO_TogglePin                       0x08000865   Thumb Code    18  stm32f0xx_hal_gpio.o(i.HAL_GPIO_TogglePin)
    HAL_GPIO_WritePin                        0x08000877   Thumb Code    12  stm32f0xx_hal_gpio.o(i.HAL_GPIO_WritePin)
    HAL_GetTick                              0x08000885   Thumb Code     6  stm32f0xx_hal.o(i.HAL_GetTick)
    HAL_IncTick                              0x08000891   Thumb Code    16  stm32f0xx_hal.o(i.HAL_IncTick)
    HAL_Init                                 0x080008a9   Thumb Code    28  stm32f0xx_hal.o(i.HAL_Init)
    HAL_InitTick                             0x080008c9   Thumb Code    70  stm32f0xx_hal.o(i.HAL_InitTick)
    HAL_MspInit                              0x0800091d   Thumb Code    60  stm32f0xx_hal_msp.o(i.HAL_MspInit)
    HAL_NVIC_EnableIRQ                       0x0800095d   Thumb Code    22  stm32f0xx_hal_cortex.o(i.HAL_NVIC_EnableIRQ)
    HAL_NVIC_SetPriority                     0x08000979   Thumb Code    18  stm32f0xx_hal_cortex.o(i.HAL_NVIC_SetPriority)
    HAL_PCDEx_ActivateLPM                    0x0800098b   Thumb Code    50  stm32f0xx_hal_pcd_ex.o(i.HAL_PCDEx_ActivateLPM)
    HAL_PCDEx_LPM_Callback                   0x080009bd   Thumb Code     2  stm32f0xx_hal_pcd_ex.o(i.HAL_PCDEx_LPM_Callback)
    HAL_PCDEx_PMAConfig                      0x080009bf   Thumb Code    62  stm32f0xx_hal_pcd_ex.o(i.HAL_PCDEx_PMAConfig)
    HAL_PCD_DataInStageCallback              0x080009fd   Thumb Code    30  usbd_conf.o(i.HAL_PCD_DataInStageCallback)
    HAL_PCD_DataOutStageCallback             0x08000a1b   Thumb Code    32  usbd_conf.o(i.HAL_PCD_DataOutStageCallback)
    HAL_PCD_EP_Close                         0x08000a3b   Thumb Code   108  stm32f0xx_hal_pcd.o(i.HAL_PCD_EP_Close)
    HAL_PCD_EP_ClrStall                      0x08000aa7   Thumb Code   126  stm32f0xx_hal_pcd.o(i.HAL_PCD_EP_ClrStall)
    HAL_PCD_EP_GetRxCount                    0x08000b25   Thumb Code    18  stm32f0xx_hal_pcd.o(i.HAL_PCD_EP_GetRxCount)
    HAL_PCD_EP_Open                          0x08000b37   Thumb Code   142  stm32f0xx_hal_pcd.o(i.HAL_PCD_EP_Open)
    HAL_PCD_EP_Receive                       0x08000bc5   Thumb Code    72  stm32f0xx_hal_pcd.o(i.HAL_PCD_EP_Receive)
    HAL_PCD_EP_SetStall                      0x08000c0d   Thumb Code   144  stm32f0xx_hal_pcd.o(i.HAL_PCD_EP_SetStall)
    HAL_PCD_EP_Transmit                      0x08000c9d   Thumb Code    72  stm32f0xx_hal_pcd.o(i.HAL_PCD_EP_Transmit)
    HAL_PCD_IRQHandler                       0x08000ce5   Thumb Code   508  stm32f0xx_hal_pcd.o(i.HAL_PCD_IRQHandler)
    HAL_PCD_Init                             0x08000ee5   Thumb Code   274  stm32f0xx_hal_pcd.o(i.HAL_PCD_Init)
    HAL_PCD_MspInit                          0x08000ff9   Thumb Code    62  usbd_conf.o(i.HAL_PCD_MspInit)
    HAL_PCD_ResetCallback                    0x08001041   Thumb Code    40  usbd_conf.o(i.HAL_PCD_ResetCallback)
    HAL_PCD_ResumeCallback                   0x08001069   Thumb Code    38  usbd_conf.o(i.HAL_PCD_ResumeCallback)
    HAL_PCD_SOFCallback                      0x08001095   Thumb Code    16  usbd_conf.o(i.HAL_PCD_SOFCallback)
    HAL_PCD_SetAddress                       0x080010a5   Thumb Code    66  stm32f0xx_hal_pcd.o(i.HAL_PCD_SetAddress)
    HAL_PCD_SetupStageCallback               0x080010e7   Thumb Code    22  usbd_conf.o(i.HAL_PCD_SetupStageCallback)
    HAL_PCD_Start                            0x080010fd   Thumb Code    64  stm32f0xx_hal_pcd.o(i.HAL_PCD_Start)
    HAL_PCD_SuspendCallback                  0x0800113d   Thumb Code    34  usbd_conf.o(i.HAL_PCD_SuspendCallback)
    HAL_RCCEx_PeriphCLKConfig                0x08001165   Thumb Code   406  stm32f0xx_hal_rcc_ex.o(i.HAL_RCCEx_PeriphCLKConfig)
    HAL_RCC_ClockConfig                      0x08001309   Thumb Code   366  stm32f0xx_hal_rcc.o(i.HAL_RCC_ClockConfig)
    HAL_RCC_GetSysClockFreq                  0x0800148d   Thumb Code   218  stm32f0xx_hal_rcc.o(i.HAL_RCC_GetSysClockFreq)
    HAL_RCC_OscConfig                        0x08001595   Thumb Code  1592  stm32f0xx_hal_rcc.o(i.HAL_RCC_OscConfig)
    HAL_SYSTICK_Config                       0x08001bd1   Thumb Code    46  stm32f0xx_hal_cortex.o(i.HAL_SYSTICK_Config)
    HardFault_Handler                        0x08001c09   Thumb Code     4  stm32f0xx_it.o(i.HardFault_Handler)
    MX_USB_DEVICE_Init                       0x08001dd1   Thumb Code    68  usb_device.o(i.MX_USB_DEVICE_Init)
    NMI_Handler                              0x08001e25   Thumb Code     2  stm32f0xx_it.o(i.NMI_Handler)
    PendSV_Handler                           0x08002201   Thumb Code     2  stm32f0xx_it.o(i.PendSV_Handler)
    SVC_Handler                              0x08002203   Thumb Code     2  stm32f0xx_it.o(i.SVC_Handler)
    SysTick_Handler                          0x08002205   Thumb Code     8  stm32f0xx_it.o(i.SysTick_Handler)
    SystemClock_Config                       0x08002215   Thumb Code   132  main.o(i.SystemClock_Config)
    SystemInit                               0x08002299   Thumb Code     2  system_stm32f0xx.o(i.SystemInit)
    USBD_CDC_GetDeviceQualifierDescriptor    0x08002409   Thumb Code    10  usbd_cdc.o(i.USBD_CDC_GetDeviceQualifierDescriptor)
    USBD_CDC_ReceivePacket                   0x0800251b   Thumb Code    72  usbd_cdc.o(i.USBD_CDC_ReceivePacket)
    USBD_CDC_RegisterInterface               0x08002563   Thumb Code    20  usbd_cdc.o(i.USBD_CDC_RegisterInterface)
    USBD_CDC_SetRxBuffer                     0x08002577   Thumb Code    20  usbd_cdc.o(i.USBD_CDC_SetRxBuffer)
    USBD_CDC_SetTxBuffer                     0x0800258b   Thumb Code    28  usbd_cdc.o(i.USBD_CDC_SetTxBuffer)
    USBD_CDC_TransmitPacket                  0x080026b9   Thumb Code    78  usbd_cdc.o(i.USBD_CDC_TransmitPacket)
    USBD_ClrClassConfig                      0x08002707   Thumb Code    26  usbd_core.o(i.USBD_ClrClassConfig)
    USBD_CtlContinueRx                       0x08002767   Thumb Code    24  usbd_ioreq.o(i.USBD_CtlContinueRx)
    USBD_CtlContinueSendData                 0x0800277f   Thumb Code    24  usbd_ioreq.o(i.USBD_CtlContinueSendData)
    USBD_CtlError                            0x08002797   Thumb Code    24  usbd_ctlreq.o(i.USBD_CtlError)
    USBD_CtlPrepareRx                        0x080027af   Thumb Code    44  usbd_ioreq.o(i.USBD_CtlPrepareRx)
    USBD_CtlReceiveStatus                    0x080027db   Thumb Code    28  usbd_ioreq.o(i.USBD_CtlReceiveStatus)
    USBD_CtlSendData                         0x080027f7   Thumb Code    38  usbd_ioreq.o(i.USBD_CtlSendData)
    USBD_CtlSendStatus                       0x0800281d   Thumb Code    30  usbd_ioreq.o(i.USBD_CtlSendStatus)
    USBD_FS_ConfigStrDescriptor              0x0800283d   Thumb Code    36  usbd_desc.o(i.USBD_FS_ConfigStrDescriptor)
    USBD_FS_DeviceDescriptor                 0x08002871   Thumb Code    10  usbd_desc.o(i.USBD_FS_DeviceDescriptor)
    USBD_FS_InterfaceStrDescriptor           0x08002881   Thumb Code    36  usbd_desc.o(i.USBD_FS_InterfaceStrDescriptor)
    USBD_FS_LangIDStrDescriptor              0x080028b9   Thumb Code    10  usbd_desc.o(i.USBD_FS_LangIDStrDescriptor)
    USBD_FS_ManufacturerStrDescriptor        0x080028c9   Thumb Code    20  usbd_desc.o(i.USBD_FS_ManufacturerStrDescriptor)
    USBD_FS_ProductStrDescriptor             0x080028f1   Thumb Code    36  usbd_desc.o(i.USBD_FS_ProductStrDescriptor)
    USBD_FS_SerialStrDescriptor              0x08002935   Thumb Code    18  usbd_desc.o(i.USBD_FS_SerialStrDescriptor)
    USBD_GetString                           0x08002c6f   Thumb Code    78  usbd_ctlreq.o(i.USBD_GetString)
    USBD_Init                                0x08002ceb   Thumb Code    72  usbd_core.o(i.USBD_Init)
    USBD_LL_ClearStallEP                     0x08002d33   Thumb Code    38  usbd_conf.o(i.USBD_LL_ClearStallEP)
    USBD_LL_CloseEP                          0x08002d59   Thumb Code    38  usbd_conf.o(i.USBD_LL_CloseEP)
    USBD_LL_DataInStage                      0x08002d7f   Thumb Code   310  usbd_core.o(i.USBD_LL_DataInStage)
    USBD_LL_DataOutStage                     0x08002eb5   Thumb Code   204  usbd_core.o(i.USBD_LL_DataOutStage)
    USBD_LL_GetRxDataSize                    0x08002f81   Thumb Code    22  usbd_conf.o(i.USBD_LL_GetRxDataSize)
    USBD_LL_Init                             0x08002f99   Thumb Code   154  usbd_conf.o(i.USBD_LL_Init)
    USBD_LL_IsStallEP                        0x08003041   Thumb Code    50  usbd_conf.o(i.USBD_LL_IsStallEP)
    USBD_LL_OpenEP                           0x08003073   Thumb Code    48  usbd_conf.o(i.USBD_LL_OpenEP)
    USBD_LL_PrepareReceive                   0x080030a3   Thumb Code    48  usbd_conf.o(i.USBD_LL_PrepareReceive)
    USBD_LL_Reset                            0x080030d3   Thumb Code   114  usbd_core.o(i.USBD_LL_Reset)
    USBD_LL_Resume                           0x08003145   Thumb Code    34  usbd_core.o(i.USBD_LL_Resume)
    USBD_LL_SOF                              0x08003167   Thumb Code    48  usbd_core.o(i.USBD_LL_SOF)
    USBD_LL_SetSpeed                         0x08003197   Thumb Code     8  usbd_core.o(i.USBD_LL_SetSpeed)
    USBD_LL_SetUSBAddress                    0x0800319f   Thumb Code    38  usbd_conf.o(i.USBD_LL_SetUSBAddress)
    USBD_LL_SetupStage                       0x080031c5   Thumb Code   140  usbd_core.o(i.USBD_LL_SetupStage)
    USBD_LL_StallEP                          0x08003251   Thumb Code    38  usbd_conf.o(i.USBD_LL_StallEP)
    USBD_LL_Start                            0x08003277   Thumb Code    34  usbd_conf.o(i.USBD_LL_Start)
    USBD_LL_Suspend                          0x08003299   Thumb Code    32  usbd_core.o(i.USBD_LL_Suspend)
    USBD_LL_Transmit                         0x080032b9   Thumb Code    48  usbd_conf.o(i.USBD_LL_Transmit)
    USBD_ParseSetupRequest                   0x080032e9   Thumb Code    40  usbd_ctlreq.o(i.USBD_ParseSetupRequest)
    USBD_RegisterClass                       0x08003311   Thumb Code    22  usbd_core.o(i.USBD_RegisterClass)
    USBD_RunTestMode                         0x08003327   Thumb Code     6  usbd_core.o(i.USBD_RunTestMode)
    USBD_SetClassConfig                      0x0800339d   Thumb Code    46  usbd_core.o(i.USBD_SetClassConfig)
    USBD_Start                               0x080034e1   Thumb Code    14  usbd_core.o(i.USBD_Start)
    USBD_StdDevReq                           0x080034ef   Thumb Code   168  usbd_ctlreq.o(i.USBD_StdDevReq)
    USBD_StdEPReq                            0x08003597   Thumb Code   598  usbd_ctlreq.o(i.USBD_StdEPReq)
    USBD_StdItfReq                           0x080037ed   Thumb Code   140  usbd_ctlreq.o(i.USBD_StdItfReq)
    USBD_static_free                         0x08003879   Thumb Code     2  usbd_conf.o(i.USBD_static_free)
    USBD_static_malloc                       0x0800387d   Thumb Code     6  usbd_conf.o(i.USBD_static_malloc)
    USB_ActivateEndpoint                     0x08003889   Thumb Code  1142  stm32f0xx_ll_usb.o(i.USB_ActivateEndpoint)
    USB_DeactivateEndpoint                   0x08003d09   Thumb Code   602  stm32f0xx_ll_usb.o(i.USB_DeactivateEndpoint)
    USB_DevConnect                           0x08003f6d   Thumb Code    20  stm32f0xx_ll_usb.o(i.USB_DevConnect)
    USB_DevInit                              0x08003f81   Thumb Code    32  stm32f0xx_ll_usb.o(i.USB_DevInit)
    USB_DisableGlobalInt                     0x08003fa1   Thumb Code    18  stm32f0xx_ll_usb.o(i.USB_DisableGlobalInt)
    USB_EP0_OutStart                         0x08003fb9   Thumb Code     6  stm32f0xx_ll_usb.o(i.USB_EP0_OutStart)
    USB_EPClearStall                         0x08003fc1   Thumb Code   206  stm32f0xx_ll_usb.o(i.USB_EPClearStall)
    USB_EPSetStall                           0x08004099   Thumb Code    84  stm32f0xx_ll_usb.o(i.USB_EPSetStall)
    USB_EPStartXfer                          0x080040f5   Thumb Code  1048  stm32f0xx_ll_usb.o(i.USB_EPStartXfer)
    USB_EnableGlobalInt                      0x08004519   Thumb Code    18  stm32f0xx_ll_usb.o(i.USB_EnableGlobalInt)
    USB_IRQHandler                           0x08004531   Thumb Code    10  stm32f0xx_it.o(i.USB_IRQHandler)
    USB_ReadInterrupts                       0x08004541   Thumb Code     8  stm32f0xx_ll_usb.o(i.USB_ReadInterrupts)
    USB_ReadPMA                              0x08004549   Thumb Code    64  stm32f0xx_ll_usb.o(i.USB_ReadPMA)
    USB_SetDevAddress                        0x08004589   Thumb Code    16  stm32f0xx_ll_usb.o(i.USB_SetDevAddress)
    USB_WritePMA                             0x08004599   Thumb Code    58  stm32f0xx_ll_usb.o(i.USB_WritePMA)
    __ARM_common_ll_muluu                    0x080045d3   Thumb Code    48  stm32f0xx_hal_rcc.o(i.__ARM_common_ll_muluu)
    __ARM_common_switch8                     0x08004603   Thumb Code    28  stm32f0xx_hal_dma.o(i.__ARM_common_switch8)
    __scatterload_copy                       0x08004699   Thumb Code    14  handlers.o(i.__scatterload_copy)
    __scatterload_null                       0x080046a7   Thumb Code     2  handlers.o(i.__scatterload_null)
    __scatterload_zeroinit                   0x080046a9   Thumb Code    14  handlers.o(i.__scatterload_zeroinit)
    main                                     0x08004719   Thumb Code    84  main.o(i.main)
    thorvald_packet_parse                    0x080047a5   Thumb Code    72  thorvald_packet.o(i.thorvald_packet_parse)
    AHBPrescTable                            0x080047ff   Data          16  system_stm32f0xx.o(.constdata)
    APBPrescTable                            0x0800480f   Data           8  system_stm32f0xx.o(.constdata)
    Region$$Table$$Base                      0x08004818   Number         0  anon$$obj.o(Region$$Table)
    Region$$Table$$Limit                     0x08004838   Number         0  anon$$obj.o(Region$$Table)
    FS_Desc                                  0x20000000   Data          28  usbd_desc.o(.data)
    USBD_FS_DeviceDesc                       0x2000001c   Data          18  usbd_desc.o(.data)
    USBD_LangIDDesc                          0x20000030   Data           4  usbd_desc.o(.data)
    USBD_StringSerial                        0x20000034   Data          26  usbd_desc.o(.data)
    lineCodingBuff                           0x20000050   Data           7  usbd_cdc_if.o(.data)
    LineCoding_t                             0x20000058   Data           8  usbd_cdc_if.o(.data)
    USBD_Interface_fops_FS                   0x20000060   Data          16  usbd_cdc_if.o(.data)
    uwTick                                   0x20000070   Data           4  stm32f0xx_hal.o(.data)
    uwTickPrio                               0x20000074   Data           4  stm32f0xx_hal.o(.data)
    uwTickFreq                               0x20000078   Data           1  stm32f0xx_hal.o(.data)
    SystemCoreClock                          0x2000007c   Data           4  system_stm32f0xx.o(.data)
    USBD_CDC                                 0x20000090   Data          56  usbd_cdc.o(.data)
    USBD_CDC_CfgHSDesc                       0x200000c8   Data          67  usbd_cdc.o(.data)
    USBD_CDC_CfgFSDesc                       0x2000010c   Data          67  usbd_cdc.o(.data)
    USBD_CDC_OtherSpeedCfgDesc               0x20000150   Data          67  usbd_cdc.o(.data)
    hcan                                     0x20000194   Data          40  main.o(.bss)
    hUsbDeviceFS                             0x200001fc   Data         708  usb_device.o(.bss)
    USBD_StrDesc                             0x200004c0   Data         512  usbd_desc.o(.bss)
    UserRxBufferFS                           0x200006c0   Data          64  usbd_cdc_if.o(.bss)
    UserTxBufferFS                           0x20000700   Data          64  usbd_cdc_if.o(.bss)
    hpcd_USB_FS                              0x20000740   Data         628  usbd_conf.o(.bss)
    __initial_sp                             0x20000fd8   Data           0  startup_stm32f072xb.o(STACK)



==============================================================================

Memory Map of the image

  Image Entry point : 0x080000c1

  Load Region LR_IROM1 (Base: 0x08000000, Size: 0x000049cc, Max: 0x00020000, ABSOLUTE, COMPRESSED[0x00004900])

    Execution Region ER_IROM1 (Exec base: 0x08000000, Load base: 0x08000000, Size: 0x00004838, Max: 0x00020000, ABSOLUTE)

    Exec Addr    Load Addr    Size         Type   Attr      Idx    E Section Name        Object

    0x08000000   0x08000000   0x000000c0   Data   RO            3    RESET               startup_stm32f072xb.o
    0x080000c0   0x080000c0   0x00000000   Code   RO         3352  * .ARM.Collect$$$$00000000  mc_p.l(entry.o)
    0x080000c0   0x080000c0   0x00000004   Code   RO         3369    .ARM.Collect$$$$00000001  mc_p.l(entry2.o)
    0x080000c4   0x080000c4   0x00000004   Code   RO         3372    .ARM.Collect$$$$00000004  mc_p.l(entry5.o)
    0x080000c8   0x080000c8   0x00000000   Code   RO         3374    .ARM.Collect$$$$00000008  mc_p.l(entry7b.o)
    0x080000c8   0x080000c8   0x00000000   Code   RO         3376    .ARM.Collect$$$$0000000A  mc_p.l(entry8b.o)
    0x080000c8   0x080000c8   0x00000008   Code   RO         3377    .ARM.Collect$$$$0000000B  mc_p.l(entry9a.o)
    0x080000d0   0x080000d0   0x00000000   Code   RO         3379    .ARM.Collect$$$$0000000D  mc_p.l(entry10a.o)
    0x080000d0   0x080000d0   0x00000000   Code   RO         3381    .ARM.Collect$$$$0000000F  mc_p.l(entry11a.o)
    0x080000d0   0x080000d0   0x00000004   Code   RO         3370    .ARM.Collect$$$$00002712  mc_p.l(entry2.o)
    0x080000d4   0x080000d4   0x0000001c   Code   RO            4    .text               startup_stm32f072xb.o
    0x080000f0   0x080000f0   0x0000002c   Code   RO         3355    .text               mc_p.l(uidiv.o)
    0x0800011c   0x0800011c   0x00000060   Code   RO         3357    .text               mc_p.l(uldiv.o)
    0x0800017c   0x0800017c   0x00000022   Code   RO         3359    .text               mc_p.l(llushr.o)
    0x0800019e   0x0800019e   0x00000024   Code   RO         3361    .text               mc_p.l(memcpya.o)
    0x080001c2   0x080001c2   0x00000024   Code   RO         3363    .text               mc_p.l(memseta.o)
    0x080001e6   0x080001e6   0x0000000e   Code   RO         3365    .text               mc_p.l(strlen.o)
    0x080001f4   0x080001f4   0x00000020   Code   RO         3383    .text               mc_p.l(llshl.o)
    0x08000214   0x08000214   0x00000024   Code   RO         3385    .text               mc_p.l(init.o)
    0x08000238   0x08000238   0x00000056   Code   RO         3395    .text               mc_p.l(__dczerorl2.o)
    0x0800028e   0x0800028e   0x00000002   PAD
    0x08000290   0x08000290   0x000000a4   Code   RO          441    i.CDC_Control_FS    usbd_cdc_if.o
    0x08000334   0x08000334   0x00000004   Code   RO          442    i.CDC_DeInit_FS     usbd_cdc_if.o
    0x08000338   0x08000338   0x00000024   Code   RO          443    i.CDC_Init_FS       usbd_cdc_if.o
    0x0800035c   0x0800035c   0x0000001c   Code   RO          444    i.CDC_Receive_FS    usbd_cdc_if.o
    0x08000378   0x08000378   0x00000038   Code   RO          445    i.CDC_Transmit_FS   usbd_cdc_if.o
    0x080003b0   0x080003b0   0x0000000a   Code   RO          198    i.EXTI0_1_IRQHandler  stm32f0xx_it.o
    0x080003ba   0x080003ba   0x00000002   Code   RO           12    i.Error_Handler     main.o
    0x080003bc   0x080003bc   0x00000030   Code   RO          362    i.Get_SerialNum     usbd_desc.o
    0x080003ec   0x080003ec   0x0000017c   Code   RO         2695    i.HAL_CAN_Init      stm32f0xx_hal_can.o
    0x08000568   0x08000568   0x00000084   Code   RO          259    i.HAL_CAN_MspInit   stm32f0xx_hal_msp.o
    0x080005ec   0x080005ec   0x0000002c   Code   RO         1348    i.HAL_Delay         stm32f0xx_hal.o
    0x08000618   0x08000618   0x00000034   Code   RO           13    i.HAL_GPIO_EXTI_Callback  main.o
    0x0800064c   0x0800064c   0x00000020   Code   RO         2006    i.HAL_GPIO_EXTI_IRQHandler  stm32f0xx_hal_gpio.o
    0x0800066c   0x0800066c   0x000001f8   Code   RO         2007    i.HAL_GPIO_Init     stm32f0xx_hal_gpio.o
    0x08000864   0x08000864   0x00000012   Code   RO         2010    i.HAL_GPIO_TogglePin  stm32f0xx_hal_gpio.o
    0x08000876   0x08000876   0x0000000c   Code   RO         2011    i.HAL_GPIO_WritePin  stm32f0xx_hal_gpio.o
    0x08000882   0x08000882   0x00000002   PAD
    0x08000884   0x08000884   0x0000000c   Code   RO         1352    i.HAL_GetTick       stm32f0xx_hal.o
    0x08000890   0x08000890   0x00000018   Code   RO         1358    i.HAL_IncTick       stm32f0xx_hal.o
    0x080008a8   0x080008a8   0x00000020   Code   RO         1359    i.HAL_Init          stm32f0xx_hal.o
    0x080008c8   0x080008c8   0x00000054   Code   RO         1360    i.HAL_InitTick      stm32f0xx_hal.o
    0x0800091c   0x0800091c   0x00000040   Code   RO          260    i.HAL_MspInit       stm32f0xx_hal_msp.o
    0x0800095c   0x0800095c   0x0000001c   Code   RO         2166    i.HAL_NVIC_EnableIRQ  stm32f0xx_hal_cortex.o
    0x08000978   0x08000978   0x00000012   Code   RO         2170    i.HAL_NVIC_SetPriority  stm32f0xx_hal_cortex.o
    0x0800098a   0x0800098a   0x00000032   Code   RO         1102    i.HAL_PCDEx_ActivateLPM  stm32f0xx_hal_pcd_ex.o
    0x080009bc   0x080009bc   0x00000002   Code   RO         1107    i.HAL_PCDEx_LPM_Callback  stm32f0xx_hal_pcd_ex.o
    0x080009be   0x080009be   0x0000003e   Code   RO         1108    i.HAL_PCDEx_PMAConfig  stm32f0xx_hal_pcd_ex.o
    0x080009fc   0x080009fc   0x0000001e   Code   RO          490    i.HAL_PCD_DataInStageCallback  usbd_conf.o
    0x08000a1a   0x08000a1a   0x00000020   Code   RO          491    i.HAL_PCD_DataOutStageCallback  usbd_conf.o
    0x08000a3a   0x08000a3a   0x0000006c   Code   RO          899    i.HAL_PCD_EP_Close  stm32f0xx_hal_pcd.o
    0x08000aa6   0x08000aa6   0x0000007e   Code   RO          900    i.HAL_PCD_EP_ClrStall  stm32f0xx_hal_pcd.o
    0x08000b24   0x08000b24   0x00000012   Code   RO          902    i.HAL_PCD_EP_GetRxCount  stm32f0xx_hal_pcd.o
    0x08000b36   0x08000b36   0x0000008e   Code   RO          903    i.HAL_PCD_EP_Open   stm32f0xx_hal_pcd.o
    0x08000bc4   0x08000bc4   0x00000048   Code   RO          904    i.HAL_PCD_EP_Receive  stm32f0xx_hal_pcd.o
    0x08000c0c   0x08000c0c   0x00000090   Code   RO          905    i.HAL_PCD_EP_SetStall  stm32f0xx_hal_pcd.o
    0x08000c9c   0x08000c9c   0x00000048   Code   RO          906    i.HAL_PCD_EP_Transmit  stm32f0xx_hal_pcd.o
    0x08000ce4   0x08000ce4   0x00000200   Code   RO          908    i.HAL_PCD_IRQHandler  stm32f0xx_hal_pcd.o
    0x08000ee4   0x08000ee4   0x00000112   Code   RO          911    i.HAL_PCD_Init      stm32f0xx_hal_pcd.o
    0x08000ff6   0x08000ff6   0x00000002   PAD
    0x08000ff8   0x08000ff8   0x00000048   Code   RO          496    i.HAL_PCD_MspInit   usbd_conf.o
    0x08001040   0x08001040   0x00000028   Code   RO          497    i.HAL_PCD_ResetCallback  usbd_conf.o
    0x08001068   0x08001068   0x0000002c   Code   RO          498    i.HAL_PCD_ResumeCallback  usbd_conf.o
    0x08001094   0x08001094   0x00000010   Code   RO          499    i.HAL_PCD_SOFCallback  usbd_conf.o
    0x080010a4   0x080010a4   0x00000042   Code   RO          917    i.HAL_PCD_SetAddress  stm32f0xx_hal_pcd.o
    0x080010e6   0x080010e6   0x00000016   Code   RO          500    i.HAL_PCD_SetupStageCallback  usbd_conf.o
    0x080010fc   0x080010fc   0x00000040   Code   RO          919    i.HAL_PCD_Start     stm32f0xx_hal_pcd.o
    0x0800113c   0x0800113c   0x00000028   Code   RO          501    i.HAL_PCD_SuspendCallback  usbd_conf.o
    0x08001164   0x08001164   0x000001a4   Code   RO         1268    i.HAL_RCCEx_PeriphCLKConfig  stm32f0xx_hal_rcc_ex.o
    0x08001308   0x08001308   0x00000184   Code   RO         1164    i.HAL_RCC_ClockConfig  stm32f0xx_hal_rcc.o
    0x0800148c   0x0800148c   0x00000108   Code   RO         1172    i.HAL_RCC_GetSysClockFreq  stm32f0xx_hal_rcc.o
    0x08001594   0x08001594   0x0000063c   Code   RO         1175    i.HAL_RCC_OscConfig  stm32f0xx_hal_rcc.o
    0x08001bd0   0x08001bd0   0x00000038   Code   RO         2174    i.HAL_SYSTICK_Config  stm32f0xx_hal_cortex.o
    0x08001c08   0x08001c08   0x00000004   Code   RO          199    i.HardFault_Handler  stm32f0xx_it.o
    0x08001c0c   0x08001c0c   0x00000036   Code   RO          363    i.IntToUnicode      usbd_desc.o
    0x08001c42   0x08001c42   0x00000002   PAD
    0x08001c44   0x08001c44   0x0000003c   Code   RO           14    i.MX_CAN_Init       main.o
    0x08001c80   0x08001c80   0x00000150   Code   RO           15    i.MX_GPIO_Init      main.o
    0x08001dd0   0x08001dd0   0x00000054   Code   RO          335    i.MX_USB_DEVICE_Init  usb_device.o
    0x08001e24   0x08001e24   0x00000002   Code   RO          200    i.NMI_Handler       stm32f0xx_it.o
    0x08001e26   0x08001e26   0x00000002   PAD
    0x08001e28   0x08001e28   0x000003d8   Code   RO          922    i.PCD_EP_ISR_Handler  stm32f0xx_hal_pcd.o
    0x08002200   0x08002200   0x00000002   Code   RO          201    i.PendSV_Handler    stm32f0xx_it.o
    0x08002202   0x08002202   0x00000002   Code   RO          202    i.SVC_Handler       stm32f0xx_it.o
    0x08002204   0x08002204   0x00000008   Code   RO          203    i.SysTick_Handler   stm32f0xx_it.o
    0x0800220c   0x0800220c   0x00000008   Code   RO          502    i.SystemClockConfig_Resume  usbd_conf.o
    0x08002214   0x08002214   0x00000084   Code   RO           16    i.SystemClock_Config  main.o
    0x08002298   0x08002298   0x00000002   Code   RO         2940    i.SystemInit        system_stm32f0xx.o
    0x0800229a   0x0800229a   0x0000007a   Code   RO         3253    i.USBD_CDC_DataIn   usbd_cdc.o
    0x08002314   0x08002314   0x00000048   Code   RO         3254    i.USBD_CDC_DataOut  usbd_cdc.o
    0x0800235c   0x0800235c   0x00000062   Code   RO         3255    i.USBD_CDC_DeInit   usbd_cdc.o
    0x080023be   0x080023be   0x00000002   PAD
    0x080023c0   0x080023c0   0x00000048   Code   RO         3256    i.USBD_CDC_EP0_RxReady  usbd_cdc.o
    0x08002408   0x08002408   0x00000010   Code   RO         3257    i.USBD_CDC_GetDeviceQualifierDescriptor  usbd_cdc.o
    0x08002418   0x08002418   0x00000010   Code   RO         3258    i.USBD_CDC_GetFSCfgDesc  usbd_cdc.o
    0x08002428   0x08002428   0x00000010   Code   RO         3259    i.USBD_CDC_GetHSCfgDesc  usbd_cdc.o
    0x08002438   0x08002438   0x00000010   Code   RO         3260    i.USBD_CDC_GetOtherSpeedCfgDesc  usbd_cdc.o
    0x08002448   0x08002448   0x000000d2   Code   RO         3261    i.USBD_CDC_Init     usbd_cdc.o
    0x0800251a   0x0800251a   0x00000048   Code   RO         3262    i.USBD_CDC_ReceivePacket  usbd_cdc.o
    0x08002562   0x08002562   0x00000014   Code   RO         3263    i.USBD_CDC_RegisterInterface  usbd_cdc.o
    0x08002576   0x08002576   0x00000014   Code   RO         3264    i.USBD_CDC_SetRxBuffer  usbd_cdc.o
    0x0800258a   0x0800258a   0x0000001c   Code   RO         3265    i.USBD_CDC_SetTxBuffer  usbd_cdc.o
    0x080025a6   0x080025a6   0x00000112   Code   RO         3266    i.USBD_CDC_Setup    usbd_cdc.o
    0x080026b8   0x080026b8   0x0000004e   Code   RO         3267    i.USBD_CDC_TransmitPacket  usbd_cdc.o
    0x08002706   0x08002706   0x0000001a   Code   RO         2972    i.USBD_ClrClassConfig  usbd_core.o
    0x08002720   0x08002720   0x00000046   Code   RO         3106    i.USBD_ClrFeature   usbd_ctlreq.o
    0x08002766   0x08002766   0x00000018   Code   RO         3197    i.USBD_CtlContinueRx  usbd_ioreq.o
    0x0800277e   0x0800277e   0x00000018   Code   RO         3198    i.USBD_CtlContinueSendData  usbd_ioreq.o
    0x08002796   0x08002796   0x00000018   Code   RO         3107    i.USBD_CtlError     usbd_ctlreq.o
    0x080027ae   0x080027ae   0x0000002c   Code   RO         3199    i.USBD_CtlPrepareRx  usbd_ioreq.o
    0x080027da   0x080027da   0x0000001c   Code   RO         3200    i.USBD_CtlReceiveStatus  usbd_ioreq.o
    0x080027f6   0x080027f6   0x00000026   Code   RO         3201    i.USBD_CtlSendData  usbd_ioreq.o
    0x0800281c   0x0800281c   0x0000001e   Code   RO         3202    i.USBD_CtlSendStatus  usbd_ioreq.o
    0x0800283a   0x0800283a   0x00000002   PAD
    0x0800283c   0x0800283c   0x00000034   Code   RO          364    i.USBD_FS_ConfigStrDescriptor  usbd_desc.o
    0x08002870   0x08002870   0x00000010   Code   RO          365    i.USBD_FS_DeviceDescriptor  usbd_desc.o
    0x08002880   0x08002880   0x00000038   Code   RO          366    i.USBD_FS_InterfaceStrDescriptor  usbd_desc.o
    0x080028b8   0x080028b8   0x00000010   Code   RO          367    i.USBD_FS_LangIDStrDescriptor  usbd_desc.o
    0x080028c8   0x080028c8   0x00000028   Code   RO          368    i.USBD_FS_ManufacturerStrDescriptor  usbd_desc.o
    0x080028f0   0x080028f0   0x00000044   Code   RO          369    i.USBD_FS_ProductStrDescriptor  usbd_desc.o
    0x08002934   0x08002934   0x00000018   Code   RO          370    i.USBD_FS_SerialStrDescriptor  usbd_desc.o
    0x0800294c   0x0800294c   0x0000005a   Code   RO         3108    i.USBD_GetConfig    usbd_ctlreq.o
    0x080029a6   0x080029a6   0x00000250   Code   RO         3109    i.USBD_GetDescriptor  usbd_ctlreq.o
    0x08002bf6   0x08002bf6   0x00000014   Code   RO         3110    i.USBD_GetLen       usbd_ctlreq.o
    0x08002c0a   0x08002c0a   0x00000064   Code   RO         3111    i.USBD_GetStatus    usbd_ctlreq.o
    0x08002c6e   0x08002c6e   0x0000004e   Code   RO         3112    i.USBD_GetString    usbd_ctlreq.o
    0x08002cbc   0x08002cbc   0x0000002e   Code   RO          503    i.USBD_Get_USB_Status  usbd_conf.o
    0x08002cea   0x08002cea   0x00000048   Code   RO         2974    i.USBD_Init         usbd_core.o
    0x08002d32   0x08002d32   0x00000026   Code   RO          504    i.USBD_LL_ClearStallEP  usbd_conf.o
    0x08002d58   0x08002d58   0x00000026   Code   RO          505    i.USBD_LL_CloseEP   usbd_conf.o
    0x08002d7e   0x08002d7e   0x00000136   Code   RO         2975    i.USBD_LL_DataInStage  usbd_core.o
    0x08002eb4   0x08002eb4   0x000000cc   Code   RO         2976    i.USBD_LL_DataOutStage  usbd_core.o
    0x08002f80   0x08002f80   0x00000016   Code   RO          509    i.USBD_LL_GetRxDataSize  usbd_conf.o
    0x08002f96   0x08002f96   0x00000002   PAD
    0x08002f98   0x08002f98   0x000000a8   Code   RO          510    i.USBD_LL_Init      usbd_conf.o
    0x08003040   0x08003040   0x00000032   Code   RO          511    i.USBD_LL_IsStallEP  usbd_conf.o
    0x08003072   0x08003072   0x00000030   Code   RO          512    i.USBD_LL_OpenEP    usbd_conf.o
    0x080030a2   0x080030a2   0x00000030   Code   RO          513    i.USBD_LL_PrepareReceive  usbd_conf.o
    0x080030d2   0x080030d2   0x00000072   Code   RO         2981    i.USBD_LL_Reset     usbd_core.o
    0x08003144   0x08003144   0x00000022   Code   RO         2982    i.USBD_LL_Resume    usbd_core.o
    0x08003166   0x08003166   0x00000030   Code   RO         2983    i.USBD_LL_SOF       usbd_core.o
    0x08003196   0x08003196   0x00000008   Code   RO         2984    i.USBD_LL_SetSpeed  usbd_core.o
    0x0800319e   0x0800319e   0x00000026   Code   RO          514    i.USBD_LL_SetUSBAddress  usbd_conf.o
    0x080031c4   0x080031c4   0x0000008c   Code   RO         2985    i.USBD_LL_SetupStage  usbd_core.o
    0x08003250   0x08003250   0x00000026   Code   RO          515    i.USBD_LL_StallEP   usbd_conf.o
    0x08003276   0x08003276   0x00000022   Code   RO          516    i.USBD_LL_Start     usbd_conf.o
    0x08003298   0x08003298   0x00000020   Code   RO         2986    i.USBD_LL_Suspend   usbd_core.o
    0x080032b8   0x080032b8   0x00000030   Code   RO          518    i.USBD_LL_Transmit  usbd_conf.o
    0x080032e8   0x080032e8   0x00000028   Code   RO         3113    i.USBD_ParseSetupRequest  usbd_ctlreq.o
    0x08003310   0x08003310   0x00000016   Code   RO         2987    i.USBD_RegisterClass  usbd_core.o
    0x08003326   0x08003326   0x00000006   Code   RO         2988    i.USBD_RunTestMode  usbd_core.o
    0x0800332c   0x0800332c   0x00000070   Code   RO         3114    i.USBD_SetAddress   usbd_ctlreq.o
    0x0800339c   0x0800339c   0x0000002e   Code   RO         2989    i.USBD_SetClassConfig  usbd_core.o
    0x080033ca   0x080033ca   0x00000002   PAD
    0x080033cc   0x080033cc   0x000000f8   Code   RO         3115    i.USBD_SetConfig    usbd_ctlreq.o
    0x080034c4   0x080034c4   0x0000001c   Code   RO         3116    i.USBD_SetFeature   usbd_ctlreq.o
    0x080034e0   0x080034e0   0x0000000e   Code   RO         2990    i.USBD_Start        usbd_core.o
    0x080034ee   0x080034ee   0x000000a8   Code   RO         3117    i.USBD_StdDevReq    usbd_ctlreq.o
    0x08003596   0x08003596   0x00000256   Code   RO         3118    i.USBD_StdEPReq     usbd_ctlreq.o
    0x080037ec   0x080037ec   0x0000008c   Code   RO         3119    i.USBD_StdItfReq    usbd_ctlreq.o
    0x08003878   0x08003878   0x00000002   Code   RO          519    i.USBD_static_free  usbd_conf.o
    0x0800387a   0x0800387a   0x00000002   PAD
    0x0800387c   0x0800387c   0x0000000c   Code   RO          520    i.USBD_static_malloc  usbd_conf.o
    0x08003888   0x08003888   0x00000480   Code   RO          696    i.USB_ActivateEndpoint  stm32f0xx_ll_usb.o
    0x08003d08   0x08003d08   0x00000264   Code   RO          701    i.USB_DeactivateEndpoint  stm32f0xx_ll_usb.o
    0x08003f6c   0x08003f6c   0x00000014   Code   RO          702    i.USB_DevConnect    stm32f0xx_ll_usb.o
    0x08003f80   0x08003f80   0x00000020   Code   RO          704    i.USB_DevInit       stm32f0xx_ll_usb.o
    0x08003fa0   0x08003fa0   0x00000018   Code   RO          705    i.USB_DisableGlobalInt  stm32f0xx_ll_usb.o
    0x08003fb8   0x08003fb8   0x00000006   Code   RO          706    i.USB_EP0_OutStart  stm32f0xx_ll_usb.o
    0x08003fbe   0x08003fbe   0x00000002   PAD
    0x08003fc0   0x08003fc0   0x000000d8   Code   RO          707    i.USB_EPClearStall  stm32f0xx_ll_usb.o
    0x08004098   0x08004098   0x0000005c   Code   RO          708    i.USB_EPSetStall    stm32f0xx_ll_usb.o
    0x080040f4   0x080040f4   0x00000424   Code   RO          709    i.USB_EPStartXfer   stm32f0xx_ll_usb.o
    0x08004518   0x08004518   0x00000018   Code   RO          710    i.USB_EnableGlobalInt  stm32f0xx_ll_usb.o
    0x08004530   0x08004530   0x00000010   Code   RO          204    i.USB_IRQHandler    stm32f0xx_it.o
    0x08004540   0x08004540   0x00000008   Code   RO          717    i.USB_ReadInterrupts  stm32f0xx_ll_usb.o
    0x08004548   0x08004548   0x00000040   Code   RO          718    i.USB_ReadPMA       stm32f0xx_ll_usb.o
    0x08004588   0x08004588   0x00000010   Code   RO          721    i.USB_SetDevAddress  stm32f0xx_ll_usb.o
    0x08004598   0x08004598   0x0000003a   Code   RO          724    i.USB_WritePMA      stm32f0xx_ll_usb.o
    0x080045d2   0x080045d2   0x00000030   Code   RO         1250    i.__ARM_common_ll_muluu  stm32f0xx_hal_rcc.o
    0x08004602   0x08004602   0x0000001c   Code   RO         2157    i.__ARM_common_switch8  stm32f0xx_hal_dma.o
    0x0800461e   0x0800461e   0x00000002   PAD
    0x08004620   0x08004620   0x00000078   Code   RO         2176    i.__NVIC_SetPriority  stm32f0xx_hal_cortex.o
    0x08004698   0x08004698   0x0000000e   Code   RO         3389    i.__scatterload_copy  mc_p.l(handlers.o)
    0x080046a6   0x080046a6   0x00000002   Code   RO         3390    i.__scatterload_null  mc_p.l(handlers.o)
    0x080046a8   0x080046a8   0x0000000e   Code   RO         3391    i.__scatterload_zeroinit  mc_p.l(handlers.o)
    0x080046b6   0x080046b6   0x00000016   Code   RO          290    i._command_byte     thorvald_packet.o
    0x080046cc   0x080046cc   0x0000004a   Code   RO          291    i._parse_can_pkt    thorvald_packet.o
    0x08004716   0x08004716   0x00000002   PAD
    0x08004718   0x08004718   0x0000008c   Code   RO           17    i.main              main.o
    0x080047a4   0x080047a4   0x0000004c   Code   RO          292    i.thorvald_packet_parse  thorvald_packet.o
    0x080047f0   0x080047f0   0x0000000f   Data   RO           19    .constdata          main.o
    0x080047ff   0x080047ff   0x00000018   Data   RO         2941    .constdata          system_stm32f0xx.o
    0x08004817   0x08004817   0x00000001   PAD
    0x08004818   0x08004818   0x00000020   Data   RO         3387    Region$$Table       anon$$obj.o


    Execution Region RW_IRAM1 (Exec base: 0x20000000, Load base: 0x08004838, Size: 0x00000fd8, Max: 0x00004000, ABSOLUTE, COMPRESSED[0x000000c8])

    Exec Addr    Load Addr    Size         Type   Attr      Idx    E Section Name        Object

    0x20000000   COMPRESSED   0x0000004e   Data   RW          372    .data               usbd_desc.o
    0x2000004e   COMPRESSED   0x00000002   PAD
    0x20000050   COMPRESSED   0x00000020   Data   RW          447    .data               usbd_cdc_if.o
    0x20000070   COMPRESSED   0x00000009   Data   RW         1366    .data               stm32f0xx_hal.o
    0x20000079   COMPRESSED   0x00000003   PAD
    0x2000007c   COMPRESSED   0x00000004   Data   RW         2942    .data               system_stm32f0xx.o
    0x20000080   COMPRESSED   0x00000001   Data   RW         3120    .data               usbd_ctlreq.o
    0x20000081   COMPRESSED   0x00000003   PAD
    0x20000084   COMPRESSED   0x0000010f   Data   RW         3268    .data               usbd_cdc.o
    0x20000193   COMPRESSED   0x00000001   PAD
    0x20000194        -       0x00000028   Zero   RW           18    .bss                main.o
    0x200001bc        -       0x00000040   Zero   RW          293    .bss                thorvald_packet.o
    0x200001fc        -       0x000002c4   Zero   RW          336    .bss                usb_device.o
    0x200004c0        -       0x00000200   Zero   RW          371    .bss                usbd_desc.o
    0x200006c0        -       0x00000080   Zero   RW          446    .bss                usbd_cdc_if.o
    0x20000740        -       0x00000494   Zero   RW          521    .bss                usbd_conf.o
    0x20000bd4   COMPRESSED   0x00000004   PAD
    0x20000bd8        -       0x00000400   Zero   RW            1    STACK               startup_stm32f072xb.o


==============================================================================

Image component sizes


      Code (inc. data)   RO Data    RW Data    ZI Data      Debug   Object Name

       722         98         15          0         40     470796   main.o
        28          8        192          0       1024        620   startup_stm32f072xb.o
       196         38          0          9          0       8457   stm32f0xx_hal.o
       380          0          0          0          0       1291   stm32f0xx_hal_can.o
       222         26          0          0          0      10305   stm32f0xx_hal_cortex.o
        28          0          0          0          0         76   stm32f0xx_hal_dma.o
       566         36          0          0          0       3344   stm32f0xx_hal_gpio.o
       196         18          0          0          0       1492   stm32f0xx_hal_msp.o
      2582         22          0          0          0      10425   stm32f0xx_hal_pcd.o
       114          0          0          0          0       2323   stm32f0xx_hal_pcd_ex.o
      2296         84          0          0          0       4184   stm32f0xx_hal_rcc.o
       420         14          0          0          0       1516   stm32f0xx_hal_rcc_ex.o
        44          6          0          0          0       2981   stm32f0xx_it.o
      3384         82          0          0          0      14935   stm32f0xx_ll_usb.o
         2          0         24          4          0       1087   system_stm32f0xx.o
       172          4          0          0         64       2684   thorvald_packet.o
        84         16          0          0        708        740   usb_device.o
      1130         28          0        271          0      12754   usbd_cdc.o
       288         28          0         32        128       3668   usbd_cdc_if.o
       934         42          0          0       1172      14390   usbd_conf.o
      1076          0          0          0          0       9723   usbd_core.o
      2308         34          0          1          0      10492   usbd_ctlreq.o
       374        114          0         78        512       6461   usbd_desc.o
       188          0          0          0          0       4436   usbd_ioreq.o

    ----------------------------------------------------------------------
     17758        698        264        404       3652     599180   Object Totals
         0          0         32          0          0          0   (incl. Generated)
        24          0          1          9          4          0   (incl. Padding)

    ----------------------------------------------------------------------

      Code (inc. data)   RO Data    RW Data    ZI Data      Debug   Library Member Name

        86          0          0          0          0          0   __dczerorl2.o
         0          0          0          0          0          0   entry.o
         0          0          0          0          0          0   entry10a.o
         0          0          0          0          0          0   entry11a.o
         8          4          0          0          0          0   entry2.o
         4          0          0          0          0          0   entry5.o
         0          0          0          0          0          0   entry7b.o
         0          0          0          0          0          0   entry8b.o
         8          4          0          0          0          0   entry9a.o
        30          0          0          0          0          0   handlers.o
        36          8          0          0          0         68   init.o
        32          0          0          0          0         68   llshl.o
        34          0          0          0          0         68   llushr.o
        36          0          0          0          0         60   memcpya.o
        36          0          0          0          0        100   memseta.o
        14          0          0          0          0         60   strlen.o
        44          0          0          0          0         72   uidiv.o
        96          0          0          0          0         84   uldiv.o

    ----------------------------------------------------------------------
       466         16          0          0          0        580   Library Totals
         2          0          0          0          0          0   (incl. Padding)

    ----------------------------------------------------------------------

      Code (inc. data)   RO Data    RW Data    ZI Data      Debug   Library Name

       464         16          0          0          0        580   mc_p.l

    ----------------------------------------------------------------------
       466         16          0          0          0        580   Library Totals

    ----------------------------------------------------------------------

==============================================================================


      Code (inc. data)   RO Data    RW Data    ZI Data      Debug   

     18224        714        264        404       3652     593208   Grand Totals
     18224        714        264        200       3652     593208   ELF Image Totals (compressed)
     18224        714        264        200          0          0   ROM Totals

==============================================================================

    Total RO  Size (Code + RO Data)                18488 (  18.05kB)
    Total RW  Size (RW Data + ZI Data)              4056 (   3.96kB)
    Total ROM Size (Code + RO Data + RW Data)      18688 (  18.25kB)

==============================================================================

